Archive member included because of file (symbol)

d:/downloads/dave_4-4-2_64bit_2018-02-23/dave-ide-4.4.2-64bit/dave-ide-4.4.2-64bit/eclipse/arm-gcc-49/bin/../lib/gcc/arm-none-eabi/4.9.3/armv6-m\libgcc.a(_fixunssfsi.o)
                              ./Libraries/XMCLib/src/xmc_usic.o (__aeabi_f2uiz)
d:/downloads/dave_4-4-2_64bit_2018-02-23/dave-ide-4.4.2-64bit/dave-ide-4.4.2-64bit/eclipse/arm-gcc-49/bin/../lib/gcc/arm-none-eabi/4.9.3/armv6-m\libgcc.a(divsf3.o)
                              ./Libraries/XMCLib/src/xmc_usic.o (__aeabi_fdiv)
d:/downloads/dave_4-4-2_64bit_2018-02-23/dave-ide-4.4.2-64bit/dave-ide-4.4.2-64bit/eclipse/arm-gcc-49/bin/../lib/gcc/arm-none-eabi/4.9.3/armv6-m\libgcc.a(mulsf3.o)
                              ./Libraries/XMCLib/src/xmc_usic.o (__aeabi_fmul)
d:/downloads/dave_4-4-2_64bit_2018-02-23/dave-ide-4.4.2-64bit/dave-ide-4.4.2-64bit/eclipse/arm-gcc-49/bin/../lib/gcc/arm-none-eabi/4.9.3/armv6-m\libgcc.a(subsf3.o)
                              d:/downloads/dave_4-4-2_64bit_2018-02-23/dave-ide-4.4.2-64bit/dave-ide-4.4.2-64bit/eclipse/arm-gcc-49/bin/../lib/gcc/arm-none-eabi/4.9.3/armv6-m\libgcc.a(_fixunssfsi.o) (__aeabi_fsub)
d:/downloads/dave_4-4-2_64bit_2018-02-23/dave-ide-4.4.2-64bit/dave-ide-4.4.2-64bit/eclipse/arm-gcc-49/bin/../lib/gcc/arm-none-eabi/4.9.3/armv6-m\libgcc.a(fixsfsi.o)
                              d:/downloads/dave_4-4-2_64bit_2018-02-23/dave-ide-4.4.2-64bit/dave-ide-4.4.2-64bit/eclipse/arm-gcc-49/bin/../lib/gcc/arm-none-eabi/4.9.3/armv6-m\libgcc.a(_fixunssfsi.o) (__aeabi_f2iz)
d:/downloads/dave_4-4-2_64bit_2018-02-23/dave-ide-4.4.2-64bit/dave-ide-4.4.2-64bit/eclipse/arm-gcc-49/bin/../lib/gcc/arm-none-eabi/4.9.3/armv6-m\libgcc.a(floatunsisf.o)
                              ./Libraries/XMCLib/src/xmc_usic.o (__aeabi_ui2f)
d:/downloads/dave_4-4-2_64bit_2018-02-23/dave-ide-4.4.2-64bit/dave-ide-4.4.2-64bit/eclipse/arm-gcc-49/bin/../lib/gcc/arm-none-eabi/4.9.3/armv6-m\libgcc.a(_arm_cmpsf2.o)
                              d:/downloads/dave_4-4-2_64bit_2018-02-23/dave-ide-4.4.2-64bit/dave-ide-4.4.2-64bit/eclipse/arm-gcc-49/bin/../lib/gcc/arm-none-eabi/4.9.3/armv6-m\libgcc.a(_fixunssfsi.o) (__aeabi_fcmpge)
d:/downloads/dave_4-4-2_64bit_2018-02-23/dave-ide-4.4.2-64bit/dave-ide-4.4.2-64bit/eclipse/arm-gcc-49/bin/../lib/gcc/arm-none-eabi/4.9.3/armv6-m\libgcc.a(_clzsi2.o)
                              d:/downloads/dave_4-4-2_64bit_2018-02-23/dave-ide-4.4.2-64bit/dave-ide-4.4.2-64bit/eclipse/arm-gcc-49/bin/../lib/gcc/arm-none-eabi/4.9.3/armv6-m\libgcc.a(divsf3.o) (__clzsi2)
d:/downloads/dave_4-4-2_64bit_2018-02-23/dave-ide-4.4.2-64bit/dave-ide-4.4.2-64bit/eclipse/arm-gcc-49/bin/../lib/gcc/arm-none-eabi/4.9.3/armv6-m\libgcc.a(eqsf2.o)
                              d:/downloads/dave_4-4-2_64bit_2018-02-23/dave-ide-4.4.2-64bit/dave-ide-4.4.2-64bit/eclipse/arm-gcc-49/bin/../lib/gcc/arm-none-eabi/4.9.3/armv6-m\libgcc.a(_arm_cmpsf2.o) (__eqsf2)
d:/downloads/dave_4-4-2_64bit_2018-02-23/dave-ide-4.4.2-64bit/dave-ide-4.4.2-64bit/eclipse/arm-gcc-49/bin/../lib/gcc/arm-none-eabi/4.9.3/armv6-m\libgcc.a(gesf2.o)
                              d:/downloads/dave_4-4-2_64bit_2018-02-23/dave-ide-4.4.2-64bit/dave-ide-4.4.2-64bit/eclipse/arm-gcc-49/bin/../lib/gcc/arm-none-eabi/4.9.3/armv6-m\libgcc.a(_arm_cmpsf2.o) (__gesf2)
d:/downloads/dave_4-4-2_64bit_2018-02-23/dave-ide-4.4.2-64bit/dave-ide-4.4.2-64bit/eclipse/arm-gcc-49/bin/../lib/gcc/arm-none-eabi/4.9.3/armv6-m\libgcc.a(lesf2.o)
                              d:/downloads/dave_4-4-2_64bit_2018-02-23/dave-ide-4.4.2-64bit/dave-ide-4.4.2-64bit/eclipse/arm-gcc-49/bin/../lib/gcc/arm-none-eabi/4.9.3/armv6-m\libgcc.a(_arm_cmpsf2.o) (__lesf2)
d:/downloads/dave_4-4-2_64bit_2018-02-23/dave-ide-4.4.2-64bit/dave-ide-4.4.2-64bit/eclipse/arm-gcc-49/bin/../lib/gcc/arm-none-eabi/4.9.3/../../../../arm-none-eabi/lib/armv6-m\libg_nano.a(lib_a-errno.o)
                              ./Libraries/Newlib/syscalls.o (__errno)
d:/downloads/dave_4-4-2_64bit_2018-02-23/dave-ide-4.4.2-64bit/dave-ide-4.4.2-64bit/eclipse/arm-gcc-49/bin/../lib/gcc/arm-none-eabi/4.9.3/../../../../arm-none-eabi/lib/armv6-m\libg_nano.a(lib_a-impure.o)
                              d:/downloads/dave_4-4-2_64bit_2018-02-23/dave-ide-4.4.2-64bit/dave-ide-4.4.2-64bit/eclipse/arm-gcc-49/bin/../lib/gcc/arm-none-eabi/4.9.3/../../../../arm-none-eabi/lib/armv6-m\libg_nano.a(lib_a-errno.o) (_impure_ptr)
d:/downloads/dave_4-4-2_64bit_2018-02-23/dave-ide-4.4.2-64bit/dave-ide-4.4.2-64bit/eclipse/arm-gcc-49/bin/../lib/gcc/arm-none-eabi/4.9.3/../../../../arm-none-eabi/lib/armv6-m\libg_nano.a(lib_a-init.o)
                              ./Startup/startup_XMC1400.o (__libc_init_array)
d:/downloads/dave_4-4-2_64bit_2018-02-23/dave-ide-4.4.2-64bit/dave-ide-4.4.2-64bit/eclipse/arm-gcc-49/bin/../lib/gcc/arm-none-eabi/4.9.3/../../../../arm-none-eabi/lib/armv6-m\libg_nano.a(lib_a-printf.o)
                              ./main.o (printf)
[...]
Memory Configuration

Name             Origin             Length             Attributes
FLASH            0x10001000         0x00032000         xr
SRAM             0x20000000         0x00004000         !xr
*default*        0x00000000         0xffffffff

Linker script and memory map

LOAD ./Startup/startup_XMC1400.o
LOAD ./Startup/system_XMC1400.o
LOAD ./Libraries/XMCLib/src/xmc1_eru.o
LOAD ./Libraries/XMCLib/src/xmc1_flash.o
LOAD ./Libraries/XMCLib/src/xmc1_gpio.o
LOAD ./Libraries/XMCLib/src/xmc1_rtc.o
LOAD ./Libraries/XMCLib/src/xmc1_scu.o
LOAD ./Libraries/XMCLib/src/xmc_acmp.o
LOAD ./Libraries/XMCLib/src/xmc_bccu.o
LOAD ./Libraries/XMCLib/src/xmc_can.o
LOAD ./Libraries/XMCLib/src/xmc_ccu4.o
LOAD ./Libraries/XMCLib/src/xmc_ccu8.o
LOAD ./Libraries/XMCLib/src/xmc_common.o
LOAD ./Libraries/XMCLib/src/xmc_eru.o
LOAD ./Libraries/XMCLib/src/xmc_gpio.o
LOAD ./Libraries/XMCLib/src/xmc_i2c.o
LOAD ./Libraries/XMCLib/src/xmc_i2s.o
LOAD ./Libraries/XMCLib/src/xmc_ledts.o
LOAD ./Libraries/XMCLib/src/xmc_math.o
LOAD ./Libraries/XMCLib/src/xmc_pau.o
LOAD ./Libraries/XMCLib/src/xmc_posif.o
LOAD ./Libraries/XMCLib/src/xmc_prng.o
LOAD ./Libraries/XMCLib/src/xmc_rtc.o
LOAD ./Libraries/XMCLib/src/xmc_spi.o
LOAD ./Libraries/XMCLib/src/xmc_uart.o
LOAD ./Libraries/XMCLib/src/xmc_usic.o
LOAD ./Libraries/XMCLib/src/xmc_vadc.o
LOAD ./Libraries/XMCLib/src/xmc_wdt.o
LOAD ./Libraries/Newlib/syscalls.o
LOAD ./Dave/Generated/SPI_MASTER/spi_master.o
LOAD ./Dave/Generated/SPI_MASTER/spi_master_conf.o
LOAD ./Dave/Generated/I2C_MASTER/i2c_master.o
LOAD ./Dave/Generated/I2C_MASTER/i2c_master_conf.o
LOAD ./Dave/Generated/DIGITAL_IO/digital_io.o
LOAD ./Dave/Generated/DIGITAL_IO/digital_io_conf.o
LOAD ./Dave/Generated/CPU_CTRL_XMC1/cpu_ctrl_xmc1.o
LOAD ./Dave/Generated/CPU_CTRL_XMC1/cpu_ctrl_xmc1_conf.o
LOAD ./Dave/Generated/CLOCK_XMC1/clock_xmc1.o
LOAD ./Dave/Generated/CLOCK_XMC1/clock_xmc1_conf.o
LOAD ./Dave/Generated/DAVE.o
LOAD ./ADXL345.o
LOAD ./BMP180.o
LOAD ./main.o
LOAD ./nRF24L01+.o
LOAD d:/downloads/dave_4-4-2_64bit_2018-02-23/dave-ide-4.4.2-64bit/dave-ide-4.4.2-64bit/eclipse/arm-gcc-49/bin/../lib/gcc/arm-none-eabi/4.9.3/../../../../arm-none-eabi/lib/armv6-m\libm.a
START GROUP
LOAD d:/downloads/dave_4-4-2_64bit_2018-02-23/dave-ide-4.4.2-64bit/dave-ide-4.4.2-64bit/eclipse/arm-gcc-49/bin/../lib/gcc/arm-none-eabi/4.9.3/armv6-m\libgcc.a
LOAD d:/downloads/dave_4-4-2_64bit_2018-02-23/dave-ide-4.4.2-64bit/dave-ide-4.4.2-64bit/eclipse/arm-gcc-49/bin/../lib/gcc/arm-none-eabi/4.9.3/../../../../arm-none-eabi/lib/armv6-m\libg_nano.a
LOAD d:/downloads/dave_4-4-2_64bit_2018-02-23/dave-ide-4.4.2-64bit/dave-ide-4.4.2-64bit/eclipse/arm-gcc-49/bin/../lib/gcc/arm-none-eabi/4.9.3/../../../../arm-none-eabi/lib/armv6-m\libc_nano.a
END GROUP
START GROUP
LOAD d:/downloads/dave_4-4-2_64bit_2018-02-23/dave-ide-4.4.2-64bit/dave-ide-4.4.2-64bit/eclipse/arm-gcc-49/bin/../lib/gcc/arm-none-eabi/4.9.3/armv6-m\libgcc.a
LOAD d:/downloads/dave_4-4-2_64bit_2018-02-23/dave-ide-4.4.2-64bit/dave-ide-4.4.2-64bit/eclipse/arm-gcc-49/bin/../lib/gcc/arm-none-eabi/4.9.3/../../../../arm-none-eabi/lib/armv6-m\libc_nano.a
LOAD d:/downloads/dave_4-4-2_64bit_2018-02-23/dave-ide-4.4.2-64bit/dave-ide-4.4.2-64bit/eclipse/arm-gcc-49/bin/../lib/gcc/arm-none-eabi/4.9.3/../../../../arm-none-eabi/lib/armv6-m\librdimon_nano.a
LOAD d:/downloads/dave_4-4-2_64bit_2018-02-23/dave-ide-4.4.2-64bit/dave-ide-4.4.2-64bit/eclipse/arm-gcc-49/bin/../lib/gcc/arm-none-eabi/4.9.3/../../../../arm-none-eabi/lib/armv6-m\libnosys.a
END GROUP
START GROUP
LOAD d:/downloads/dave_4-4-2_64bit_2018-02-23/dave-ide-4.4.2-64bit/dave-ide-4.4.2-64bit/eclipse/arm-gcc-49/bin/../lib/gcc/arm-none-eabi/4.9.3/armv6-m\libgcc.a
LOAD d:/downloads/dave_4-4-2_64bit_2018-02-23/dave-ide-4.4.2-64bit/dave-ide-4.4.2-64bit/eclipse/arm-gcc-49/bin/../lib/gcc/arm-none-eabi/4.9.3/../../../../arm-none-eabi/lib/armv6-m\libc_nano.a
LOAD d:/downloads/dave_4-4-2_64bit_2018-02-23/dave-ide-4.4.2-64bit/dave-ide-4.4.2-64bit/eclipse/arm-gcc-49/bin/../lib/gcc/arm-none-eabi/4.9.3/../../../../arm-none-eabi/lib/armv6-m\libnosys.a
END GROUP
START GROUP
LOAD d:/downloads/dave_4-4-2_64bit_2018-02-23/dave-ide-4.4.2-64bit/dave-ide-4.4.2-64bit/eclipse/arm-gcc-49/bin/../lib/gcc/arm-none-eabi/4.9.3/armv6-m\libgcc.a
LOAD d:/downloads/dave_4-4-2_64bit_2018-02-23/dave-ide-4.4.2-64bit/dave-ide-4.4.2-64bit/eclipse/arm-gcc-49/bin/../lib/gcc/arm-none-eabi/4.9.3/../../../../arm-none-eabi/lib/armv6-m\libc_nano.a
LOAD d:/downloads/dave_4-4-2_64bit_2018-02-23/dave-ide-4.4.2-64bit/dave-ide-4.4.2-64bit/eclipse/arm-gcc-49/bin/../lib/gcc/arm-none-eabi/4.9.3/../../../../arm-none-eabi/lib/armv6-m\librdimon_nano.a
END GROUP
                0x00000400                stack_size = DEFINED (stack_size)?stack_size:0x400
                0x00000004                no_init_size = 0x4

.text           0x10001000     0x5514
                0x10001000                sText = .
 *(.reset)
 .reset         0x10001000       0xa0 ./Startup/startup_XMC1400.o
                0x10001000                __Vectors
                0x1000101c                Reset_Handler
                0x1000109c                SysTick_Handler
                0x1000109c                IRQ0_Handler
                0x1000109c                IRQ5_Handler
                0x1000109c                PendSV_Handler
                0x1000109c                IRQ16_Handler
                0x1000109c                HardFault_Handler
                0x1000109c                IRQ25_Handler
                0x1000109c                IRQ23_Handler
                0x1000109c                IRQ22_Handler
                0x1000109c                IRQ29_Handler
                0x1000109c                IRQ20_Handler
                0x1000109c                IRQ4_Handler
                0x1000109c                IRQ30_Handler
                0x1000109c                IRQ21_Handler
                0x1000109c                IRQ31_Handler
                0x1000109c                IRQ28_Handler
                0x1000109c                IRQ2_Handler
                0x1000109c                IRQ24_Handler
                0x1000109c                SVC_Handler
                0x1000109c                IRQ1_Handler
                0x1000109c                IRQ19_Handler
                0x1000109c                IRQ6_Handler
                0x1000109c                IRQ15_Handler
                0x1000109c                IRQ18_Handler
                0x1000109c                IRQ7_Handler
                0x1000109c                IRQ8_Handler
                0x1000109c                IRQ3_Handler
                0x1000109c                IRQ27_Handler
                0x1000109c                IRQ26_Handler
                0x1000109c                IRQ17_Handler
 *(.text .text.* .gnu.linkonce.t.*)
 .text.SystemInit
                0x100010a0       0x10 ./Startup/system_XMC1400.o
                0x100010a0                SystemInit
 .text.SystemCoreClockUpdate
                0x100010b0       0xc8 ./Startup/system_XMC1400.o
                0x100010b0                SystemCoreClockUpdate
 .text.OSCHP_GetFrequency
                0x10001178       0x10 ./Startup/system_XMC1400.o
                0x10001178                OSCHP_GetFrequency
 .text.XMC_GPIO_Init
                0x10001188      0x17c ./Libraries/XMCLib/src/xmc1_gpio.o
                0x10001188                XMC_GPIO_Init
 .text.XMC_SCU_LockProtectedBits
                0x10001304       0x14 ./Libraries/XMCLib/src/xmc1_scu.o
                0x10001304                XMC_SCU_LockProtectedBits
 .text.XMC_SCU_UnlockProtectedBits
                0x10001318       0x20 ./Libraries/XMCLib/src/xmc1_scu.o
                0x10001318                XMC_SCU_UnlockProtectedBits
 .text.XMC_SCU_CLOCK_Init
                0x10001338      0x168 ./Libraries/XMCLib/src/xmc1_scu.o
                0x10001338                XMC_SCU_CLOCK_Init
 .text.XMC_SCU_CLOCK_UngatePeripheralClock
                0x100014a0       0x34 ./Libraries/XMCLib/src/xmc1_scu.o
                0x100014a0                XMC_SCU_CLOCK_UngatePeripheralClock
 .text.XMC_SCU_CLOCK_IsPeripheralClockGated
                0x100014d4       0x24 ./Libraries/XMCLib/src/xmc1_scu.o
                0x100014d4                XMC_SCU_CLOCK_IsPeripheralClockGated
 .text.XMC_SCU_CLOCK_ScaleMCLKFrequency
                0x100014f8       0xbc ./Libraries/XMCLib/src/xmc1_scu.o
                0x100014f8                XMC_SCU_CLOCK_ScaleMCLKFrequency
 .text.XMC_SCU_CLOCK_lFrequencyUpScaling
                0x100015b4       0x54 ./Libraries/XMCLib/src/xmc1_scu.o
 .text.XMC_SCU_CLOCK_lFrequencyDownScaling
                0x10001608       0x5c ./Libraries/XMCLib/src/xmc1_scu.o
 .text.XMC_SCU_CLOCK_GetPeripheralClockFrequency
                0x10001664       0x14 ./Libraries/XMCLib/src/xmc1_scu.o
                0x10001664                XMC_SCU_CLOCK_GetPeripheralClockFrequency
 .text.XMC_SCU_SetInterruptControl
                0x10001678       0x8c ./Libraries/XMCLib/src/xmc1_scu.o
                0x10001678                XMC_SCU_SetInterruptControl
 .text.XMC_GPIO_SetMode
                0x10001704       0x90 ./Libraries/XMCLib/src/xmc_gpio.o
                0x10001704                XMC_GPIO_SetMode
 .text.XMC_GPIO_SetHardwareControl
                0x10001794       0x4c ./Libraries/XMCLib/src/xmc_gpio.o
                0x10001794                XMC_GPIO_SetHardwareControl
 .text.XMC_USIC_CH_GetTransmitBufferStatus
                0x100017e0       0x1c ./Libraries/XMCLib/src/xmc_i2c.o
 .text.XMC_I2C_CH_ClearStatusFlag
                0x100017fc       0x1c ./Libraries/XMCLib/src/xmc_i2c.o
 .text.XMC_I2C_CH_InitEx
                0x10001818       0x68 ./Libraries/XMCLib/src/xmc_i2c.o
                0x10001818                XMC_I2C_CH_InitEx
 .text.XMC_I2C_CH_SetSlaveAddress
                0x10001880       0x64 ./Libraries/XMCLib/src/xmc_i2c.o
                0x10001880                XMC_I2C_CH_SetSlaveAddress
 .text.XMC_I2C_CH_SetBaudrateEx
                0x100018e4       0xcc ./Libraries/XMCLib/src/xmc_i2c.o
                0x100018e4                XMC_I2C_CH_SetBaudrateEx
 .text.XMC_I2C_CH_MasterStart
                0x100019b0       0x80 ./Libraries/XMCLib/src/xmc_i2c.o
                0x100019b0                XMC_I2C_CH_MasterStart
 .text.XMC_I2C_CH_MasterRepeatedStart
                0x10001a30       0x80 ./Libraries/XMCLib/src/xmc_i2c.o
                0x10001a30                XMC_I2C_CH_MasterRepeatedStart
 .text.XMC_I2C_CH_MasterStop
                0x10001ab0       0x54 ./Libraries/XMCLib/src/xmc_i2c.o
                0x10001ab0                XMC_I2C_CH_MasterStop
 .text.XMC_I2C_CH_MasterTransmit
                0x10001b04       0x5c ./Libraries/XMCLib/src/xmc_i2c.o
                0x10001b04                XMC_I2C_CH_MasterTransmit
 .text.XMC_I2C_CH_MasterReceiveAck
                0x10001b60       0x54 ./Libraries/XMCLib/src/xmc_i2c.o
                0x10001b60                XMC_I2C_CH_MasterReceiveAck
 .text.XMC_I2C_CH_MasterReceiveNack
                0x10001bb4       0x54 ./Libraries/XMCLib/src/xmc_i2c.o
                0x10001bb4                XMC_I2C_CH_MasterReceiveNack
 .text.XMC_I2C_CH_GetReceivedData
                0x10001c08       0x40 ./Libraries/XMCLib/src/xmc_i2c.o
                0x10001c08                XMC_I2C_CH_GetReceivedData
 .text.XMC_I2C_CH_EnableEvent
                0x10001c48       0x38 ./Libraries/XMCLib/src/xmc_i2c.o
                0x10001c48                XMC_I2C_CH_EnableEvent
 .text.XMC_I2C_CH_DisableEvent
                0x10001c80       0x3c ./Libraries/XMCLib/src/xmc_i2c.o
                0x10001c80                XMC_I2C_CH_DisableEvent
 .text.__aeabi_uidiv
                0x10001cbc       0x50 ./Libraries/XMCLib/src/xmc_math.o
                0x10001cbc                __aeabi_uidiv
 .text.__aeabi_idiv
                0x10001d0c       0x50 ./Libraries/XMCLib/src/xmc_math.o
                0x10001d0c                __aeabi_idiv
 .text.__aeabi_uidivmod
                0x10001d5c       0x74 ./Libraries/XMCLib/src/xmc_math.o
                0x10001d5c                __aeabi_uidivmod
 .text.XMC_SPI_CH_ClearStatusFlag
                0x10001dd0       0x1c ./Libraries/XMCLib/src/xmc_spi.o
 .text.XMC_SPI_CH_InitEx
                0x10001dec       0x94 ./Libraries/XMCLib/src/xmc_spi.o
                0x10001dec                XMC_SPI_CH_InitEx
 .text.XMC_SPI_CH_EnableSlaveSelect
                0x10001e80       0x2c ./Libraries/XMCLib/src/xmc_spi.o
                0x10001e80                XMC_SPI_CH_EnableSlaveSelect
 .text.XMC_SPI_CH_DisableSlaveSelect
                0x10001eac       0x28 ./Libraries/XMCLib/src/xmc_spi.o
                0x10001eac                XMC_SPI_CH_DisableSlaveSelect
 .text.XMC_SPI_CH_GetReceivedData
                0x10001ed4       0x40 ./Libraries/XMCLib/src/xmc_spi.o
                0x10001ed4                XMC_SPI_CH_GetReceivedData
 .text.XMC_SPI_CH_DisableEvent
                0x10001f14       0x38 ./Libraries/XMCLib/src/xmc_spi.o
                0x10001f14                XMC_SPI_CH_DisableEvent
 .text.XMC_USIC_CH_Enable
                0x10001f4c       0x78 ./Libraries/XMCLib/src/xmc_usic.o
                0x10001f4c                XMC_USIC_CH_Enable
 .text.XMC_USIC_CH_SetBaudrate
                0x10001fc4       0xf4 ./Libraries/XMCLib/src/xmc_usic.o
                0x10001fc4                XMC_USIC_CH_SetBaudrate
 .text.XMC_USIC_CH_SetBaudrateEx
                0x100020b8      0x10c ./Libraries/XMCLib/src/xmc_usic.o
                0x100020b8                XMC_USIC_CH_SetBaudrateEx
 .text.XMC_USIC_CH_TXFIFO_Configure
                0x100021c4       0x5c ./Libraries/XMCLib/src/xmc_usic.o
                0x100021c4                XMC_USIC_CH_TXFIFO_Configure
 .text.XMC_USIC_CH_RXFIFO_Configure
                0x10002220       0x64 ./Libraries/XMCLib/src/xmc_usic.o
                0x10002220                XMC_USIC_CH_RXFIFO_Configure
 .text.XMC_USIC_CH_RXFIFO_SetSizeTriggerLimit
                0x10002284       0x38 ./Libraries/XMCLib/src/xmc_usic.o
                0x10002284                XMC_USIC_CH_RXFIFO_SetSizeTriggerLimit
 .text.XMC_USIC_CH_SetInterruptNodePointer
                0x100022bc       0x40 ./Libraries/XMCLib/src/xmc_usic.o
                0x100022bc                XMC_USIC_CH_SetInterruptNodePointer
 .text.XMC_USIC_CH_TXFIFO_SetInterruptNodePointer
                0x100022fc       0x48 ./Libraries/XMCLib/src/xmc_usic.o
                0x100022fc                XMC_USIC_CH_TXFIFO_SetInterruptNodePointer
 .text.XMC_USIC_CH_RXFIFO_SetInterruptNodePointer
                0x10002344       0x48 ./Libraries/XMCLib/src/xmc_usic.o
                0x10002344                XMC_USIC_CH_RXFIFO_SetInterruptNodePointer
 .text.XMC_USIC_Enable
                0x1000238c       0x54 ./Libraries/XMCLib/src/xmc_usic.o
                0x1000238c                XMC_USIC_Enable
 .text._sbrk    0x100023e0       0x68 ./Libraries/Newlib/syscalls.o
                0x100023e0                _sbrk
 .text._init    0x10002448        0x8 ./Libraries/Newlib/syscalls.o
                0x10002448                _init
 .text.XMC_USIC_CH_WriteToTBUFTCI
                0x10002450       0x28 ./Dave/Generated/SPI_MASTER/spi_master.o
 .text.XMC_USIC_CH_DisableEvent
                0x10002478       0x20 ./Dave/Generated/SPI_MASTER/spi_master.o
 .text.XMC_USIC_CH_GetTransmitBufferStatus
                0x10002498       0x1c ./Dave/Generated/SPI_MASTER/spi_master.o
 .text.XMC_USIC_CH_GetReceiveBufferStatus
                0x100024b4       0x1c ./Dave/Generated/SPI_MASTER/spi_master.o
 .text.XMC_USIC_CH_TXFIFO_DisableEvent
                0x100024d0       0x28 ./Dave/Generated/SPI_MASTER/spi_master.o
 .text.XMC_USIC_CH_TXFIFO_PutDataHPCMode
                0x100024f8       0x28 ./Dave/Generated/SPI_MASTER/spi_master.o
 .text.XMC_USIC_CH_TXFIFO_IsFull
                0x10002520       0x24 ./Dave/Generated/SPI_MASTER/spi_master.o
 .text.XMC_USIC_CH_TXFIFO_IsEmpty
                0x10002544       0x24 ./Dave/Generated/SPI_MASTER/spi_master.o
 .text.XMC_USIC_CH_RXFIFO_DisableEvent
                0x10002568       0x28 ./Dave/Generated/SPI_MASTER/spi_master.o
 .text.XMC_USIC_CH_RXFIFO_IsEmpty
                0x10002590       0x24 ./Dave/Generated/SPI_MASTER/spi_master.o
 .text.SPI_MASTER_Init
                0x100025b4       0x28 ./Dave/Generated/SPI_MASTER/spi_master.o
                0x100025b4                SPI_MASTER_Init
 .text.SPI_MASTER_lTransmitHandler
                0x100025dc      0x1f0 ./Dave/Generated/SPI_MASTER/spi_master.o
                0x100025dc                SPI_MASTER_lTransmitHandler
 .text.SPI_MASTER_lReceiveHandler
                0x100027cc      0x1c8 ./Dave/Generated/SPI_MASTER/spi_master.o
                0x100027cc                SPI_MASTER_lReceiveHandler
 .text.SPI_MASTER_lFIFORead
                0x10002994       0xd8 ./Dave/Generated/SPI_MASTER/spi_master.o
 .text.SPI_MASTER_lReconfigureRxFIFO
                0x10002a6c       0x70 ./Dave/Generated/SPI_MASTER/spi_master.o
 .text.__NVIC_EnableIRQ
                0x10002adc       0x34 ./Dave/Generated/SPI_MASTER/spi_master_conf.o
 .text.__NVIC_SetPriority
                0x10002b10       0xd4 ./Dave/Generated/SPI_MASTER/spi_master_conf.o
 .text.XMC_USIC_CH_SetInputSource
                0x10002be4       0x48 ./Dave/Generated/SPI_MASTER/spi_master_conf.o
 .text.XMC_USIC_CH_SetWordLength
                0x10002c2c       0x30 ./Dave/Generated/SPI_MASTER/spi_master_conf.o
 .text.XMC_USIC_CH_SetFrameLength
                0x10002c5c       0x30 ./Dave/Generated/SPI_MASTER/spi_master_conf.o
 .text.XMC_USIC_CH_ConfigureShiftClockOutput
                0x10002c8c       0x2c ./Dave/Generated/SPI_MASTER/spi_master_conf.o
 .text.XMC_USIC_CH_SetMode
                0x10002cb8       0x28 ./Dave/Generated/SPI_MASTER/spi_master_conf.o
 .text.XMC_SPI_CH_Init
                0x10002ce0       0x20 ./Dave/Generated/SPI_MASTER/spi_master_conf.o
 .text.XMC_SPI_CH_Start
                0x10002d00       0x18 ./Dave/Generated/SPI_MASTER/spi_master_conf.o
 .text.XMC_SPI_CH_SetBitOrderMsbFirst
                0x10002d18       0x1c ./Dave/Generated/SPI_MASTER/spi_master_conf.o
 .text.XMC_SPI_CH_SetSlaveSelectDelay
                0x10002d34       0x30 ./Dave/Generated/SPI_MASTER/spi_master_conf.o
 .text.XMC_SPI_CH_ConfigureShiftClockOutput
                0x10002d64       0x24 ./Dave/Generated/SPI_MASTER/spi_master_conf.o
 .text.XMC_SPI_CH_SetWordLength
                0x10002d88       0x24 ./Dave/Generated/SPI_MASTER/spi_master_conf.o
 .text.XMC_SPI_CH_SetFrameLength
                0x10002dac       0x24 ./Dave/Generated/SPI_MASTER/spi_master_conf.o
 .text.XMC_SPI_CH_SetInputSource
                0x10002dd0       0x58 ./Dave/Generated/SPI_MASTER/spi_master_conf.o
 .text.SPI_MASTER_0_lInit
                0x10002e28      0x170 ./Dave/Generated/SPI_MASTER/spi_master_conf.o
 .text.IRQ10_Handler
                0x10002f98       0x14 ./Dave/Generated/SPI_MASTER/spi_master_conf.o
                0x10002f98                IRQ10_Handler
 .text.IRQ9_Handler
                0x10002fac       0x14 ./Dave/Generated/SPI_MASTER/spi_master_conf.o
                0x10002fac                IRQ9_Handler
 .text.SPI_MASTER_1_lInit
                0x10002fc0      0x198 ./Dave/Generated/SPI_MASTER/spi_master_conf.o
 .text.IRQ13_Handler
                0x10003158       0x14 ./Dave/Generated/SPI_MASTER/spi_master_conf.o
                0x10003158                IRQ13_Handler
 .text.IRQ11_Handler
                0x1000316c       0x14 ./Dave/Generated/SPI_MASTER/spi_master_conf.o
                0x1000316c                IRQ11_Handler
 .text.__NVIC_ClearPendingIRQ
                0x10003180       0x34 ./Dave/Generated/I2C_MASTER/i2c_master.o
 .text.XMC_USIC_CH_EnableEvent
                0x100031b4       0x1c ./Dave/Generated/I2C_MASTER/i2c_master.o
 .text.XMC_USIC_CH_DisableEvent
                0x100031d0       0x20 ./Dave/Generated/I2C_MASTER/i2c_master.o
 .text.XMC_USIC_CH_GetTransmitBufferStatus
                0x100031f0       0x1c ./Dave/Generated/I2C_MASTER/i2c_master.o
 .text.XMC_USIC_CH_TriggerServiceRequest
                0x1000320c       0x1c ./Dave/Generated/I2C_MASTER/i2c_master.o
 .text.XMC_USIC_CH_TXFIFO_EnableEvent
                0x10003228       0x28 ./Dave/Generated/I2C_MASTER/i2c_master.o
 .text.XMC_USIC_CH_TXFIFO_DisableEvent
                0x10003250       0x28 ./Dave/Generated/I2C_MASTER/i2c_master.o
 .text.XMC_USIC_CH_TXFIFO_Flush
                0x10003278       0x1c ./Dave/Generated/I2C_MASTER/i2c_master.o
 .text.XMC_USIC_CH_TXFIFO_IsFull
                0x10003294       0x24 ./Dave/Generated/I2C_MASTER/i2c_master.o
 .text.XMC_USIC_CH_TXFIFO_IsEmpty
                0x100032b8       0x24 ./Dave/Generated/I2C_MASTER/i2c_master.o
 .text.XMC_USIC_CH_RXFIFO_EnableEvent
                0x100032dc       0x28 ./Dave/Generated/I2C_MASTER/i2c_master.o
 .text.XMC_USIC_CH_RXFIFO_DisableEvent
                0x10003304       0x28 ./Dave/Generated/I2C_MASTER/i2c_master.o
 .text.XMC_USIC_CH_RXFIFO_Flush
                0x1000332c       0x1c ./Dave/Generated/I2C_MASTER/i2c_master.o
 .text.XMC_USIC_CH_RXFIFO_IsEmpty
                0x10003348       0x24 ./Dave/Generated/I2C_MASTER/i2c_master.o
 .text.XMC_I2C_CH_SetInterruptNodePointer
                0x1000336c       0x24 ./Dave/Generated/I2C_MASTER/i2c_master.o
 .text.XMC_I2C_CH_GetStatusFlag
                0x10003390       0x14 ./Dave/Generated/I2C_MASTER/i2c_master.o
 .text.XMC_I2C_CH_ClearStatusFlag
                0x100033a4       0x1c ./Dave/Generated/I2C_MASTER/i2c_master.o
 .text.I2C_MASTER_SetRXFIFOTriggerLimit
                0x100033c0       0x28 ./Dave/Generated/I2C_MASTER/i2c_master.o
 .text.I2C_MASTER_IsTXFIFOFull
                0x100033e8       0x1c ./Dave/Generated/I2C_MASTER/i2c_master.o
 .text.I2C_MASTER_IsRXFIFOEmpty
                0x10003404       0x1c ./Dave/Generated/I2C_MASTER/i2c_master.o
 .text.I2C_MASTER_GetReceivedByte
                0x10003420       0x1c ./Dave/Generated/I2C_MASTER/i2c_master.o
 .text.I2C_MASTER_TransmitByte
                0x1000343c       0x24 ./Dave/Generated/I2C_MASTER/i2c_master.o
 .text.I2C_MASTER_EnableEvent
                0x10003460       0x20 ./Dave/Generated/I2C_MASTER/i2c_master.o
 .text.I2C_MASTER_DisableEvent
                0x10003480       0x20 ./Dave/Generated/I2C_MASTER/i2c_master.o
 .text.I2C_MASTER_ReceiveACK
                0x100034a0       0x18 ./Dave/Generated/I2C_MASTER/i2c_master.o
 .text.I2C_MASTER_ReceiveNACK
                0x100034b8       0x18 ./Dave/Generated/I2C_MASTER/i2c_master.o
 .text.I2C_MASTER_SendStop
                0x100034d0       0x24 ./Dave/Generated/I2C_MASTER/i2c_master.o
 .text.I2C_MASTER_SendStart
                0x100034f4       0x38 ./Dave/Generated/I2C_MASTER/i2c_master.o
 .text.I2C_MASTER_SendRepeatedStart
                0x1000352c       0x38 ./Dave/Generated/I2C_MASTER/i2c_master.o
 .text.calculate_minfifosize
                0x10003564       0x28 ./Dave/Generated/I2C_MASTER/i2c_master.o
 .text.I2C_MASTER_Init
                0x1000358c       0x38 ./Dave/Generated/I2C_MASTER/i2c_master.o
                0x1000358c                I2C_MASTER_Init
 .text.I2C_MASTER_GetFlagStatus
                0x100035c4       0x28 ./Dave/Generated/I2C_MASTER/i2c_master.o
                0x100035c4                I2C_MASTER_GetFlagStatus
 .text.I2C_MASTER_ClearFlag
                0x100035ec       0x20 ./Dave/Generated/I2C_MASTER/i2c_master.o
                0x100035ec                I2C_MASTER_ClearFlag
 .text.I2C_MASTER_Transmit
                0x1000360c       0x5c ./Dave/Generated/I2C_MASTER/i2c_master.o
                0x1000360c                I2C_MASTER_Transmit
 .text.I2C_MASTER_TransmitHandler
                0x10003668      0x298 ./Dave/Generated/I2C_MASTER/i2c_master.o
                0x10003668                I2C_MASTER_TransmitHandler
 .text.I2C_MASTER_lSendStop_JumpTo_TxCallback
                0x10003900       0x68 ./Dave/Generated/I2C_MASTER/i2c_master.o
 .text.I2C_MASTER_Receive
                0x10003968       0x64 ./Dave/Generated/I2C_MASTER/i2c_master.o
                0x10003968                I2C_MASTER_Receive
 .text.I2C_MASTER_lReceive_FIFOData
                0x100039cc      0x20c ./Dave/Generated/I2C_MASTER/i2c_master.o
 .text.I2C_MASTER_lReceive_StdData
                0x10003bd8      0x178 ./Dave/Generated/I2C_MASTER/i2c_master.o
 .text.I2C_MASTER_lSendStart_Or_RepeatedStart
                0x10003d50       0x64 ./Dave/Generated/I2C_MASTER/i2c_master.o
 .text.I2C_MASTER_StartTransmitIRQ
                0x10003db4      0x13c ./Dave/Generated/I2C_MASTER/i2c_master.o
                0x10003db4                I2C_MASTER_StartTransmitIRQ
 .text.I2C_MASTER_AbortTransmitIRQ
                0x10003ef0       0x60 ./Dave/Generated/I2C_MASTER/i2c_master.o
 .text.I2C_MASTER_StartReceiveIRQ
                0x10003f50      0x10c ./Dave/Generated/I2C_MASTER/i2c_master.o
                0x10003f50                I2C_MASTER_StartReceiveIRQ
 .text.I2C_MASTER_ReceiveHandler
                0x1000405c      0x290 ./Dave/Generated/I2C_MASTER/i2c_master.o
                0x1000405c                I2C_MASTER_ReceiveHandler
 .text.I2C_MASTER_lSendStop_JumpTo_RxCallback
                0x100042ec       0x74 ./Dave/Generated/I2C_MASTER/i2c_master.o
 .text.I2C_MASTER_lAbortReceiveIRQ
                0x10004360       0x70 ./Dave/Generated/I2C_MASTER/i2c_master.o
 .text.I2C_MASTER_ProtocolHandler
                0x100043d0       0x90 ./Dave/Generated/I2C_MASTER/i2c_master.o
                0x100043d0                I2C_MASTER_ProtocolHandler
 .text.I2C_MASTER_lReconfigureRxFIFO
                0x10004460       0x9c ./Dave/Generated/I2C_MASTER/i2c_master.o
 .text.I2C_MASTER_AbortTransmit
                0x100044fc       0x60 ./Dave/Generated/I2C_MASTER/i2c_master.o
                0x100044fc                I2C_MASTER_AbortTransmit
 .text.I2C_MASTER_AbortReceive
                0x1000455c       0x48 ./Dave/Generated/I2C_MASTER/i2c_master.o
                0x1000455c                I2C_MASTER_AbortReceive
 .text.__NVIC_EnableIRQ
                0x100045a4       0x34 ./Dave/Generated/I2C_MASTER/i2c_master_conf.o
 .text.__NVIC_SetPriority
                0x100045d8       0xd4 ./Dave/Generated/I2C_MASTER/i2c_master_conf.o
 .text.XMC_USIC_CH_SetInputSource
                0x100046ac       0x48 ./Dave/Generated/I2C_MASTER/i2c_master_conf.o
 .text.XMC_USIC_CH_EnableInputDigitalFilter
                0x100046f4       0x34 ./Dave/Generated/I2C_MASTER/i2c_master_conf.o
 .text.XMC_USIC_CH_EnableInputSync
                0x10004728       0x34 ./Dave/Generated/I2C_MASTER/i2c_master_conf.o
 .text.XMC_USIC_CH_TXFIFO_EnableEvent
                0x1000475c       0x28 ./Dave/Generated/I2C_MASTER/i2c_master_conf.o
 .text.XMC_USIC_CH_RXFIFO_EnableEvent
                0x10004784       0x28 ./Dave/Generated/I2C_MASTER/i2c_master_conf.o
 .text.XMC_USIC_CH_SetMode
                0x100047ac       0x28 ./Dave/Generated/I2C_MASTER/i2c_master_conf.o
 .text.XMC_I2C_CH_Init
                0x100047d4       0x20 ./Dave/Generated/I2C_MASTER/i2c_master_conf.o
 .text.XMC_I2C_CH_Start
                0x100047f4       0x18 ./Dave/Generated/I2C_MASTER/i2c_master_conf.o
 .text.I2C_MASTER_0_disable_io
                0x1000480c       0x24 ./Dave/Generated/I2C_MASTER/i2c_master_conf.o
 .text.I2C_MASTER_0_enable_io
                0x10004830       0x28 ./Dave/Generated/I2C_MASTER/i2c_master_conf.o
 .text.I2C_MASTER_0_init
                0x10004858      0x168 ./Dave/Generated/I2C_MASTER/i2c_master_conf.o
                0x10004858                I2C_MASTER_0_init
 .text.IRQ14_Handler
                0x100049c0       0x14 ./Dave/Generated/I2C_MASTER/i2c_master_conf.o
                0x100049c0                IRQ14_Handler
 .text.IRQ12_Handler
                0x100049d4       0x14 ./Dave/Generated/I2C_MASTER/i2c_master_conf.o
                0x100049d4                IRQ12_Handler
 .text.DIGITAL_IO_Init
                0x100049e8       0x40 ./Dave/Generated/DIGITAL_IO/digital_io.o
                0x100049e8                DIGITAL_IO_Init
 .text.SystemCoreSetup
                0x10004a28       0x18 ./Dave/Generated/CPU_CTRL_XMC1/cpu_ctrl_xmc1_conf.o
                0x10004a28                SystemCoreSetup
 .text.CLOCK_XMC1_Init
                0x10004a40       0x84 ./Dave/Generated/CLOCK_XMC1/clock_xmc1.o
                0x10004a40                CLOCK_XMC1_Init
 .text.SystemCoreClockSetup
                0x10004ac4       0x24 ./Dave/Generated/CLOCK_XMC1/clock_xmc1_conf.o
                0x10004ac4                SystemCoreClockSetup
 .text.DAVE_Init
                0x10004ae8       0x94 ./Dave/Generated/DAVE.o
                0x10004ae8                DAVE_Init
 .text.XMC_USIC_CH_TXFIFO_Flush
                0x10004b7c       0x1c ./BMP180.o
 .text.XMC_USIC_CH_RXFIFO_Flush
                0x10004b98       0x1c ./BMP180.o
 .text.I2C_MASTER_IsTxBusy
                0x10004bb4       0x1c ./BMP180.o
 .text.I2C_MASTER_FlushTxFifo
                0x10004bd0       0x18 ./BMP180.o
 .text.I2C_MASTER_FlushRxFifo
                0x10004be8       0x18 ./BMP180.o
 .text.BMP180_init
                0x10004c00       0x84 ./BMP180.o
                0x10004c00                BMP180_init
 .text.Text_Communication
                0x10004c84       0xc8 ./BMP180.o
                0x10004c84                Text_Communication
 .text.XMC_GPIO_SetOutputLow
                0x10004d4c       0x24 ./main.o
 .text.SPI_MASTER_DisableSlaveSelectSignal
                0x10004d70       0x18 ./main.o
 .text.DIGITAL_IO_SetOutputLow
                0x10004d88       0x20 ./main.o
 .text.main     0x10004da8       0x8c ./main.o
                0x10004da8                main
 .text.Nack_ISR
                0x10004e34       0x34 ./main.o
                0x10004e34                Nack_ISR
 .text.ARB_LOST_ISR
                0x10004e68       0x14 ./main.o
                0x10004e68                ARB_LOST_ISR
 .text.Error_detect_ISR
                0x10004e7c       0x38 ./main.o
                0x10004e7c                Error_detect_ISR
 .text.I2C_Transmit_ISR
                0x10004eb4        0x8 ./main.o
                0x10004eb4                I2C_Transmit_ISR
 .text.I2C_Recive_ISR
                0x10004ebc        0x8 ./main.o
                0x10004ebc                I2C_Recive_ISR
 .text.SPI_Test
                0x10004ec4       0x14 ./main.o
                0x10004ec4                SPI_Test
 .text.__errno  0x10004ed8        0xc d:/downloads/dave_4-4-2_64bit_2018-02-23/dave-ide-4.4.2-64bit/dave-ide-4.4.2-64bit/eclipse/arm-gcc-49/bin/../lib/gcc/arm-none-eabi/4.9.3/../../../../arm-none-eabi/lib/armv6-m\libg_nano.a(lib_a-errno.o)
                0x10004ed8                __errno
 .text.__libc_init_array
                0x10004ee4       0x4c d:/downloads/dave_4-4-2_64bit_2018-02-23/dave-ide-4.4.2-64bit/dave-ide-4.4.2-64bit/eclipse/arm-gcc-49/bin/../lib/gcc/arm-none-eabi/4.9.3/../../../../arm-none-eabi/lib/armv6-m\libg_nano.a(lib_a-init.o)
                0x10004ee4                __libc_init_array
 .text.printf   0x10004f30       0x34 d:/downloads/dave_4-4-2_64bit_2018-02-23/dave-ide-4.4.2-64bit/dave-ide-4.4.2-64bit/eclipse/arm-gcc-49/bin/../lib/gcc/arm-none-eabi/4.9.3/../../../../arm-none-eabi/lib/armv6-m\libg_nano.a(lib_a-printf.o)
                0x10004f30                iprintf
                0x10004f30                printf
 .text._puts_r  0x10004f64       0xc2 d:/downloads/dave_4-4-2_64bit_2018-02-23/dave-ide-4.4.2-64bit/dave-ide-4.4.2-64bit/eclipse/arm-gcc-49/bin/../lib/gcc/arm-none-eabi/4.9.3/../../../../arm-none-eabi/lib/armv6-m\libg_nano.a(lib_a-puts.o)
                0x10004f64                _puts_r
 *fill*         0x10005026        0x2 
 .text.puts     0x10005028       0x14 d:/downloads/dave_4-4-2_64bit_2018-02-23/dave-ide-4.4.2-64bit/dave-ide-4.4.2-64bit/eclipse/arm-gcc-49/bin/../lib/gcc/arm-none-eabi/4.9.3/../../../../arm-none-eabi/lib/armv6-m\libg_nano.a(lib_a-puts.o)
                0x10005028                puts
 .text.__swbuf_r
                0x1000503c       0xb0 d:/downloads/dave_4-4-2_64bit_2018-02-23/dave-ide-4.4.2-64bit/dave-ide-4.4.2-64bit/eclipse/arm-gcc-49/bin/../lib/gcc/arm-none-eabi/4.9.3/../../../../arm-none-eabi/lib/armv6-m\libg_nano.a(lib_a-wbuf.o)
                0x1000503c                __swbuf_r
 .text.__swsetup_r
                0x100050ec       0xe8 d:/downloads/dave_4-4-2_64bit_2018-02-23/dave-ide-4.4.2-64bit/dave-ide-4.4.2-64bit/eclipse/arm-gcc-49/bin/../lib/gcc/arm-none-eabi/4.9.3/../../../../arm-none-eabi/lib/armv6-m\libg_nano.a(lib_a-wsetup.o)
                0x100050ec                __swsetup_r
 .text.__sflush_r
                0x100051d4      0x112 d:/downloads/dave_4-4-2_64bit_2018-02-23/dave-ide-4.4.2-64bit/dave-ide-4.4.2-64bit/eclipse/arm-gcc-49/bin/../lib/gcc/arm-none-eabi/4.9.3/../../../../arm-none-eabi/lib/armv6-m\libg_nano.a(lib_a-fflush.o)
                0x100051d4                __sflush_r
 *fill*         0x100052e6        0x2 
 .text._fflush_r
                0x100052e8       0x58 d:/downloads/dave_4-4-2_64bit_2018-02-23/dave-ide-4.4.2-64bit/dave-ide-4.4.2-64bit/eclipse/arm-gcc-49/bin/../lib/gcc/arm-none-eabi/4.9.3/../../../../arm-none-eabi/lib/armv6-m\libg_nano.a(lib_a-fflush.o)
                0x100052e8                _fflush_r
 .text._cleanup_r
                0x10005340       0x10 d:/downloads/dave_4-4-2_64bit_2018-02-23/dave-ide-4.4.2-64bit/dave-ide-4.4.2-64bit/eclipse/arm-gcc-49/bin/../lib/gcc/arm-none-eabi/4.9.3/../../../../arm-none-eabi/lib/armv6-m\libg_nano.a(lib_a-findfp.o)
                0x10005340                _cleanup_r
 .text.std.isra.0
                0x10005350       0x48 d:/downloads/dave_4-4-2_64bit_2018-02-23/dave-ide-4.4.2-64bit/dave-ide-4.4.2-64bit/eclipse/arm-gcc-49/bin/../lib/gcc/arm-none-eabi/4.9.3/../../../../arm-none-eabi/lib/armv6-m\libg_nano.a(lib_a-findfp.o)
 .text.__sfmoreglue
                0x10005398       0x2c d:/downloads/dave_4-4-2_64bit_2018-02-23/dave-ide-4.4.2-64bit/dave-ide-4.4.2-64bit/eclipse/arm-gcc-49/bin/../lib/gcc/arm-none-eabi/4.9.3/../../../../arm-none-eabi/lib/armv6-m\libg_nano.a(lib_a-findfp.o)
                0x10005398                __sfmoreglue
 .text.__sinit  0x100053c4       0x64 d:/downloads/dave_4-4-2_64bit_2018-02-23/dave-ide-4.4.2-64bit/dave-ide-4.4.2-64bit/eclipse/arm-gcc-49/bin/../lib/gcc/arm-none-eabi/4.9.3/../../../../arm-none-eabi/lib/armv6-m\libg_nano.a(lib_a-findfp.o)
                0x100053c4                __sinit
 .text.__sfp    0x10005428       0x7c d:/downloads/dave_4-4-2_64bit_2018-02-23/dave-ide-4.4.2-64bit/dave-ide-4.4.2-64bit/eclipse/arm-gcc-49/bin/../lib/gcc/arm-none-eabi/4.9.3/../../../../arm-none-eabi/lib/armv6-m\libg_nano.a(lib_a-findfp.o)
                0x10005428                __sfp
 .text._fwalk_reent
                0x100054a4       0x42 d:/downloads/dave_4-4-2_64bit_2018-02-23/dave-ide-4.4.2-64bit/dave-ide-4.4.2-64bit/eclipse/arm-gcc-49/bin/../lib/gcc/arm-none-eabi/4.9.3/../../../../arm-none-eabi/lib/armv6-m\libg_nano.a(lib_a-fwalk.o)
                0x100054a4                _fwalk_reent
 *fill*         0x100054e6        0x2 
 .text.__smakebuf_r
                0x100054e8       0xb0 d:/downloads/dave_4-4-2_64bit_2018-02-23/dave-ide-4.4.2-64bit/dave-ide-4.4.2-64bit/eclipse/arm-gcc-49/bin/../lib/gcc/arm-none-eabi/4.9.3/../../../../arm-none-eabi/lib/armv6-m\libg_nano.a(lib_a-makebuf.o)
                0x100054e8                __smakebuf_r
 .text.memset   0x10005598       0x10 d:/downloads/dave_4-4-2_64bit_2018-02-23/dave-ide-4.4.2-64bit/dave-ide-4.4.2-64bit/eclipse/arm-gcc-49/bin/../lib/gcc/arm-none-eabi/4.9.3/../../../../arm-none-eabi/lib/armv6-m\libg_nano.a(lib_a-memset.o)
                0x10005598                memset
 .text._free_r  0x100055a8       0x8c d:/downloads/dave_4-4-2_64bit_2018-02-23/dave-ide-4.4.2-64bit/dave-ide-4.4.2-64bit/eclipse/arm-gcc-49/bin/../lib/gcc/arm-none-eabi/4.9.3/../../../../arm-none-eabi/lib/armv6-m\libg_nano.a(lib_a-nano-freer.o)
                0x100055a8                _free_r
 .text._malloc_r
                0x10005634       0xb0 d:/downloads/dave_4-4-2_64bit_2018-02-23/dave-ide-4.4.2-64bit/dave-ide-4.4.2-64bit/eclipse/arm-gcc-49/bin/../lib/gcc/arm-none-eabi/4.9.3/../../../../arm-none-eabi/lib/armv6-m\libg_nano.a(lib_a-nano-mallocr.o)
                0x10005634                _malloc_r
 .text.__sfputc_r
                0x100056e4       0x2a d:/downloads/dave_4-4-2_64bit_2018-02-23/dave-ide-4.4.2-64bit/dave-ide-4.4.2-64bit/eclipse/arm-gcc-49/bin/../lib/gcc/arm-none-eabi/4.9.3/../../../../arm-none-eabi/lib/armv6-m\libg_nano.a(lib_a-nano-vfprintf.o)
 .text.__sfputs_r
                0x1000570e       0x24 d:/downloads/dave_4-4-2_64bit_2018-02-23/dave-ide-4.4.2-64bit/dave-ide-4.4.2-64bit/eclipse/arm-gcc-49/bin/../lib/gcc/arm-none-eabi/4.9.3/../../../../arm-none-eabi/lib/armv6-m\libg_nano.a(lib_a-nano-vfprintf.o)
                0x1000570e                __sfputs_r
 *fill*         0x10005732        0x2 
 .text._vfprintf_r
                0x10005734      0x220 d:/downloads/dave_4-4-2_64bit_2018-02-23/dave-ide-4.4.2-64bit/dave-ide-4.4.2-64bit/eclipse/arm-gcc-49/bin/../lib/gcc/arm-none-eabi/4.9.3/../../../../arm-none-eabi/lib/armv6-m\libg_nano.a(lib_a-nano-vfprintf.o)
                0x10005734                _vfprintf_r
                0x10005734                _vfiprintf_r
 .text._printf_common
                0x10005954       0xdc d:/downloads/dave_4-4-2_64bit_2018-02-23/dave-ide-4.4.2-64bit/dave-ide-4.4.2-64bit/eclipse/arm-gcc-49/bin/../lib/gcc/arm-none-eabi/4.9.3/../../../../arm-none-eabi/lib/armv6-m\libg_nano.a(lib_a-nano-vfprintf_i.o)
                0x10005954                _printf_common
 .text._printf_i
                0x10005a30      0x230 d:/downloads/dave_4-4-2_64bit_2018-02-23/dave-ide-4.4.2-64bit/dave-ide-4.4.2-64bit/eclipse/arm-gcc-49/bin/../lib/gcc/arm-none-eabi/4.9.3/../../../../arm-none-eabi/lib/armv6-m\libg_nano.a(lib_a-nano-vfprintf_i.o)
                0x10005a30                _printf_i
 .text._sbrk_r  0x10005c60       0x24 d:/downloads/dave_4-4-2_64bit_2018-02-23/dave-ide-4.4.2-64bit/dave-ide-4.4.2-64bit/eclipse/arm-gcc-49/bin/../lib/gcc/arm-none-eabi/4.9.3/../../../../arm-none-eabi/lib/armv6-m\libg_nano.a(lib_a-sbrkr.o)
                0x10005c60                _sbrk_r
 .text.__sread  0x10005c84       0x28 d:/downloads/dave_4-4-2_64bit_2018-02-23/dave-ide-4.4.2-64bit/dave-ide-4.4.2-64bit/eclipse/arm-gcc-49/bin/../lib/gcc/arm-none-eabi/4.9.3/../../../../arm-none-eabi/lib/armv6-m\libg_nano.a(lib_a-stdio.o)
                0x10005c84                __sread
 .text.__swrite
                0x10005cac       0x38 d:/downloads/dave_4-4-2_64bit_2018-02-23/dave-ide-4.4.2-64bit/dave-ide-4.4.2-64bit/eclipse/arm-gcc-49/bin/../lib/gcc/arm-none-eabi/4.9.3/../../../../arm-none-eabi/lib/armv6-m\libg_nano.a(lib_a-stdio.o)
                0x10005cac                __swrite
 .text.__sseek  0x10005ce4       0x2c d:/downloads/dave_4-4-2_64bit_2018-02-23/dave-ide-4.4.2-64bit/dave-ide-4.4.2-64bit/eclipse/arm-gcc-49/bin/../lib/gcc/arm-none-eabi/4.9.3/../../../../arm-none-eabi/lib/armv6-m\libg_nano.a(lib_a-stdio.o)
                0x10005ce4                __sseek
 .text.__sclose
                0x10005d10        0xc d:/downloads/dave_4-4-2_64bit_2018-02-23/dave-ide-4.4.2-64bit/dave-ide-4.4.2-64bit/eclipse/arm-gcc-49/bin/../lib/gcc/arm-none-eabi/4.9.3/../../../../arm-none-eabi/lib/armv6-m\libg_nano.a(lib_a-stdio.o)
                0x10005d10                __sclose
 .text._write_r
                0x10005d1c       0x28 d:/downloads/dave_4-4-2_64bit_2018-02-23/dave-ide-4.4.2-64bit/dave-ide-4.4.2-64bit/eclipse/arm-gcc-49/bin/../lib/gcc/arm-none-eabi/4.9.3/../../../../arm-none-eabi/lib/armv6-m\libg_nano.a(lib_a-writer.o)
                0x10005d1c                _write_r
 .text._close_r
                0x10005d44       0x24 d:/downloads/dave_4-4-2_64bit_2018-02-23/dave-ide-4.4.2-64bit/dave-ide-4.4.2-64bit/eclipse/arm-gcc-49/bin/../lib/gcc/arm-none-eabi/4.9.3/../../../../arm-none-eabi/lib/armv6-m\libg_nano.a(lib_a-closer.o)
                0x10005d44                _close_r
 .text._fstat_r
                0x10005d68       0x24 d:/downloads/dave_4-4-2_64bit_2018-02-23/dave-ide-4.4.2-64bit/dave-ide-4.4.2-64bit/eclipse/arm-gcc-49/bin/../lib/gcc/arm-none-eabi/4.9.3/../../../../arm-none-eabi/lib/armv6-m\libg_nano.a(lib_a-fstatr.o)
                0x10005d68                _fstat_r
 .text._isatty_r
                0x10005d8c       0x24 d:/downloads/dave_4-4-2_64bit_2018-02-23/dave-ide-4.4.2-64bit/dave-ide-4.4.2-64bit/eclipse/arm-gcc-49/bin/../lib/gcc/arm-none-eabi/4.9.3/../../../../arm-none-eabi/lib/armv6-m\libg_nano.a(lib_a-isattyr.o)
                0x10005d8c                _isatty_r
 .text._lseek_r
                0x10005db0       0x28 d:/downloads/dave_4-4-2_64bit_2018-02-23/dave-ide-4.4.2-64bit/dave-ide-4.4.2-64bit/eclipse/arm-gcc-49/bin/../lib/gcc/arm-none-eabi/4.9.3/../../../../arm-none-eabi/lib/armv6-m\libg_nano.a(lib_a-lseekr.o)
                0x10005db0                _lseek_r
 .text.memchr   0x10005dd8       0x16 d:/downloads/dave_4-4-2_64bit_2018-02-23/dave-ide-4.4.2-64bit/dave-ide-4.4.2-64bit/eclipse/arm-gcc-49/bin/../lib/gcc/arm-none-eabi/4.9.3/../../../../arm-none-eabi/lib/armv6-m\libg_nano.a(lib_a-memchr.o)
                0x10005dd8                memchr
 *fill*         0x10005dee        0x2 
 .text._read_r  0x10005df0       0x28 d:/downloads/dave_4-4-2_64bit_2018-02-23/dave-ide-4.4.2-64bit/dave-ide-4.4.2-64bit/eclipse/arm-gcc-49/bin/../lib/gcc/arm-none-eabi/4.9.3/../../../../arm-none-eabi/lib/armv6-m\libg_nano.a(lib_a-readr.o)
                0x10005df0                _read_r
 .text.findslot
                0x10005e18       0x34 d:/downloads/dave_4-4-2_64bit_2018-02-23/dave-ide-4.4.2-64bit/dave-ide-4.4.2-64bit/eclipse/arm-gcc-49/bin/../lib/gcc/arm-none-eabi/4.9.3/../../../../arm-none-eabi/lib/armv6-m\librdimon_nano.a(rdimon-syscalls.o)
 .text.error    0x10005e4c       0x1c d:/downloads/dave_4-4-2_64bit_2018-02-23/dave-ide-4.4.2-64bit/dave-ide-4.4.2-64bit/eclipse/arm-gcc-49/bin/../lib/gcc/arm-none-eabi/4.9.3/../../../../arm-none-eabi/lib/armv6-m\librdimon_nano.a(rdimon-syscalls.o)
 .text.checkerror
                0x10005e68        0xc d:/downloads/dave_4-4-2_64bit_2018-02-23/dave-ide-4.4.2-64bit/dave-ide-4.4.2-64bit/eclipse/arm-gcc-49/bin/../lib/gcc/arm-none-eabi/4.9.3/../../../../arm-none-eabi/lib/armv6-m\librdimon_nano.a(rdimon-syscalls.o)
 .text.initialise_monitor_handles
                0x10005e74       0x98 d:/downloads/dave_4-4-2_64bit_2018-02-23/dave-ide-4.4.2-64bit/dave-ide-4.4.2-64bit/eclipse/arm-gcc-49/bin/../lib/gcc/arm-none-eabi/4.9.3/../../../../arm-none-eabi/lib/armv6-m\librdimon_nano.a(rdimon-syscalls.o)
                0x10005e74                initialise_monitor_handles
 .text._swiread
                0x10005f0c       0x20 d:/downloads/dave_4-4-2_64bit_2018-02-23/dave-ide-4.4.2-64bit/dave-ide-4.4.2-64bit/eclipse/arm-gcc-49/bin/../lib/gcc/arm-none-eabi/4.9.3/../../../../arm-none-eabi/lib/armv6-m\librdimon_nano.a(rdimon-syscalls.o)
                0x10005f0c                _swiread
 .text._read    0x10005f2c       0x36 d:/downloads/dave_4-4-2_64bit_2018-02-23/dave-ide-4.4.2-64bit/dave-ide-4.4.2-64bit/eclipse/arm-gcc-49/bin/../lib/gcc/arm-none-eabi/4.9.3/../../../../arm-none-eabi/lib/armv6-m\librdimon_nano.a(rdimon-syscalls.o)
                0x10005f2c                _read
 .text._swilseek
                0x10005f62       0x76 d:/downloads/dave_4-4-2_64bit_2018-02-23/dave-ide-4.4.2-64bit/dave-ide-4.4.2-64bit/eclipse/arm-gcc-49/bin/../lib/gcc/arm-none-eabi/4.9.3/../../../../arm-none-eabi/lib/armv6-m\librdimon_nano.a(rdimon-syscalls.o)
                0x10005f62                _swilseek
 .text._lseek   0x10005fd8        0x8 d:/downloads/dave_4-4-2_64bit_2018-02-23/dave-ide-4.4.2-64bit/dave-ide-4.4.2-64bit/eclipse/arm-gcc-49/bin/../lib/gcc/arm-none-eabi/4.9.3/../../../../arm-none-eabi/lib/armv6-m\librdimon_nano.a(rdimon-syscalls.o)
                0x10005fd8                _lseek
 .text._swiwrite
                0x10005fe0       0x20 d:/downloads/dave_4-4-2_64bit_2018-02-23/dave-ide-4.4.2-64bit/dave-ide-4.4.2-64bit/eclipse/arm-gcc-49/bin/../lib/gcc/arm-none-eabi/4.9.3/../../../../arm-none-eabi/lib/armv6-m\librdimon_nano.a(rdimon-syscalls.o)
                0x10005fe0                _swiwrite
 .text._write   0x10006000       0x40 d:/downloads/dave_4-4-2_64bit_2018-02-23/dave-ide-4.4.2-64bit/dave-ide-4.4.2-64bit/eclipse/arm-gcc-49/bin/../lib/gcc/arm-none-eabi/4.9.3/../../../../arm-none-eabi/lib/armv6-m\librdimon_nano.a(rdimon-syscalls.o)
                0x10006000                _write
 .text._swiclose
                0x10006040       0x18 d:/downloads/dave_4-4-2_64bit_2018-02-23/dave-ide-4.4.2-64bit/dave-ide-4.4.2-64bit/eclipse/arm-gcc-49/bin/../lib/gcc/arm-none-eabi/4.9.3/../../../../arm-none-eabi/lib/armv6-m\librdimon_nano.a(rdimon-syscalls.o)
                0x10006040                _swiclose
 .text._close   0x10006058       0x4c d:/downloads/dave_4-4-2_64bit_2018-02-23/dave-ide-4.4.2-64bit/dave-ide-4.4.2-64bit/eclipse/arm-gcc-49/bin/../lib/gcc/arm-none-eabi/4.9.3/../../../../arm-none-eabi/lib/armv6-m\librdimon_nano.a(rdimon-syscalls.o)
                0x10006058                _close
 .text._swistat
                0x100060a4       0x46 d:/downloads/dave_4-4-2_64bit_2018-02-23/dave-ide-4.4.2-64bit/dave-ide-4.4.2-64bit/eclipse/arm-gcc-49/bin/../lib/gcc/arm-none-eabi/4.9.3/../../../../arm-none-eabi/lib/armv6-m\librdimon_nano.a(rdimon-syscalls.o)
                0x100060a4                _swistat
 .text._fstat   0x100060ea       0x1a d:/downloads/dave_4-4-2_64bit_2018-02-23/dave-ide-4.4.2-64bit/dave-ide-4.4.2-64bit/eclipse/arm-gcc-49/bin/../lib/gcc/arm-none-eabi/4.9.3/../../../../arm-none-eabi/lib/armv6-m\librdimon_nano.a(rdimon-syscalls.o)
                0x100060ea                _fstat
 .text._isatty  0x10006104       0x3a d:/downloads/dave_4-4-2_64bit_2018-02-23/dave-ide-4.4.2-64bit/dave-ide-4.4.2-64bit/eclipse/arm-gcc-49/bin/../lib/gcc/arm-none-eabi/4.9.3/../../../../arm-none-eabi/lib/armv6-m\librdimon_nano.a(rdimon-syscalls.o)
                0x10006104                _isatty
 *(.init)
 *(.fini)
 *crtbegin.o(.ctors)
 *crtbegin?.o(.ctors)
 *(EXCLUDE_FILE(*crtend.o *crtend?.o) .ctors)
 *(SORT(.ctors.*))
 *(.ctors)
 *crtbegin.o(.dtors)
 *crtbegin?.o(.dtors)
 *(EXCLUDE_FILE(*crtend.o *crtend?.o) .dtors)
 *(SORT(.dtors.*))
 *(.dtors)
 *(.rodata .rodata.*)
 *fill*         0x1000613e        0x2 
 .rodata.SPI_MASTER_0_MOSI
                0x10006140        0x8 ./Dave/Generated/SPI_MASTER/spi_master_conf.o
                0x10006140                SPI_MASTER_0_MOSI
 .rodata.SPI_MASTER_0_MISO
                0x10006148        0x8 ./Dave/Generated/SPI_MASTER/spi_master_conf.o
                0x10006148                SPI_MASTER_0_MISO
 .rodata.SPI_MASTER_0_SCLKOUT
                0x10006150        0x8 ./Dave/Generated/SPI_MASTER/spi_master_conf.o
                0x10006150                SPI_MASTER_0_SCLKOUT
 .rodata.SPI_MASTER_0_SCLKOUT_Config
                0x10006158       0x10 ./Dave/Generated/SPI_MASTER/spi_master_conf.o
                0x10006158                SPI_MASTER_0_SCLKOUT_Config
 .rodata.SPI_MASTER_0_SS_0
                0x10006168        0x8 ./Dave/Generated/SPI_MASTER/spi_master_conf.o
                0x10006168                SPI_MASTER_0_SS_0
 .rodata.SPI_MASTER_0_SS_0_Config
                0x10006170       0x10 ./Dave/Generated/SPI_MASTER/spi_master_conf.o
                0x10006170                SPI_MASTER_0_SS_0_Config
 .rodata.SPI_MASTER_0_Config
                0x10006180       0x8c ./Dave/Generated/SPI_MASTER/spi_master_conf.o
                0x10006180                SPI_MASTER_0_Config
 .rodata.SPI_MASTER_1_MOSI
                0x1000620c        0x8 ./Dave/Generated/SPI_MASTER/spi_master_conf.o
                0x1000620c                SPI_MASTER_1_MOSI
 .rodata.SPI_MASTER_1_MISO
                0x10006214        0x8 ./Dave/Generated/SPI_MASTER/spi_master_conf.o
                0x10006214                SPI_MASTER_1_MISO
 .rodata.SPI_MASTER_1_SCLKOUT
                0x1000621c        0x8 ./Dave/Generated/SPI_MASTER/spi_master_conf.o
                0x1000621c                SPI_MASTER_1_SCLKOUT
 .rodata.SPI_MASTER_1_SCLKOUT_Config
                0x10006224       0x10 ./Dave/Generated/SPI_MASTER/spi_master_conf.o
                0x10006224                SPI_MASTER_1_SCLKOUT_Config
 .rodata.SPI_MASTER_1_SS_0
                0x10006234        0x8 ./Dave/Generated/SPI_MASTER/spi_master_conf.o
                0x10006234                SPI_MASTER_1_SS_0
 .rodata.SPI_MASTER_1_SS_0_Config
                0x1000623c       0x10 ./Dave/Generated/SPI_MASTER/spi_master_conf.o
                0x1000623c                SPI_MASTER_1_SS_0_Config
 .rodata.SPI_MASTER_1_Config
                0x1000624c       0x8c ./Dave/Generated/SPI_MASTER/spi_master_conf.o
                0x1000624c                SPI_MASTER_1_Config
 .rodata.I2C_MASTER_0_sda_pin_config
                0x100062d8        0x8 ./Dave/Generated/I2C_MASTER/i2c_master_conf.o
 .rodata.I2C_MASTER_0_scl_pin_config
                0x100062e0        0x8 ./Dave/Generated/I2C_MASTER/i2c_master_conf.o
 .rodata.I2C_MASTER_0_channel_config
                0x100062e8        0x8 ./Dave/Generated/I2C_MASTER/i2c_master_conf.o
                0x100062e8                I2C_MASTER_0_channel_config
 .rodata.I2C_MASTER_0_config
                0x100062f0       0x2c ./Dave/Generated/I2C_MASTER/i2c_master_conf.o
                0x100062f0                I2C_MASTER_0_config
 .rodata.SPI_CE
                0x1000631c       0x10 ./Dave/Generated/DIGITAL_IO/digital_io_conf.o
                0x1000631c                SPI_CE
 .rodata        0x1000632c       0x10 ./Dave/Generated/CLOCK_XMC1/clock_xmc1_conf.o
 .rodata        0x1000633c       0x54 ./BMP180.o
 .rodata        0x10006390       0xe4 ./main.o
 .rodata.str1.1
                0x10006474        0x2 d:/downloads/dave_4-4-2_64bit_2018-02-23/dave-ide-4.4.2-64bit/dave-ide-4.4.2-64bit/eclipse/arm-gcc-49/bin/../lib/gcc/arm-none-eabi/4.9.3/../../../../arm-none-eabi/lib/armv6-m\libg_nano.a(lib_a-impure.o)
 *fill*         0x10006476        0x2 
 .rodata._global_impure_ptr
                0x10006478        0x4 d:/downloads/dave_4-4-2_64bit_2018-02-23/dave-ide-4.4.2-64bit/dave-ide-4.4.2-64bit/eclipse/arm-gcc-49/bin/../lib/gcc/arm-none-eabi/4.9.3/../../../../arm-none-eabi/lib/armv6-m\libg_nano.a(lib_a-impure.o)
                0x10006478                _global_impure_ptr
 .rodata.__sf_fake_stdin
                0x1000647c       0x20 d:/downloads/dave_4-4-2_64bit_2018-02-23/dave-ide-4.4.2-64bit/dave-ide-4.4.2-64bit/eclipse/arm-gcc-49/bin/../lib/gcc/arm-none-eabi/4.9.3/../../../../arm-none-eabi/lib/armv6-m\libg_nano.a(lib_a-findfp.o)
                0x1000647c                __sf_fake_stdin
 .rodata.__sf_fake_stdout
                0x1000649c       0x20 d:/downloads/dave_4-4-2_64bit_2018-02-23/dave-ide-4.4.2-64bit/dave-ide-4.4.2-64bit/eclipse/arm-gcc-49/bin/../lib/gcc/arm-none-eabi/4.9.3/../../../../arm-none-eabi/lib/armv6-m\libg_nano.a(lib_a-findfp.o)
                0x1000649c                __sf_fake_stdout
 .rodata.__sf_fake_stderr
                0x100064bc       0x20 d:/downloads/dave_4-4-2_64bit_2018-02-23/dave-ide-4.4.2-64bit/dave-ide-4.4.2-64bit/eclipse/arm-gcc-49/bin/../lib/gcc/arm-none-eabi/4.9.3/../../../../arm-none-eabi/lib/armv6-m\libg_nano.a(lib_a-findfp.o)
                0x100064bc                __sf_fake_stderr
 .rodata.str1.1
                0x100064dc       0x11 d:/downloads/dave_4-4-2_64bit_2018-02-23/dave-ide-4.4.2-64bit/dave-ide-4.4.2-64bit/eclipse/arm-gcc-49/bin/../lib/gcc/arm-none-eabi/4.9.3/../../../../arm-none-eabi/lib/armv6-m\libg_nano.a(lib_a-nano-vfprintf.o)
 .rodata.str1.1
                0x100064ed       0x22 d:/downloads/dave_4-4-2_64bit_2018-02-23/dave-ide-4.4.2-64bit/dave-ide-4.4.2-64bit/eclipse/arm-gcc-49/bin/../lib/gcc/arm-none-eabi/4.9.3/../../../../arm-none-eabi/lib/armv6-m\libg_nano.a(lib_a-nano-vfprintf_i.o)
 .rodata.str1.1
                0x1000650f        0x4 d:/downloads/dave_4-4-2_64bit_2018-02-23/dave-ide-4.4.2-64bit/dave-ide-4.4.2-64bit/eclipse/arm-gcc-49/bin/../lib/gcc/arm-none-eabi/4.9.3/../../../../arm-none-eabi/lib/armv6-m\librdimon_nano.a(rdimon-syscalls.o)
 *(.gnu.linkonce.r*)
 *(vtable)
                0x10006514                . = ALIGN (0x4)
 *fill*         0x10006513        0x1 

.glue_7         0x10006514        0x0
 .glue_7        0x00000000        0x0 linker stubs

.glue_7t        0x10006514        0x0
 .glue_7t       0x00000000        0x0 linker stubs

.vfp11_veneer   0x10006514        0x0
 .vfp11_veneer  0x00000000        0x0 linker stubs

.v4_bx          0x10006514        0x0
 .v4_bx         0x00000000        0x0 linker stubs

.iplt           0x10006514        0x0
 .iplt          0x00000000        0x0 ./Startup/startup_XMC1400.o

.eh_frame_hdr
 *(.eh_frame_hdr)

.eh_frame
 *(.eh_frame)

.ARM.extab
 *(.ARM.extab* .gnu.linkonce.armextab.*)
                0x10006514                . = ALIGN (0x4)
                0x10006514                __exidx_start = .

.ARM.exidx
 *(.ARM.exidx* .gnu.linkonce.armexidx.*)
                0x10006514                __exidx_end = .
                0x10006514                . = ALIGN (0x4)

.VENEER_Code    0x2000000c      0x144 load address 0x10006514
                0x2000000c                . = ALIGN (0x4)
                0x2000000c                VeneerStart = .
 *(.XmcVeneerCode)
 .XmcVeneerCode
                0x2000000c      0x144 ./Startup/startup_XMC1400.o
                0x2000000c                HardFault_Veener
                0x2000002c                SVC_Veener
                0x20000038                PendSV_Veener
                0x2000003c                SysTick_Veener
                0x20000040                IRQ0_Veener
                0x20000044                IRQ1_Veener
                0x20000048                IRQ2_Veener
                0x2000004c                IRQ3_Veener
                0x20000050                IRQ4_Veener
                0x20000054                IRQ5_Veener
                0x20000058                IRQ6_Veener
                0x2000005c                IRQ7_Veener
                0x20000060                IRQ8_Veener
                0x20000064                IRQ9_Veener
                0x20000068                IRQ10_Veener
                0x2000006c                IRQ11_Veener
                0x20000070                IRQ12_Veener
                0x20000074                IRQ13_Veener
                0x20000078                IRQ14_Veener
                0x2000007c                IRQ15_Veener
                0x20000080                IRQ16_Veener
                0x20000084                IRQ17_Veener
                0x20000088                IRQ18_Veener
                0x2000008c                IRQ19_Veener
                0x20000090                IRQ20_Veener
                0x20000094                IRQ21_Veener
                0x20000098                IRQ22_Veener
                0x2000009c                IRQ23_Veener
                0x200000a0                IRQ24_Veener
                0x200000a4                IRQ25_Veener
                0x200000a8                IRQ26_Veener
                0x200000ac                IRQ27_Veener
                0x200000b0                IRQ28_Veener
                0x200000b4                IRQ29_Veener
                0x200000b8                IRQ30_Veener
                0x200000bc                IRQ31_Veener
                0x20000150                . = ALIGN (0x4)
                0x20000150                VeneerEnd = .
                0x10006514                eROData = LOADADDR (.VENEER_Code)
                0x00000144                VeneerSize = (ABSOLUTE (VeneerEnd) - ABSOLUTE (VeneerStart))

.rel.dyn        0x20000150        0x0 load address 0x10006658
 .rel.iplt      0x00000000        0x0 ./Startup/startup_XMC1400.o

Stack           0x20000150      0x400 load address 0x00000000
                0x20000150                . = ALIGN (0x8)
                0x20000550                . = (. + stack_size)
 *fill*         0x20000150      0x400 
                0x20000550                __initial_sp = .

.data           0x20000550      0x134 load address 0x10006658
                0x20000550                . = ALIGN (0x4)
                0x20000550                __data_start = .
 *(.data)
 *(.data*)
 .data.SPI_MASTER_0_MOSI_Config
                0x20000550       0x10 ./Dave/Generated/SPI_MASTER/spi_master_conf.o
                0x20000550                SPI_MASTER_0_MOSI_Config
 .data.SPI_MASTER_0_Channel_Config
                0x20000560        0xc ./Dave/Generated/SPI_MASTER/spi_master_conf.o
                0x20000560                SPI_MASTER_0_Channel_Config
 .data.SPI_MASTER_0_runtime
                0x2000056c       0x24 ./Dave/Generated/SPI_MASTER/spi_master_conf.o
                0x2000056c                SPI_MASTER_0_runtime
 .data.SPI_MASTER_0
                0x20000590        0xc ./Dave/Generated/SPI_MASTER/spi_master_conf.o
                0x20000590                SPI_MASTER_0
 .data.SPI_MASTER_1_MOSI_Config
                0x2000059c       0x10 ./Dave/Generated/SPI_MASTER/spi_master_conf.o
                0x2000059c                SPI_MASTER_1_MOSI_Config
 .data.SPI_MASTER_1_Channel_Config
                0x200005ac        0xc ./Dave/Generated/SPI_MASTER/spi_master_conf.o
                0x200005ac                SPI_MASTER_1_Channel_Config
 .data.SPI_MASTER_1_runtime
                0x200005b8       0x24 ./Dave/Generated/SPI_MASTER/spi_master_conf.o
                0x200005b8                SPI_MASTER_1_runtime
 .data.SPI_MASTER_1
                0x200005dc        0xc ./Dave/Generated/SPI_MASTER/spi_master_conf.o
                0x200005dc                SPI_MASTER_1
 .data.I2C_MASTER_0_runtime
                0x200005e8       0x2c ./Dave/Generated/I2C_MASTER/i2c_master_conf.o
                0x200005e8                I2C_MASTER_0_runtime
 .data.I2C_MASTER_0
                0x20000614        0xc ./Dave/Generated/I2C_MASTER/i2c_master_conf.o
                0x20000614                I2C_MASTER_0
 .data.impure_data
                0x20000620       0x60 d:/downloads/dave_4-4-2_64bit_2018-02-23/dave-ide-4.4.2-64bit/dave-ide-4.4.2-64bit/eclipse/arm-gcc-49/bin/../lib/gcc/arm-none-eabi/4.9.3/../../../../arm-none-eabi/lib/armv6-m\libg_nano.a(lib_a-impure.o)
 .data._impure_ptr
                0x20000680        0x4 d:/downloads/dave_4-4-2_64bit_2018-02-23/dave-ide-4.4.2-64bit/dave-ide-4.4.2-64bit/eclipse/arm-gcc-49/bin/../lib/gcc/arm-none-eabi/4.9.3/../../../../arm-none-eabi/lib/armv6-m\libg_nano.a(lib_a-impure.o)
                0x20000680                _impure_ptr
 *(*.data)
 *(.gnu.linkonce.d*)
                0x20000684                . = ALIGN (0x4)
                0x20000684                PROVIDE (__preinit_array_start, .)
 *(.preinit_array)
                0x20000684                PROVIDE (__preinit_array_end, .)
                0x20000684                . = ALIGN (0x4)
                0x20000684                PROVIDE (__init_array_start, .)
 *(SORT(.init_array.*))
 *(.init_array)
                0x20000684                PROVIDE (__init_array_end, .)
                0x20000684                . = ALIGN (0x4)
                0x20000684                PROVIDE (__fini_array_start, .)
 *(SORT(.fini_array.*))
 *(.fini_array)
                0x20000684                PROVIDE (__fini_array_end, .)
                0x20000684                . = ALIGN (0x4)
                0x20000684                __data_end = .
                0x10006658                DataLoadAddr = LOADADDR (.data)
                0x00000134                __data_size = (__data_end - __data_start)

.igot.plt       0x20000684        0x0 load address 0x1000678c
 .igot.plt      0x00000000        0x0 ./Startup/startup_XMC1400.o

.ram_code       0x20000684        0x0 load address 0x1000678c
                0x20000684                . = ALIGN (0x4)
                0x20000684                __ram_code_start = .
 *(.ram_code)
                0x20000684                . = ALIGN (0x4)
                0x20000684                __ram_code_end = .
                0x1000678c                __ram_code_load = LOADADDR (.ram_code)
                0x00000000                __ram_code_size = (__ram_code_end - __ram_code_start)
                0x0000578c                __text_size = ((((__exidx_end - sText) + VeneerSize) + __data_size) + __ram_code_size)
                0x1000678c                eText = (sText + __text_size)

.bss            0x20000684      0x12c load address 0x1000678c
                0x20000684                . = ALIGN (0x4)
                0x20000684                __bss_start = .
 *(.bss)
 *(.bss*)
 .bss.IDIV.5134
                0x20000684        0x4 ./Startup/system_XMC1400.o
 .bss.FDIV.5135
                0x20000688        0x4 ./Startup/system_XMC1400.o
 .bss.heap_ptr.4331
                0x2000068c        0x4 ./Libraries/Newlib/syscalls.o
 .bss.SPI_MASTER_0_MISO_Config
                0x20000690       0x10 ./Dave/Generated/SPI_MASTER/spi_master_conf.o
                0x20000690                SPI_MASTER_0_MISO_Config
 .bss.SPI_MASTER_1_MISO_Config
                0x200006a0       0x10 ./Dave/Generated/SPI_MASTER/spi_master_conf.o
                0x200006a0                SPI_MASTER_1_MISO_Config
 .bss.CLOCK_XMC1_0
                0x200006b0        0x4 ./Dave/Generated/CLOCK_XMC1/clock_xmc1_conf.o
                0x200006b0                CLOCK_XMC1_0
 .bss.__malloc_sbrk_start
                0x200006b4        0x4 d:/downloads/dave_4-4-2_64bit_2018-02-23/dave-ide-4.4.2-64bit/dave-ide-4.4.2-64bit/eclipse/arm-gcc-49/bin/../lib/gcc/arm-none-eabi/4.9.3/../../../../arm-none-eabi/lib/armv6-m\libg_nano.a(lib_a-nano-mallocr.o)
                0x200006b4                __malloc_sbrk_start
 .bss.__malloc_free_list
                0x200006b8        0x4 d:/downloads/dave_4-4-2_64bit_2018-02-23/dave-ide-4.4.2-64bit/dave-ide-4.4.2-64bit/eclipse/arm-gcc-49/bin/../lib/gcc/arm-none-eabi/4.9.3/../../../../arm-none-eabi/lib/armv6-m\libg_nano.a(lib_a-nano-mallocr.o)
                0x200006b8                __malloc_free_list
 .bss.monitor_stdout
                0x200006bc        0x4 d:/downloads/dave_4-4-2_64bit_2018-02-23/dave-ide-4.4.2-64bit/dave-ide-4.4.2-64bit/eclipse/arm-gcc-49/bin/../lib/gcc/arm-none-eabi/4.9.3/../../../../arm-none-eabi/lib/armv6-m\librdimon_nano.a(rdimon-syscalls.o)
 .bss.monitor_stdin
                0x200006c0        0x4 d:/downloads/dave_4-4-2_64bit_2018-02-23/dave-ide-4.4.2-64bit/dave-ide-4.4.2-64bit/eclipse/arm-gcc-49/bin/../lib/gcc/arm-none-eabi/4.9.3/../../../../arm-none-eabi/lib/armv6-m\librdimon_nano.a(rdimon-syscalls.o)
 .bss.monitor_stderr
                0x200006c4        0x4 d:/downloads/dave_4-4-2_64bit_2018-02-23/dave-ide-4.4.2-64bit/dave-ide-4.4.2-64bit/eclipse/arm-gcc-49/bin/../lib/gcc/arm-none-eabi/4.9.3/../../../../arm-none-eabi/lib/armv6-m\librdimon_nano.a(rdimon-syscalls.o)
 .bss.openfiles
                0x200006c8       0xa0 d:/downloads/dave_4-4-2_64bit_2018-02-23/dave-ide-4.4.2-64bit/dave-ide-4.4.2-64bit/eclipse/arm-gcc-49/bin/../lib/gcc/arm-none-eabi/4.9.3/../../../../arm-none-eabi/lib/armv6-m\librdimon_nano.a(rdimon-syscalls.o)
 *(COMMON)
 COMMON         0x20000768       0x41 ./BMP180.o
                0x20000768                BMP180_DataRead
                0x20000788                BMP180_DataSent
                0x200007a8                BMP180_I2C_Status
 *fill*         0x200007a9        0x3 
 COMMON         0x200007ac        0x4 d:/downloads/dave_4-4-2_64bit_2018-02-23/dave-ide-4.4.2-64bit/dave-ide-4.4.2-64bit/eclipse/arm-gcc-49/bin/../lib/gcc/arm-none-eabi/4.9.3/../../../../arm-none-eabi/lib/armv6-m\libg_nano.a(lib_a-reent.o)
                0x200007ac                errno
 *(.gnu.linkonce.b*)
                0x200007b0                . = ALIGN (0x4)
                0x200007b0                __bss_end = .
                0x200007b0                . = ALIGN (0x8)
                0x200007b0                Heap_Bank1_Start = .
                0x0000012c                __bss_size = (__bss_end - __bss_start)

.no_init        0x20003ffc        0x4 load address 0x00003eac
                0x20003ffc                Heap_Bank1_End = .
 *(.no_init)
 .no_init       0x20003ffc        0x4 ./Startup/system_XMC1400.o
                0x20003ffc                SystemCoreClock
                0x0000384c                Heap_Bank1_Size = (Heap_Bank1_End - Heap_Bank1_Start)
                0x00000001                ASSERT ((Heap_Bank1_Start <= Heap_Bank1_End), region SRAM overflowed no_init section)

/DISCARD/
 *(.comment)

.stab
 *(.stab)

.stabstr
 *(.stabstr)

.debug
 *(.debug)

.line
 *(.line)

.debug_srcinfo
 *(.debug_srcinfo)

.debug_sfnames
 *(.debug_sfnames)

.debug_aranges  0x00000000      0xb48
 *(.debug_aranges)
 .debug_aranges
                0x00000000       0x28 ./Startup/startup_XMC1400.o
 .debug_aranges
                0x00000028       0x40 ./Startup/system_XMC1400.o
 .debug_aranges
                0x00000068       0x28 ./Libraries/XMCLib/src/xmc1_gpio.o
 .debug_aranges
                0x00000090      0x160 ./Libraries/XMCLib/src/xmc1_scu.o
 .debug_aranges
                0x000001f0       0x28 ./Libraries/XMCLib/src/xmc_gpio.o
 .debug_aranges
                0x00000218       0xb0 ./Libraries/XMCLib/src/xmc_i2c.o
 .debug_aranges
                0x000002c8       0xf0 ./Libraries/XMCLib/src/xmc_math.o
 .debug_aranges
                0x000003b8       0x88 ./Libraries/XMCLib/src/xmc_spi.o
 .debug_aranges
                0x00000440       0xb8 ./Libraries/XMCLib/src/xmc_usic.o
 .debug_aranges
                0x000004f8       0x28 ./Libraries/Newlib/syscalls.o
 .debug_aranges
                0x00000520      0x180 ./Dave/Generated/SPI_MASTER/spi_master.o
 .debug_aranges
                0x000006a0       0xc0 ./Dave/Generated/SPI_MASTER/spi_master_conf.o
 .debug_aranges
                0x00000760      0x1b0 ./Dave/Generated/I2C_MASTER/i2c_master.o
 .debug_aranges
                0x00000910       0x90 ./Dave/Generated/I2C_MASTER/i2c_master_conf.o
 .debug_aranges
                0x000009a0       0x28 ./Dave/Generated/DIGITAL_IO/digital_io.o
 .debug_aranges
                0x000009c8       0x18 ./Dave/Generated/DIGITAL_IO/digital_io_conf.o
 .debug_aranges
                0x000009e0       0x20 ./Dave/Generated/CPU_CTRL_XMC1/cpu_ctrl_xmc1_conf.o
 .debug_aranges
                0x00000a00       0x30 ./Dave/Generated/CLOCK_XMC1/clock_xmc1.o
 .debug_aranges
                0x00000a30       0x20 ./Dave/Generated/CLOCK_XMC1/clock_xmc1_conf.o
 .debug_aranges
                0x00000a50       0x20 ./Dave/Generated/DAVE.o
 .debug_aranges
                0x00000a70       0x60 ./BMP180.o
 .debug_aranges
                0x00000ad0       0x78 ./main.o

.debug_pubnames
 *(.debug_pubnames)

.debug_pubtypes
 *(.debug_pubtypes)

.debug_info     0x00000000    0x10b49
 *(.debug_info .gnu.linkonce.wi.*)
 .debug_info    0x00000000       0x6d ./Startup/startup_XMC1400.o
 .debug_info    0x0000006d      0x617 ./Startup/system_XMC1400.o
 .debug_info    0x00000684      0x4f1 ./Libraries/XMCLib/src/xmc1_gpio.o
 .debug_info    0x00000b75     0x15df ./Libraries/XMCLib/src/xmc1_scu.o
 .debug_info    0x00002154      0x484 ./Libraries/XMCLib/src/xmc_gpio.o
 .debug_info    0x000025d8      0xb7a ./Libraries/XMCLib/src/xmc_i2c.o
 .debug_info    0x00003152      0xd46 ./Libraries/XMCLib/src/xmc_math.o
 .debug_info    0x00003e98      0xb38 ./Libraries/XMCLib/src/xmc_spi.o
 .debug_info    0x000049d0      0xe34 ./Libraries/XMCLib/src/xmc_usic.o
 .debug_info    0x00005804      0x11f ./Libraries/Newlib/syscalls.o
 .debug_info    0x00005923     0x1d53 ./Dave/Generated/SPI_MASTER/spi_master.o
 .debug_info    0x00007676     0x1c6a ./Dave/Generated/SPI_MASTER/spi_master_conf.o
 .debug_info    0x000092e0     0x19b2 ./Dave/Generated/I2C_MASTER/i2c_master.o
 .debug_info    0x0000ac92     0x1598 ./Dave/Generated/I2C_MASTER/i2c_master_conf.o
 .debug_info    0x0000c22a      0x5a6 ./Dave/Generated/DIGITAL_IO/digital_io.o
 .debug_info    0x0000c7d0      0x4e1 ./Dave/Generated/DIGITAL_IO/digital_io_conf.o
 .debug_info    0x0000ccb1      0x34b ./Dave/Generated/CPU_CTRL_XMC1/cpu_ctrl_xmc1_conf.o
 .debug_info    0x0000cffc      0x2d2 ./Dave/Generated/CLOCK_XMC1/clock_xmc1.o
 .debug_info    0x0000d2ce      0x35e ./Dave/Generated/CLOCK_XMC1/clock_xmc1_conf.o
 .debug_info    0x0000d62c     0x1344 ./Dave/Generated/DAVE.o
 .debug_info    0x0000e970      0xb4f ./BMP180.o
 .debug_info    0x0000f4bf     0x168a ./main.o

.debug_abbrev   0x00000000     0x2639
 *(.debug_abbrev)
 .debug_abbrev  0x00000000       0x12 ./Startup/startup_XMC1400.o
 .debug_abbrev  0x00000012      0x165 ./Startup/system_XMC1400.o
 .debug_abbrev  0x00000177      0x108 ./Libraries/XMCLib/src/xmc1_gpio.o
 .debug_abbrev  0x0000027f      0x2b2 ./Libraries/XMCLib/src/xmc1_scu.o
 .debug_abbrev  0x00000531      0x108 ./Libraries/XMCLib/src/xmc_gpio.o
 .debug_abbrev  0x00000639      0x29e ./Libraries/XMCLib/src/xmc_i2c.o
 .debug_abbrev  0x000008d7      0x2a9 ./Libraries/XMCLib/src/xmc_math.o
 .debug_abbrev  0x00000b80      0x268 ./Libraries/XMCLib/src/xmc_spi.o
 .debug_abbrev  0x00000de8      0x23b ./Libraries/XMCLib/src/xmc_usic.o
 .debug_abbrev  0x00001023       0xbd ./Libraries/Newlib/syscalls.o
 .debug_abbrev  0x000010e0      0x276 ./Dave/Generated/SPI_MASTER/spi_master.o
 .debug_abbrev  0x00001356      0x22f ./Dave/Generated/SPI_MASTER/spi_master_conf.o
 .debug_abbrev  0x00001585      0x2e2 ./Dave/Generated/I2C_MASTER/i2c_master.o
 .debug_abbrev  0x00001867      0x22b ./Dave/Generated/I2C_MASTER/i2c_master_conf.o
 .debug_abbrev  0x00001a92      0x126 ./Dave/Generated/DIGITAL_IO/digital_io.o
 .debug_abbrev  0x00001bb8       0xdb ./Dave/Generated/DIGITAL_IO/digital_io_conf.o
 .debug_abbrev  0x00001c93      0x119 ./Dave/Generated/CPU_CTRL_XMC1/cpu_ctrl_xmc1_conf.o
 .debug_abbrev  0x00001dac      0x10b ./Dave/Generated/CLOCK_XMC1/clock_xmc1.o
 .debug_abbrev  0x00001eb7      0x12b ./Dave/Generated/CLOCK_XMC1/clock_xmc1_conf.o
 .debug_abbrev  0x00001fe2      0x1a0 ./Dave/Generated/DAVE.o
 .debug_abbrev  0x00002182      0x272 ./BMP180.o
 .debug_abbrev  0x000023f4      0x245 ./main.o

.debug_line     0x00000000     0x5557
 *(.debug_line)
 .debug_line    0x00000000       0xe2 ./Startup/startup_XMC1400.o
 .debug_line    0x000000e2      0x27b ./Startup/system_XMC1400.o
 .debug_line    0x0000035d      0x23d ./Libraries/XMCLib/src/xmc1_gpio.o
 .debug_line    0x0000059a      0x666 ./Libraries/XMCLib/src/xmc1_scu.o
 .debug_line    0x00000c00      0x230 ./Libraries/XMCLib/src/xmc_gpio.o
 .debug_line    0x00000e30      0x3ff ./Libraries/XMCLib/src/xmc_i2c.o
 .debug_line    0x0000122f      0x571 ./Libraries/XMCLib/src/xmc_math.o
 .debug_line    0x000017a0      0x3f0 ./Libraries/XMCLib/src/xmc_spi.o
 .debug_line    0x00001b90      0x523 ./Libraries/XMCLib/src/xmc_usic.o
 .debug_line    0x000020b3       0xf5 ./Libraries/Newlib/syscalls.o
 .debug_line    0x000021a8      0x87c ./Dave/Generated/SPI_MASTER/spi_master.o
 .debug_line    0x00002a24      0x4c5 ./Dave/Generated/SPI_MASTER/spi_master_conf.o
 .debug_line    0x00002ee9      0x8f7 ./Dave/Generated/I2C_MASTER/i2c_master.o
 .debug_line    0x000037e0      0x426 ./Dave/Generated/I2C_MASTER/i2c_master_conf.o
 .debug_line    0x00003c06      0x28f ./Dave/Generated/DIGITAL_IO/digital_io.o
 .debug_line    0x00003e95      0x224 ./Dave/Generated/DIGITAL_IO/digital_io_conf.o
 .debug_line    0x000040b9      0x24a ./Dave/Generated/CPU_CTRL_XMC1/cpu_ctrl_xmc1_conf.o
 .debug_line    0x00004303      0x2bd ./Dave/Generated/CLOCK_XMC1/clock_xmc1.o
 .debug_line    0x000045c0      0x294 ./Dave/Generated/CLOCK_XMC1/clock_xmc1_conf.o
 .debug_line    0x00004854      0x3d3 ./Dave/Generated/DAVE.o
 .debug_line    0x00004c27      0x3f5 ./BMP180.o
 .debug_line    0x0000501c      0x53b ./main.o

.debug_frame    0x00000000     0x304c
 *(.debug_frame)
 .debug_frame   0x00000000       0x9c ./Startup/system_XMC1400.o
 .debug_frame   0x0000009c       0x58 ./Libraries/XMCLib/src/xmc1_gpio.o
 .debug_frame   0x000000f4      0x53c ./Libraries/XMCLib/src/xmc1_scu.o
 .debug_frame   0x00000630       0x54 ./Libraries/XMCLib/src/xmc_gpio.o
 .debug_frame   0x00000684      0x274 ./Libraries/XMCLib/src/xmc_i2c.o
 .debug_frame   0x000008f8      0x380 ./Libraries/XMCLib/src/xmc_math.o
 .debug_frame   0x00000c78      0x1d4 ./Libraries/XMCLib/src/xmc_spi.o
 .debug_frame   0x00000e4c      0x29c ./Libraries/XMCLib/src/xmc_usic.o
 .debug_frame   0x000010e8       0x4c ./Libraries/Newlib/syscalls.o
 .debug_frame   0x00001134      0x5e0 ./Dave/Generated/SPI_MASTER/spi_master.o
 .debug_frame   0x00001714      0x2a8 ./Dave/Generated/SPI_MASTER/spi_master_conf.o
 .debug_frame   0x000019bc      0x684 ./Dave/Generated/I2C_MASTER/i2c_master.o
 .debug_frame   0x00002040      0x1e8 ./Dave/Generated/I2C_MASTER/i2c_master_conf.o
 .debug_frame   0x00002228       0x50 ./Dave/Generated/DIGITAL_IO/digital_io.o
 .debug_frame   0x00002278       0x2c ./Dave/Generated/CPU_CTRL_XMC1/cpu_ctrl_xmc1_conf.o
 .debug_frame   0x000022a4       0x70 ./Dave/Generated/CLOCK_XMC1/clock_xmc1.o
 .debug_frame   0x00002314       0x34 ./Dave/Generated/CLOCK_XMC1/clock_xmc1_conf.o
 .debug_frame   0x00002348       0x34 ./Dave/Generated/DAVE.o
 .debug_frame   0x0000237c      0x140 ./BMP180.o
 .debug_frame   0x000024bc      0x178 ./main.o
 .debug_frame   0x00002634       0x20 d:/downloads/dave_4-4-2_64bit_2018-02-23/dave-ide-4.4.2-64bit/dave-ide-4.4.2-64bit/eclipse/arm-gcc-49/bin/../lib/gcc/arm-none-eabi/4.9.3/../../../../arm-none-eabi/lib/armv6-m\libg_nano.a(lib_a-errno.o)
 .debug_frame   0x00002654       0x2c d:/downloads/dave_4-4-2_64bit_2018-02-23/dave-ide-4.4.2-64bit/dave-ide-4.4.2-64bit/eclipse/arm-gcc-49/bin/../lib/gcc/arm-none-eabi/4.9.3/../../../../arm-none-eabi/lib/armv6-m\libg_nano.a(lib_a-init.o)
 .debug_frame   0x00002680       0x50 d:/downloads/dave_4-4-2_64bit_2018-02-23/dave-ide-4.4.2-64bit/dave-ide-4.4.2-64bit/eclipse/arm-gcc-49/bin/../lib/gcc/arm-none-eabi/4.9.3/../../../../arm-none-eabi/lib/armv6-m\libg_nano.a(lib_a-printf.o)
 .debug_frame   0x000026d0       0x44 d:/downloads/dave_4-4-2_64bit_2018-02-23/dave-ide-4.4.2-64bit/dave-ide-4.4.2-64bit/eclipse/arm-gcc-49/bin/../lib/gcc/arm-none-eabi/4.9.3/../../../../arm-none-eabi/lib/armv6-m\libg_nano.a(lib_a-puts.o)
 .debug_frame   0x00002714       0x44 d:/downloads/dave_4-4-2_64bit_2018-02-23/dave-ide-4.4.2-64bit/dave-ide-4.4.2-64bit/eclipse/arm-gcc-49/bin/../lib/gcc/arm-none-eabi/4.9.3/../../../../arm-none-eabi/lib/armv6-m\libg_nano.a(lib_a-wbuf.o)
 .debug_frame   0x00002758       0x2c d:/downloads/dave_4-4-2_64bit_2018-02-23/dave-ide-4.4.2-64bit/dave-ide-4.4.2-64bit/eclipse/arm-gcc-49/bin/../lib/gcc/arm-none-eabi/4.9.3/../../../../arm-none-eabi/lib/armv6-m\libg_nano.a(lib_a-wsetup.o)
 .debug_frame   0x00002784       0x68 d:/downloads/dave_4-4-2_64bit_2018-02-23/dave-ide-4.4.2-64bit/dave-ide-4.4.2-64bit/eclipse/arm-gcc-49/bin/../lib/gcc/arm-none-eabi/4.9.3/../../../../arm-none-eabi/lib/armv6-m\libg_nano.a(lib_a-fflush.o)
 .debug_frame   0x000027ec      0x140 d:/downloads/dave_4-4-2_64bit_2018-02-23/dave-ide-4.4.2-64bit/dave-ide-4.4.2-64bit/eclipse/arm-gcc-49/bin/../lib/gcc/arm-none-eabi/4.9.3/../../../../arm-none-eabi/lib/armv6-m\libg_nano.a(lib_a-findfp.o)
 .debug_frame   0x0000292c       0x58 d:/downloads/dave_4-4-2_64bit_2018-02-23/dave-ide-4.4.2-64bit/dave-ide-4.4.2-64bit/eclipse/arm-gcc-49/bin/../lib/gcc/arm-none-eabi/4.9.3/../../../../arm-none-eabi/lib/armv6-m\libg_nano.a(lib_a-fwalk.o)
 .debug_frame   0x00002984       0x30 d:/downloads/dave_4-4-2_64bit_2018-02-23/dave-ide-4.4.2-64bit/dave-ide-4.4.2-64bit/eclipse/arm-gcc-49/bin/../lib/gcc/arm-none-eabi/4.9.3/../../../../arm-none-eabi/lib/armv6-m\libg_nano.a(lib_a-makebuf.o)
 .debug_frame   0x000029b4       0x20 d:/downloads/dave_4-4-2_64bit_2018-02-23/dave-ide-4.4.2-64bit/dave-ide-4.4.2-64bit/eclipse/arm-gcc-49/bin/../lib/gcc/arm-none-eabi/4.9.3/../../../../arm-none-eabi/lib/armv6-m\libg_nano.a(lib_a-memset.o)
 .debug_frame   0x000029d4       0x2c d:/downloads/dave_4-4-2_64bit_2018-02-23/dave-ide-4.4.2-64bit/dave-ide-4.4.2-64bit/eclipse/arm-gcc-49/bin/../lib/gcc/arm-none-eabi/4.9.3/../../../../arm-none-eabi/lib/armv6-m\libg_nano.a(lib_a-nano-freer.o)
 .debug_frame   0x00002a00       0x2c d:/downloads/dave_4-4-2_64bit_2018-02-23/dave-ide-4.4.2-64bit/dave-ide-4.4.2-64bit/eclipse/arm-gcc-49/bin/../lib/gcc/arm-none-eabi/4.9.3/../../../../arm-none-eabi/lib/armv6-m\libg_nano.a(lib_a-nano-mallocr.o)
 .debug_frame   0x00002a2c       0xa0 d:/downloads/dave_4-4-2_64bit_2018-02-23/dave-ide-4.4.2-64bit/dave-ide-4.4.2-64bit/eclipse/arm-gcc-49/bin/../lib/gcc/arm-none-eabi/4.9.3/../../../../arm-none-eabi/lib/armv6-m\libg_nano.a(lib_a-nano-vfprintf.o)
 .debug_frame   0x00002acc       0x54 d:/downloads/dave_4-4-2_64bit_2018-02-23/dave-ide-4.4.2-64bit/dave-ide-4.4.2-64bit/eclipse/arm-gcc-49/bin/../lib/gcc/arm-none-eabi/4.9.3/../../../../arm-none-eabi/lib/armv6-m\libg_nano.a(lib_a-nano-vfprintf_i.o)
 .debug_frame   0x00002b20       0x2c d:/downloads/dave_4-4-2_64bit_2018-02-23/dave-ide-4.4.2-64bit/dave-ide-4.4.2-64bit/eclipse/arm-gcc-49/bin/../lib/gcc/arm-none-eabi/4.9.3/../../../../arm-none-eabi/lib/armv6-m\libg_nano.a(lib_a-sbrkr.o)
 .debug_frame   0x00002b4c       0x90 d:/downloads/dave_4-4-2_64bit_2018-02-23/dave-ide-4.4.2-64bit/dave-ide-4.4.2-64bit/eclipse/arm-gcc-49/bin/../lib/gcc/arm-none-eabi/4.9.3/../../../../arm-none-eabi/lib/armv6-m\libg_nano.a(lib_a-stdio.o)
 .debug_frame   0x00002bdc       0x2c d:/downloads/dave_4-4-2_64bit_2018-02-23/dave-ide-4.4.2-64bit/dave-ide-4.4.2-64bit/eclipse/arm-gcc-49/bin/../lib/gcc/arm-none-eabi/4.9.3/../../../../arm-none-eabi/lib/armv6-m\libg_nano.a(lib_a-writer.o)
 .debug_frame   0x00002c08       0x2c d:/downloads/dave_4-4-2_64bit_2018-02-23/dave-ide-4.4.2-64bit/dave-ide-4.4.2-64bit/eclipse/arm-gcc-49/bin/../lib/gcc/arm-none-eabi/4.9.3/../../../../arm-none-eabi/lib/armv6-m\libg_nano.a(lib_a-closer.o)
 .debug_frame   0x00002c34       0x2c d:/downloads/dave_4-4-2_64bit_2018-02-23/dave-ide-4.4.2-64bit/dave-ide-4.4.2-64bit/eclipse/arm-gcc-49/bin/../lib/gcc/arm-none-eabi/4.9.3/../../../../arm-none-eabi/lib/armv6-m\libg_nano.a(lib_a-fstatr.o)
 .debug_frame   0x00002c60       0x2c d:/downloads/dave_4-4-2_64bit_2018-02-23/dave-ide-4.4.2-64bit/dave-ide-4.4.2-64bit/eclipse/arm-gcc-49/bin/../lib/gcc/arm-none-eabi/4.9.3/../../../../arm-none-eabi/lib/armv6-m\libg_nano.a(lib_a-isattyr.o)
 .debug_frame   0x00002c8c       0x2c d:/downloads/dave_4-4-2_64bit_2018-02-23/dave-ide-4.4.2-64bit/dave-ide-4.4.2-64bit/eclipse/arm-gcc-49/bin/../lib/gcc/arm-none-eabi/4.9.3/../../../../arm-none-eabi/lib/armv6-m\libg_nano.a(lib_a-lseekr.o)
 .debug_frame   0x00002cb8       0x20 d:/downloads/dave_4-4-2_64bit_2018-02-23/dave-ide-4.4.2-64bit/dave-ide-4.4.2-64bit/eclipse/arm-gcc-49/bin/../lib/gcc/arm-none-eabi/4.9.3/../../../../arm-none-eabi/lib/armv6-m\libg_nano.a(lib_a-memchr.o)
 .debug_frame   0x00002cd8       0x2c d:/downloads/dave_4-4-2_64bit_2018-02-23/dave-ide-4.4.2-64bit/dave-ide-4.4.2-64bit/eclipse/arm-gcc-49/bin/../lib/gcc/arm-none-eabi/4.9.3/../../../../arm-none-eabi/lib/armv6-m\libg_nano.a(lib_a-readr.o)
 .debug_frame   0x00002d04       0x48 d:/downloads/dave_4-4-2_64bit_2018-02-23/dave-ide-4.4.2-64bit/dave-ide-4.4.2-64bit/eclipse/arm-gcc-49/bin/../lib/gcc/arm-none-eabi/4.9.3/../../../../arm-none-eabi/lib/armv6-m\libg_nano.a(lib_a-reent.o)
 .debug_frame   0x00002d4c      0x300 d:/downloads/dave_4-4-2_64bit_2018-02-23/dave-ide-4.4.2-64bit/dave-ide-4.4.2-64bit/eclipse/arm-gcc-49/bin/../lib/gcc/arm-none-eabi/4.9.3/../../../../arm-none-eabi/lib/armv6-m\librdimon_nano.a(rdimon-syscalls.o)

.debug_str      0x00000000     0x793f
 *(.debug_str)
 .debug_str     0x00000000      0x3d3 ./Startup/system_XMC1400.o
                                0x419 (size before relaxing)
 .debug_str     0x000003d3      0x696 ./Libraries/XMCLib/src/xmc1_gpio.o
                                0x8e0 (size before relaxing)
 .debug_str     0x00000a69     0x1fe0 ./Libraries/XMCLib/src/xmc1_scu.o
                               0x23e3 (size before relaxing)
 .debug_str     0x00002a49       0xca ./Libraries/XMCLib/src/xmc_gpio.o
                                0x82e (size before relaxing)
 .debug_str     0x00002b13      0xa79 ./Libraries/XMCLib/src/xmc_i2c.o
                                0xcf3 (size before relaxing)
 .debug_str     0x0000358c      0x701 ./Libraries/XMCLib/src/xmc_math.o
                                0x984 (size before relaxing)
 .debug_str     0x00003c8d      0x7da ./Libraries/XMCLib/src/xmc_spi.o
                                0xd79 (size before relaxing)
 .debug_str     0x00004467      0xb08 ./Libraries/XMCLib/src/xmc_usic.o
                               0x114b (size before relaxing)
 .debug_str     0x00004f6f       0x6f ./Libraries/Newlib/syscalls.o
                                0x1e7 (size before relaxing)
 .debug_str     0x00004fde     0x13af ./Dave/Generated/SPI_MASTER/spi_master.o
                               0x24bc (size before relaxing)
 .debug_str     0x0000638d      0x549 ./Dave/Generated/SPI_MASTER/spi_master_conf.o
                               0x34a4 (size before relaxing)
 .debug_str     0x000068d6      0x948 ./Dave/Generated/I2C_MASTER/i2c_master.o
                               0x199b (size before relaxing)
 .debug_str     0x0000721e      0x1ae ./Dave/Generated/I2C_MASTER/i2c_master_conf.o
                               0x29c3 (size before relaxing)
 .debug_str     0x000073cc       0xdf ./Dave/Generated/DIGITAL_IO/digital_io.o
                                0xa1a (size before relaxing)
 .debug_str     0x000074ab       0x36 ./Dave/Generated/DIGITAL_IO/digital_io_conf.o
                                0x962 (size before relaxing)
 .debug_str     0x000074e1       0x6f ./Dave/Generated/CPU_CTRL_XMC1/cpu_ctrl_xmc1_conf.o
                                0x31b (size before relaxing)
 .debug_str     0x00007550      0x144 ./Dave/Generated/CLOCK_XMC1/clock_xmc1.o
                                0x3bf (size before relaxing)
 .debug_str     0x00007694       0x50 ./Dave/Generated/CLOCK_XMC1/clock_xmc1_conf.o
                                0x5f7 (size before relaxing)
 .debug_str     0x000076e4       0x65 ./Dave/Generated/DAVE.o
                               0x1aa8 (size before relaxing)
 .debug_str     0x00007749       0xb7 ./BMP180.o
                                0xdb0 (size before relaxing)
 .debug_str     0x00007800      0x13f ./main.o
                               0x219b (size before relaxing)

.debug_loc      0x00000000     0x3e96
 *(.debug_loc)
 .debug_loc     0x00000000       0xdc ./Startup/system_XMC1400.o
 .debug_loc     0x000000dc       0x70 ./Libraries/XMCLib/src/xmc1_gpio.o
 .debug_loc     0x0000014c      0x876 ./Libraries/XMCLib/src/xmc1_scu.o
 .debug_loc     0x000009c2       0x70 ./Libraries/XMCLib/src/xmc_gpio.o
 .debug_loc     0x00000a32      0x428 ./Libraries/XMCLib/src/xmc_i2c.o
 .debug_loc     0x00000e5a      0x5ec ./Libraries/XMCLib/src/xmc_math.o
 .debug_loc     0x00001446      0x312 ./Libraries/XMCLib/src/xmc_spi.o
 .debug_loc     0x00001758      0x462 ./Libraries/XMCLib/src/xmc_usic.o
 .debug_loc     0x00001bba       0x64 ./Libraries/Newlib/syscalls.o
 .debug_loc     0x00001c1e      0x9d8 ./Dave/Generated/SPI_MASTER/spi_master.o
 .debug_loc     0x000025f6      0x468 ./Dave/Generated/SPI_MASTER/spi_master_conf.o
 .debug_loc     0x00002a5e      0xb28 ./Dave/Generated/I2C_MASTER/i2c_master.o
 .debug_loc     0x00003586      0x318 ./Dave/Generated/I2C_MASTER/i2c_master_conf.o
 .debug_loc     0x0000389e       0x70 ./Dave/Generated/DIGITAL_IO/digital_io.o
 .debug_loc     0x0000390e       0x2c ./Dave/Generated/CPU_CTRL_XMC1/cpu_ctrl_xmc1_conf.o
 .debug_loc     0x0000393a       0xa8 ./Dave/Generated/CLOCK_XMC1/clock_xmc1.o
 .debug_loc     0x000039e2       0x38 ./Dave/Generated/CLOCK_XMC1/clock_xmc1_conf.o
 .debug_loc     0x00003a1a       0x38 ./Dave/Generated/DAVE.o
 .debug_loc     0x00003a52      0x1f8 ./BMP180.o
 .debug_loc     0x00003c4a      0x24c ./main.o

.debug_macinfo
 *(.debug_macinfo)

.debug_ranges   0x00000000      0x9e8
 *(.debug_ranges)
 .debug_ranges  0x00000000       0x20 ./Startup/startup_XMC1400.o
 .debug_ranges  0x00000020       0x30 ./Startup/system_XMC1400.o
 .debug_ranges  0x00000050       0x18 ./Libraries/XMCLib/src/xmc1_gpio.o
 .debug_ranges  0x00000068      0x150 ./Libraries/XMCLib/src/xmc1_scu.o
 .debug_ranges  0x000001b8       0x18 ./Libraries/XMCLib/src/xmc_gpio.o
 .debug_ranges  0x000001d0       0xa0 ./Libraries/XMCLib/src/xmc_i2c.o
 .debug_ranges  0x00000270       0xe0 ./Libraries/XMCLib/src/xmc_math.o
 .debug_ranges  0x00000350       0x78 ./Libraries/XMCLib/src/xmc_spi.o
 .debug_ranges  0x000003c8       0xa8 ./Libraries/XMCLib/src/xmc_usic.o
 .debug_ranges  0x00000470       0x18 ./Libraries/Newlib/syscalls.o
 .debug_ranges  0x00000488      0x170 ./Dave/Generated/SPI_MASTER/spi_master.o
 .debug_ranges  0x000005f8       0xb0 ./Dave/Generated/SPI_MASTER/spi_master_conf.o
 .debug_ranges  0x000006a8      0x1a0 ./Dave/Generated/I2C_MASTER/i2c_master.o
 .debug_ranges  0x00000848       0x80 ./Dave/Generated/I2C_MASTER/i2c_master_conf.o
 .debug_ranges  0x000008c8       0x18 ./Dave/Generated/DIGITAL_IO/digital_io.o
 .debug_ranges  0x000008e0       0x10 ./Dave/Generated/CPU_CTRL_XMC1/cpu_ctrl_xmc1_conf.o
 .debug_ranges  0x000008f0       0x20 ./Dave/Generated/CLOCK_XMC1/clock_xmc1.o
 .debug_ranges  0x00000910       0x10 ./Dave/Generated/CLOCK_XMC1/clock_xmc1_conf.o
 .debug_ranges  0x00000920       0x10 ./Dave/Generated/DAVE.o
 .debug_ranges  0x00000930       0x50 ./BMP180.o
 .debug_ranges  0x00000980       0x68 ./main.o

.debug_weaknames
 *(.debug_weaknames)

.debug_funcnames
 *(.debug_funcnames)

.debug_typenames
 *(.debug_typenames)

.debug_varnames
 *(.debug_varnames)

.build_attributes
                0x00000000      0x8ca
 *(.ARM.attributes)
 .ARM.attributes
                0x00000000       0x21 ./Startup/startup_XMC1400.o
 .ARM.attributes
                0x00000021       0x31 ./Startup/system_XMC1400.o
 .ARM.attributes
                0x00000052       0x31 ./Libraries/XMCLib/src/xmc1_gpio.o
 .ARM.attributes
                0x00000083       0x31 ./Libraries/XMCLib/src/xmc1_scu.o
 .ARM.attributes
                0x000000b4       0x31 ./Libraries/XMCLib/src/xmc_gpio.o
 .ARM.attributes
                0x000000e5       0x31 ./Libraries/XMCLib/src/xmc_i2c.o
 .ARM.attributes
                0x00000116       0x31 ./Libraries/XMCLib/src/xmc_math.o
 .ARM.attributes
                0x00000147       0x31 ./Libraries/XMCLib/src/xmc_spi.o
 .ARM.attributes
                0x00000178       0x31 ./Libraries/XMCLib/src/xmc_usic.o
 .ARM.attributes
                0x000001a9       0x31 ./Libraries/Newlib/syscalls.o
 .ARM.attributes
                0x000001da       0x31 ./Dave/Generated/SPI_MASTER/spi_master.o
 .ARM.attributes
                0x0000020b       0x31 ./Dave/Generated/SPI_MASTER/spi_master_conf.o
 .ARM.attributes
                0x0000023c       0x31 ./Dave/Generated/I2C_MASTER/i2c_master.o
 .ARM.attributes
                0x0000026d       0x31 ./Dave/Generated/I2C_MASTER/i2c_master_conf.o
 .ARM.attributes
                0x0000029e       0x31 ./Dave/Generated/DIGITAL_IO/digital_io.o
 .ARM.attributes
                0x000002cf       0x31 ./Dave/Generated/DIGITAL_IO/digital_io_conf.o
 .ARM.attributes
                0x00000300       0x31 ./Dave/Generated/CPU_CTRL_XMC1/cpu_ctrl_xmc1_conf.o
 .ARM.attributes
                0x00000331       0x31 ./Dave/Generated/CLOCK_XMC1/clock_xmc1.o
 .ARM.attributes
                0x00000362       0x31 ./Dave/Generated/CLOCK_XMC1/clock_xmc1_conf.o
 .ARM.attributes
                0x00000393       0x31 ./Dave/Generated/DAVE.o
 .ARM.attributes
                0x000003c4       0x31 ./BMP180.o
 .ARM.attributes
                0x000003f5       0x31 ./main.o
 .ARM.attributes
                0x00000426       0x2c d:/downloads/dave_4-4-2_64bit_2018-02-23/dave-ide-4.4.2-64bit/dave-ide-4.4.2-64bit/eclipse/arm-gcc-49/bin/../lib/gcc/arm-none-eabi/4.9.3/../../../../arm-none-eabi/lib/armv6-m\libg_nano.a(lib_a-errno.o)
 .ARM.attributes
                0x00000452       0x2c d:/downloads/dave_4-4-2_64bit_2018-02-23/dave-ide-4.4.2-64bit/dave-ide-4.4.2-64bit/eclipse/arm-gcc-49/bin/../lib/gcc/arm-none-eabi/4.9.3/../../../../arm-none-eabi/lib/armv6-m\libg_nano.a(lib_a-impure.o)
 .ARM.attributes
                0x0000047e       0x2c d:/downloads/dave_4-4-2_64bit_2018-02-23/dave-ide-4.4.2-64bit/dave-ide-4.4.2-64bit/eclipse/arm-gcc-49/bin/../lib/gcc/arm-none-eabi/4.9.3/../../../../arm-none-eabi/lib/armv6-m\libg_nano.a(lib_a-init.o)
 .ARM.attributes
                0x000004aa       0x2c d:/downloads/dave_4-4-2_64bit_2018-02-23/dave-ide-4.4.2-64bit/dave-ide-4.4.2-64bit/eclipse/arm-gcc-49/bin/../lib/gcc/arm-none-eabi/4.9.3/../../../../arm-none-eabi/lib/armv6-m\libg_nano.a(lib_a-printf.o)
 .ARM.attributes
                0x000004d6       0x2c d:/downloads/dave_4-4-2_64bit_2018-02-23/dave-ide-4.4.2-64bit/dave-ide-4.4.2-64bit/eclipse/arm-gcc-49/bin/../lib/gcc/arm-none-eabi/4.9.3/../../../../arm-none-eabi/lib/armv6-m\libg_nano.a(lib_a-puts.o)
 .ARM.attributes
                0x00000502       0x2c d:/downloads/dave_4-4-2_64bit_2018-02-23/dave-ide-4.4.2-64bit/dave-ide-4.4.2-64bit/eclipse/arm-gcc-49/bin/../lib/gcc/arm-none-eabi/4.9.3/../../../../arm-none-eabi/lib/armv6-m\libg_nano.a(lib_a-wbuf.o)
 .ARM.attributes
                0x0000052e       0x2c d:/downloads/dave_4-4-2_64bit_2018-02-23/dave-ide-4.4.2-64bit/dave-ide-4.4.2-64bit/eclipse/arm-gcc-49/bin/../lib/gcc/arm-none-eabi/4.9.3/../../../../arm-none-eabi/lib/armv6-m\libg_nano.a(lib_a-wsetup.o)
 .ARM.attributes
                0x0000055a       0x2c d:/downloads/dave_4-4-2_64bit_2018-02-23/dave-ide-4.4.2-64bit/dave-ide-4.4.2-64bit/eclipse/arm-gcc-49/bin/../lib/gcc/arm-none-eabi/4.9.3/../../../../arm-none-eabi/lib/armv6-m\libg_nano.a(lib_a-fflush.o)
 .ARM.attributes
                0x00000586       0x2c d:/downloads/dave_4-4-2_64bit_2018-02-23/dave-ide-4.4.2-64bit/dave-ide-4.4.2-64bit/eclipse/arm-gcc-49/bin/../lib/gcc/arm-none-eabi/4.9.3/../../../../arm-none-eabi/lib/armv6-m\libg_nano.a(lib_a-findfp.o)
 .ARM.attributes
                0x000005b2       0x2c d:/downloads/dave_4-4-2_64bit_2018-02-23/dave-ide-4.4.2-64bit/dave-ide-4.4.2-64bit/eclipse/arm-gcc-49/bin/../lib/gcc/arm-none-eabi/4.9.3/../../../../arm-none-eabi/lib/armv6-m\libg_nano.a(lib_a-fwalk.o)
 .ARM.attributes
                0x000005de       0x2c d:/downloads/dave_4-4-2_64bit_2018-02-23/dave-ide-4.4.2-64bit/dave-ide-4.4.2-64bit/eclipse/arm-gcc-49/bin/../lib/gcc/arm-none-eabi/4.9.3/../../../../arm-none-eabi/lib/armv6-m\libg_nano.a(lib_a-makebuf.o)
 .ARM.attributes
                0x0000060a       0x2c d:/downloads/dave_4-4-2_64bit_2018-02-23/dave-ide-4.4.2-64bit/dave-ide-4.4.2-64bit/eclipse/arm-gcc-49/bin/../lib/gcc/arm-none-eabi/4.9.3/../../../../arm-none-eabi/lib/armv6-m\libg_nano.a(lib_a-memset.o)
 .ARM.attributes
                0x00000636       0x2c d:/downloads/dave_4-4-2_64bit_2018-02-23/dave-ide-4.4.2-64bit/dave-ide-4.4.2-64bit/eclipse/arm-gcc-49/bin/../lib/gcc/arm-none-eabi/4.9.3/../../../../arm-none-eabi/lib/armv6-m\libg_nano.a(lib_a-nano-freer.o)
 .ARM.attributes
                0x00000662       0x2c d:/downloads/dave_4-4-2_64bit_2018-02-23/dave-ide-4.4.2-64bit/dave-ide-4.4.2-64bit/eclipse/arm-gcc-49/bin/../lib/gcc/arm-none-eabi/4.9.3/../../../../arm-none-eabi/lib/armv6-m\libg_nano.a(lib_a-nano-mallocr.o)
 .ARM.attributes
                0x0000068e       0x2c d:/downloads/dave_4-4-2_64bit_2018-02-23/dave-ide-4.4.2-64bit/dave-ide-4.4.2-64bit/eclipse/arm-gcc-49/bin/../lib/gcc/arm-none-eabi/4.9.3/../../../../arm-none-eabi/lib/armv6-m\libg_nano.a(lib_a-nano-vfprintf.o)
 .ARM.attributes
                0x000006ba       0x2c d:/downloads/dave_4-4-2_64bit_2018-02-23/dave-ide-4.4.2-64bit/dave-ide-4.4.2-64bit/eclipse/arm-gcc-49/bin/../lib/gcc/arm-none-eabi/4.9.3/../../../../arm-none-eabi/lib/armv6-m\libg_nano.a(lib_a-nano-vfprintf_i.o)
 .ARM.attributes
                0x000006e6       0x2c d:/downloads/dave_4-4-2_64bit_2018-02-23/dave-ide-4.4.2-64bit/dave-ide-4.4.2-64bit/eclipse/arm-gcc-49/bin/../lib/gcc/arm-none-eabi/4.9.3/../../../../arm-none-eabi/lib/armv6-m\libg_nano.a(lib_a-sbrkr.o)
 .ARM.attributes
                0x00000712       0x2c d:/downloads/dave_4-4-2_64bit_2018-02-23/dave-ide-4.4.2-64bit/dave-ide-4.4.2-64bit/eclipse/arm-gcc-49/bin/../lib/gcc/arm-none-eabi/4.9.3/../../../../arm-none-eabi/lib/armv6-m\libg_nano.a(lib_a-stdio.o)
 .ARM.attributes
                0x0000073e       0x2c d:/downloads/dave_4-4-2_64bit_2018-02-23/dave-ide-4.4.2-64bit/dave-ide-4.4.2-64bit/eclipse/arm-gcc-49/bin/../lib/gcc/arm-none-eabi/4.9.3/../../../../arm-none-eabi/lib/armv6-m\libg_nano.a(lib_a-writer.o)
 .ARM.attributes
                0x0000076a       0x2c d:/downloads/dave_4-4-2_64bit_2018-02-23/dave-ide-4.4.2-64bit/dave-ide-4.4.2-64bit/eclipse/arm-gcc-49/bin/../lib/gcc/arm-none-eabi/4.9.3/../../../../arm-none-eabi/lib/armv6-m\libg_nano.a(lib_a-closer.o)
 .ARM.attributes
                0x00000796       0x2c d:/downloads/dave_4-4-2_64bit_2018-02-23/dave-ide-4.4.2-64bit/dave-ide-4.4.2-64bit/eclipse/arm-gcc-49/bin/../lib/gcc/arm-none-eabi/4.9.3/../../../../arm-none-eabi/lib/armv6-m\libg_nano.a(lib_a-fstatr.o)
 .ARM.attributes
                0x000007c2       0x2c d:/downloads/dave_4-4-2_64bit_2018-02-23/dave-ide-4.4.2-64bit/dave-ide-4.4.2-64bit/eclipse/arm-gcc-49/bin/../lib/gcc/arm-none-eabi/4.9.3/../../../../arm-none-eabi/lib/armv6-m\libg_nano.a(lib_a-isattyr.o)
 .ARM.attributes
                0x000007ee       0x2c d:/downloads/dave_4-4-2_64bit_2018-02-23/dave-ide-4.4.2-64bit/dave-ide-4.4.2-64bit/eclipse/arm-gcc-49/bin/../lib/gcc/arm-none-eabi/4.9.3/../../../../arm-none-eabi/lib/armv6-m\libg_nano.a(lib_a-lseekr.o)
 .ARM.attributes
                0x0000081a       0x2c d:/downloads/dave_4-4-2_64bit_2018-02-23/dave-ide-4.4.2-64bit/dave-ide-4.4.2-64bit/eclipse/arm-gcc-49/bin/../lib/gcc/arm-none-eabi/4.9.3/../../../../arm-none-eabi/lib/armv6-m\libg_nano.a(lib_a-memchr.o)
 .ARM.attributes
                0x00000846       0x2c d:/downloads/dave_4-4-2_64bit_2018-02-23/dave-ide-4.4.2-64bit/dave-ide-4.4.2-64bit/eclipse/arm-gcc-49/bin/../lib/gcc/arm-none-eabi/4.9.3/../../../../arm-none-eabi/lib/armv6-m\libg_nano.a(lib_a-readr.o)
 .ARM.attributes
                0x00000872       0x2c d:/downloads/dave_4-4-2_64bit_2018-02-23/dave-ide-4.4.2-64bit/dave-ide-4.4.2-64bit/eclipse/arm-gcc-49/bin/../lib/gcc/arm-none-eabi/4.9.3/../../../../arm-none-eabi/lib/armv6-m\libg_nano.a(lib_a-reent.o)
 .ARM.attributes
                0x0000089e       0x2c d:/downloads/dave_4-4-2_64bit_2018-02-23/dave-ide-4.4.2-64bit/dave-ide-4.4.2-64bit/eclipse/arm-gcc-49/bin/../lib/gcc/arm-none-eabi/4.9.3/../../../../arm-none-eabi/lib/armv6-m\librdimon_nano.a(rdimon-syscalls.o)
OUTPUT(RoverX.elf elf32-littlearm)