Archive member included because of file (symbol)

d:/downloads/dave_4-4-2_64bit_2018-02-23/dave-ide-4.4.2-64bit/dave-ide-4.4.2-64bit/eclipse/arm-gcc-49/bin/../lib/gcc/arm-none-eabi/4.9.3/armv6-m\libgcc.a(_fixunssfsi.o)
                              ./Libraries/XMCLib/src/xmc_usic.o (__aeabi_f2uiz)
d:/downloads/dave_4-4-2_64bit_2018-02-23/dave-ide-4.4.2-64bit/dave-ide-4.4.2-64bit/eclipse/arm-gcc-49/bin/../lib/gcc/arm-none-eabi/4.9.3/armv6-m\libgcc.a(divsf3.o)
                              ./Libraries/XMCLib/src/xmc_usic.o (__aeabi_fdiv)
d:/downloads/dave_4-4-2_64bit_2018-02-23/dave-ide-4.4.2-64bit/dave-ide-4.4.2-64bit/eclipse/arm-gcc-49/bin/../lib/gcc/arm-none-eabi/4.9.3/armv6-m\libgcc.a(mulsf3.o)
                              ./Libraries/XMCLib/src/xmc_usic.o (__aeabi_fmul)
d:/downloads/dave_4-4-2_64bit_2018-02-23/dave-ide-4.4.2-64bit/dave-ide-4.4.2-64bit/eclipse/arm-gcc-49/bin/../lib/gcc/arm-none-eabi/4.9.3/armv6-m\libgcc.a(subsf3.o)
                              d:/downloads/dave_4-4-2_64bit_2018-02-23/dave-ide-4.4.2-64bit/dave-ide-4.4.2-64bit/eclipse/arm-gcc-49/bin/../lib/gcc/arm-none-eabi/4.9.3/armv6-m\libgcc.a(_fixunssfsi.o) (__aeabi_fsub)
d:/downloads/dave_4-4-2_64bit_2018-02-23/dave-ide-4.4.2-64bit/dave-ide-4.4.2-64bit/eclipse/arm-gcc-49/bin/../lib/gcc/arm-none-eabi/4.9.3/armv6-m\libgcc.a(fixsfsi.o)
                              d:/downloads/dave_4-4-2_64bit_2018-02-23/dave-ide-4.4.2-64bit/dave-ide-4.4.2-64bit/eclipse/arm-gcc-49/bin/../lib/gcc/arm-none-eabi/4.9.3/armv6-m\libgcc.a(_fixunssfsi.o) (__aeabi_f2iz)
d:/downloads/dave_4-4-2_64bit_2018-02-23/dave-ide-4.4.2-64bit/dave-ide-4.4.2-64bit/eclipse/arm-gcc-49/bin/../lib/gcc/arm-none-eabi/4.9.3/armv6-m\libgcc.a(floatunsisf.o)
                              ./Libraries/XMCLib/src/xmc_usic.o (__aeabi_ui2f)
d:/downloads/dave_4-4-2_64bit_2018-02-23/dave-ide-4.4.2-64bit/dave-ide-4.4.2-64bit/eclipse/arm-gcc-49/bin/../lib/gcc/arm-none-eabi/4.9.3/armv6-m\libgcc.a(_arm_cmpsf2.o)
                              d:/downloads/dave_4-4-2_64bit_2018-02-23/dave-ide-4.4.2-64bit/dave-ide-4.4.2-64bit/eclipse/arm-gcc-49/bin/../lib/gcc/arm-none-eabi/4.9.3/armv6-m\libgcc.a(_fixunssfsi.o) (__aeabi_fcmpge)
d:/downloads/dave_4-4-2_64bit_2018-02-23/dave-ide-4.4.2-64bit/dave-ide-4.4.2-64bit/eclipse/arm-gcc-49/bin/../lib/gcc/arm-none-eabi/4.9.3/armv6-m\libgcc.a(_clzsi2.o)
                              d:/downloads/dave_4-4-2_64bit_2018-02-23/dave-ide-4.4.2-64bit/dave-ide-4.4.2-64bit/eclipse/arm-gcc-49/bin/../lib/gcc/arm-none-eabi/4.9.3/armv6-m\libgcc.a(divsf3.o) (__clzsi2)
d:/downloads/dave_4-4-2_64bit_2018-02-23/dave-ide-4.4.2-64bit/dave-ide-4.4.2-64bit/eclipse/arm-gcc-49/bin/../lib/gcc/arm-none-eabi/4.9.3/armv6-m\libgcc.a(eqsf2.o)
                              d:/downloads/dave_4-4-2_64bit_2018-02-23/dave-ide-4.4.2-64bit/dave-ide-4.4.2-64bit/eclipse/arm-gcc-49/bin/../lib/gcc/arm-none-eabi/4.9.3/armv6-m\libgcc.a(_arm_cmpsf2.o) (__eqsf2)
d:/downloads/dave_4-4-2_64bit_2018-02-23/dave-ide-4.4.2-64bit/dave-ide-4.4.2-64bit/eclipse/arm-gcc-49/bin/../lib/gcc/arm-none-eabi/4.9.3/armv6-m\libgcc.a(gesf2.o)
                              d:/downloads/dave_4-4-2_64bit_2018-02-23/dave-ide-4.4.2-64bit/dave-ide-4.4.2-64bit/eclipse/arm-gcc-49/bin/../lib/gcc/arm-none-eabi/4.9.3/armv6-m\libgcc.a(_arm_cmpsf2.o) (__gesf2)
d:/downloads/dave_4-4-2_64bit_2018-02-23/dave-ide-4.4.2-64bit/dave-ide-4.4.2-64bit/eclipse/arm-gcc-49/bin/../lib/gcc/arm-none-eabi/4.9.3/armv6-m\libgcc.a(lesf2.o)
                              d:/downloads/dave_4-4-2_64bit_2018-02-23/dave-ide-4.4.2-64bit/dave-ide-4.4.2-64bit/eclipse/arm-gcc-49/bin/../lib/gcc/arm-none-eabi/4.9.3/armv6-m\libgcc.a(_arm_cmpsf2.o) (__lesf2)
d:/downloads/dave_4-4-2_64bit_2018-02-23/dave-ide-4.4.2-64bit/dave-ide-4.4.2-64bit/eclipse/arm-gcc-49/bin/../lib/gcc/arm-none-eabi/4.9.3/../../../../arm-none-eabi/lib/armv6-m\libg_nano.a(lib_a-errno.o)
                              ./Libraries/Newlib/syscalls.o (__errno)
d:/downloads/dave_4-4-2_64bit_2018-02-23/dave-ide-4.4.2-64bit/dave-ide-4.4.2-64bit/eclipse/arm-gcc-49/bin/../lib/gcc/arm-none-eabi/4.9.3/../../../../arm-none-eabi/lib/armv6-m\libg_nano.a(lib_a-impure.o)
                              d:/downloads/dave_4-4-2_64bit_2018-02-23/dave-ide-4.4.2-64bit/dave-ide-4.4.2-64bit/eclipse/arm-gcc-49/bin/../lib/gcc/arm-none-eabi/4.9.3/../../../../arm-none-eabi/lib/armv6-m\libg_nano.a(lib_a-errno.o) (_impure_ptr)
d:/downloads/dave_4-4-2_64bit_2018-02-23/dave-ide-4.4.2-64bit/dave-ide-4.4.2-64bit/eclipse/arm-gcc-49/bin/../lib/gcc/arm-none-eabi/4.9.3/../../../../arm-none-eabi/lib/armv6-m\libg_nano.a(lib_a-init.o)
                              ./Startup/startup_XMC1400.o (__libc_init_array)

Allocating common symbols
Common symbol       size              file

ADXL345_DataSent    0x20              ./ADXL345.o
BMP180_DataRead     0x20              ./BMP180.o
BMP180_DataSent     0x20              ./BMP180.o
NRF24ReadData       0x20              ./main.o
ADXL345_DataRead    0x20              ./ADXL345.o
[...]
Memory Configuration

Name             Origin             Length             Attributes
FLASH            0x10001000         0x00032000         xr
SRAM             0x20000000         0x00004000         !xr
*default*        0x00000000         0xffffffff

Linker script and memory map

LOAD ./Startup/startup_XMC1400.o
LOAD ./Startup/system_XMC1400.o
LOAD ./Libraries/XMCLib/src/xmc1_eru.o
LOAD ./Libraries/XMCLib/src/xmc1_flash.o
LOAD ./Libraries/XMCLib/src/xmc1_gpio.o
LOAD ./Libraries/XMCLib/src/xmc1_rtc.o
LOAD ./Libraries/XMCLib/src/xmc1_scu.o
LOAD ./Libraries/XMCLib/src/xmc_acmp.o
LOAD ./Libraries/XMCLib/src/xmc_bccu.o
LOAD ./Libraries/XMCLib/src/xmc_can.o
LOAD ./Libraries/XMCLib/src/xmc_ccu4.o
LOAD ./Libraries/XMCLib/src/xmc_ccu8.o
LOAD ./Libraries/XMCLib/src/xmc_common.o
LOAD ./Libraries/XMCLib/src/xmc_eru.o
LOAD ./Libraries/XMCLib/src/xmc_gpio.o
LOAD ./Libraries/XMCLib/src/xmc_i2c.o
LOAD ./Libraries/XMCLib/src/xmc_i2s.o
LOAD ./Libraries/XMCLib/src/xmc_ledts.o
LOAD ./Libraries/XMCLib/src/xmc_math.o
LOAD ./Libraries/XMCLib/src/xmc_pau.o
LOAD ./Libraries/XMCLib/src/xmc_posif.o
LOAD ./Libraries/XMCLib/src/xmc_prng.o
LOAD ./Libraries/XMCLib/src/xmc_rtc.o
LOAD ./Libraries/XMCLib/src/xmc_spi.o
LOAD ./Libraries/XMCLib/src/xmc_uart.o
LOAD ./Libraries/XMCLib/src/xmc_usic.o
LOAD ./Libraries/XMCLib/src/xmc_vadc.o
LOAD ./Libraries/XMCLib/src/xmc_wdt.o
LOAD ./Libraries/Newlib/syscalls.o
LOAD ./Dave/Generated/SPI_MASTER/spi_master.o
LOAD ./Dave/Generated/SPI_MASTER/spi_master_conf.o
LOAD ./Dave/Generated/I2C_MASTER/i2c_master.o
LOAD ./Dave/Generated/I2C_MASTER/i2c_master_conf.o
LOAD ./Dave/Generated/DIGITAL_IO/digital_io.o
LOAD ./Dave/Generated/DIGITAL_IO/digital_io_conf.o
LOAD ./Dave/Generated/CPU_CTRL_XMC1/cpu_ctrl_xmc1.o
LOAD ./Dave/Generated/CPU_CTRL_XMC1/cpu_ctrl_xmc1_conf.o
LOAD ./Dave/Generated/CLOCK_XMC1/clock_xmc1.o
LOAD ./Dave/Generated/CLOCK_XMC1/clock_xmc1_conf.o
LOAD ./Dave/Generated/DAVE.o
LOAD ./ADXL345.o
LOAD ./BMP180.o
LOAD ./main.o
LOAD ./nRF24L01+.o
LOAD d:/downloads/dave_4-4-2_64bit_2018-02-23/dave-ide-4.4.2-64bit/dave-ide-4.4.2-64bit/eclipse/arm-gcc-49/bin/../lib/gcc/arm-none-eabi/4.9.3/../../../../arm-none-eabi/lib/armv6-m\libm.a
START GROUP
LOAD d:/downloads/dave_4-4-2_64bit_2018-02-23/dave-ide-4.4.2-64bit/dave-ide-4.4.2-64bit/eclipse/arm-gcc-49/bin/../lib/gcc/arm-none-eabi/4.9.3/armv6-m\libgcc.a
LOAD d:/downloads/dave_4-4-2_64bit_2018-02-23/dave-ide-4.4.2-64bit/dave-ide-4.4.2-64bit/eclipse/arm-gcc-49/bin/../lib/gcc/arm-none-eabi/4.9.3/../../../../arm-none-eabi/lib/armv6-m\libg_nano.a
LOAD d:/downloads/dave_4-4-2_64bit_2018-02-23/dave-ide-4.4.2-64bit/dave-ide-4.4.2-64bit/eclipse/arm-gcc-49/bin/../lib/gcc/arm-none-eabi/4.9.3/../../../../arm-none-eabi/lib/armv6-m\libc_nano.a
END GROUP
START GROUP
LOAD d:/downloads/dave_4-4-2_64bit_2018-02-23/dave-ide-4.4.2-64bit/dave-ide-4.4.2-64bit/eclipse/arm-gcc-49/bin/../lib/gcc/arm-none-eabi/4.9.3/armv6-m\libgcc.a
LOAD d:/downloads/dave_4-4-2_64bit_2018-02-23/dave-ide-4.4.2-64bit/dave-ide-4.4.2-64bit/eclipse/arm-gcc-49/bin/../lib/gcc/arm-none-eabi/4.9.3/../../../../arm-none-eabi/lib/armv6-m\libc_nano.a
LOAD d:/downloads/dave_4-4-2_64bit_2018-02-23/dave-ide-4.4.2-64bit/dave-ide-4.4.2-64bit/eclipse/arm-gcc-49/bin/../lib/gcc/arm-none-eabi/4.9.3/../../../../arm-none-eabi/lib/armv6-m\libnosys.a
END GROUP
START GROUP
LOAD d:/downloads/dave_4-4-2_64bit_2018-02-23/dave-ide-4.4.2-64bit/dave-ide-4.4.2-64bit/eclipse/arm-gcc-49/bin/../lib/gcc/arm-none-eabi/4.9.3/armv6-m\libgcc.a
LOAD d:/downloads/dave_4-4-2_64bit_2018-02-23/dave-ide-4.4.2-64bit/dave-ide-4.4.2-64bit/eclipse/arm-gcc-49/bin/../lib/gcc/arm-none-eabi/4.9.3/../../../../arm-none-eabi/lib/armv6-m\libc_nano.a
LOAD d:/downloads/dave_4-4-2_64bit_2018-02-23/dave-ide-4.4.2-64bit/dave-ide-4.4.2-64bit/eclipse/arm-gcc-49/bin/../lib/gcc/arm-none-eabi/4.9.3/../../../../arm-none-eabi/lib/armv6-m\libnosys.a
END GROUP
                0x00000400                stack_size = DEFINED (stack_size)?stack_size:0x400
                0x00000004                no_init_size = 0x4

.text           0x10001000     0x4470
                0x10001000                sText = .
 *(.reset)
 .reset         0x10001000       0xa0 ./Startup/startup_XMC1400.o
                0x10001000                __Vectors
                0x1000101c                Reset_Handler
                0x1000109c                SysTick_Handler
                0x1000109c                IRQ0_Handler
                0x1000109c                IRQ5_Handler
                0x1000109c                PendSV_Handler
                0x1000109c                IRQ16_Handler
                0x1000109c                HardFault_Handler
                0x1000109c                IRQ25_Handler
                0x1000109c                IRQ23_Handler
                0x1000109c                IRQ22_Handler
                0x1000109c                IRQ29_Handler
                0x1000109c                IRQ20_Handler
                0x1000109c                IRQ4_Handler
                0x1000109c                IRQ30_Handler
                0x1000109c                IRQ21_Handler
                0x1000109c                IRQ31_Handler
                0x1000109c                IRQ28_Handler
                0x1000109c                IRQ2_Handler
                0x1000109c                IRQ24_Handler
                0x1000109c                SVC_Handler
                0x1000109c                IRQ1_Handler
                0x1000109c                IRQ19_Handler
                0x1000109c                IRQ6_Handler
                0x1000109c                IRQ15_Handler
                0x1000109c                IRQ18_Handler
                0x1000109c                IRQ7_Handler
                0x1000109c                IRQ8_Handler
                0x1000109c                IRQ3_Handler
                0x1000109c                IRQ27_Handler
                0x1000109c                IRQ26_Handler
                0x1000109c                IRQ17_Handler
 *(.text .text.* .gnu.linkonce.t.*)
 .text.SystemInit
                0x100010a0       0x10 ./Startup/system_XMC1400.o
                0x100010a0                SystemInit
 .text.SystemCoreClockUpdate
                0x100010b0       0xc8 ./Startup/system_XMC1400.o
                0x100010b0                SystemCoreClockUpdate
 .text.OSCHP_GetFrequency
                0x10001178       0x10 ./Startup/system_XMC1400.o
                0x10001178                OSCHP_GetFrequency
 .text.XMC_GPIO_Init
                0x10001188      0x17c ./Libraries/XMCLib/src/xmc1_gpio.o
                0x10001188                XMC_GPIO_Init
 .text.XMC_SCU_LockProtectedBits
                0x10001304       0x14 ./Libraries/XMCLib/src/xmc1_scu.o
                0x10001304                XMC_SCU_LockProtectedBits
 .text.XMC_SCU_UnlockProtectedBits
                0x10001318       0x20 ./Libraries/XMCLib/src/xmc1_scu.o
                0x10001318                XMC_SCU_UnlockProtectedBits
 .text.XMC_SCU_CLOCK_Init
                0x10001338      0x168 ./Libraries/XMCLib/src/xmc1_scu.o
                0x10001338                XMC_SCU_CLOCK_Init
 .text.XMC_SCU_CLOCK_UngatePeripheralClock
                0x100014a0       0x34 ./Libraries/XMCLib/src/xmc1_scu.o
                0x100014a0                XMC_SCU_CLOCK_UngatePeripheralClock
 .text.XMC_SCU_CLOCK_IsPeripheralClockGated
                0x100014d4       0x24 ./Libraries/XMCLib/src/xmc1_scu.o
                0x100014d4                XMC_SCU_CLOCK_IsPeripheralClockGated
 .text.XMC_SCU_CLOCK_ScaleMCLKFrequency
                0x100014f8       0xbc ./Libraries/XMCLib/src/xmc1_scu.o
                0x100014f8                XMC_SCU_CLOCK_ScaleMCLKFrequency
 .text.XMC_SCU_CLOCK_lFrequencyUpScaling
                0x100015b4       0x54 ./Libraries/XMCLib/src/xmc1_scu.o
 .text.XMC_SCU_CLOCK_lFrequencyDownScaling
                0x10001608       0x5c ./Libraries/XMCLib/src/xmc1_scu.o
 .text.XMC_SCU_CLOCK_GetPeripheralClockFrequency
                0x10001664       0x14 ./Libraries/XMCLib/src/xmc1_scu.o
                0x10001664                XMC_SCU_CLOCK_GetPeripheralClockFrequency
 .text.XMC_SCU_SetInterruptControl
                0x10001678       0x8c ./Libraries/XMCLib/src/xmc1_scu.o
                0x10001678                XMC_SCU_SetInterruptControl
 .text.XMC_GPIO_SetMode
                0x10001704       0x90 ./Libraries/XMCLib/src/xmc_gpio.o
                0x10001704                XMC_GPIO_SetMode
 .text.XMC_GPIO_SetHardwareControl
                0x10001794       0x4c ./Libraries/XMCLib/src/xmc_gpio.o
                0x10001794                XMC_GPIO_SetHardwareControl
 .text.XMC_USIC_CH_GetTransmitBufferStatus
                0x100017e0       0x1c ./Libraries/XMCLib/src/xmc_i2c.o
 .text.XMC_I2C_CH_ClearStatusFlag
                0x100017fc       0x1c ./Libraries/XMCLib/src/xmc_i2c.o
 .text.XMC_I2C_CH_InitEx
                0x10001818       0x68 ./Libraries/XMCLib/src/xmc_i2c.o
                0x10001818                XMC_I2C_CH_InitEx
 .text.XMC_I2C_CH_SetSlaveAddress
                0x10001880       0x64 ./Libraries/XMCLib/src/xmc_i2c.o
                0x10001880                XMC_I2C_CH_SetSlaveAddress
 .text.XMC_I2C_CH_SetBaudrateEx
                0x100018e4       0xcc ./Libraries/XMCLib/src/xmc_i2c.o
                0x100018e4                XMC_I2C_CH_SetBaudrateEx
 .text.XMC_I2C_CH_MasterStart
                0x100019b0       0x80 ./Libraries/XMCLib/src/xmc_i2c.o
                0x100019b0                XMC_I2C_CH_MasterStart
 .text.XMC_I2C_CH_MasterRepeatedStart
                0x10001a30       0x80 ./Libraries/XMCLib/src/xmc_i2c.o
                0x10001a30                XMC_I2C_CH_MasterRepeatedStart
 .text.XMC_I2C_CH_MasterStop
                0x10001ab0       0x54 ./Libraries/XMCLib/src/xmc_i2c.o
                0x10001ab0                XMC_I2C_CH_MasterStop
 .text.XMC_I2C_CH_MasterTransmit
                0x10001b04       0x5c ./Libraries/XMCLib/src/xmc_i2c.o
                0x10001b04                XMC_I2C_CH_MasterTransmit
 .text.XMC_I2C_CH_MasterReceiveAck
                0x10001b60       0x54 ./Libraries/XMCLib/src/xmc_i2c.o
                0x10001b60                XMC_I2C_CH_MasterReceiveAck
 .text.XMC_I2C_CH_MasterReceiveNack
                0x10001bb4       0x54 ./Libraries/XMCLib/src/xmc_i2c.o
                0x10001bb4                XMC_I2C_CH_MasterReceiveNack
 .text.XMC_I2C_CH_GetReceivedData
                0x10001c08       0x40 ./Libraries/XMCLib/src/xmc_i2c.o
                0x10001c08                XMC_I2C_CH_GetReceivedData
 .text.XMC_I2C_CH_EnableEvent
                0x10001c48       0x38 ./Libraries/XMCLib/src/xmc_i2c.o
                0x10001c48                XMC_I2C_CH_EnableEvent
 .text.XMC_I2C_CH_DisableEvent
                0x10001c80       0x3c ./Libraries/XMCLib/src/xmc_i2c.o
                0x10001c80                XMC_I2C_CH_DisableEvent
 .text.__aeabi_uidiv
                0x10001cbc       0x50 ./Libraries/XMCLib/src/xmc_math.o
                0x10001cbc                __aeabi_uidiv
 .text.__aeabi_idiv
                0x10001d0c       0x50 ./Libraries/XMCLib/src/xmc_math.o
                0x10001d0c                __aeabi_idiv
 .text.XMC_SPI_CH_ClearStatusFlag
                0x10001d5c       0x1c ./Libraries/XMCLib/src/xmc_spi.o
 .text.XMC_SPI_CH_InitEx
                0x10001d78       0x94 ./Libraries/XMCLib/src/xmc_spi.o
                0x10001d78                XMC_SPI_CH_InitEx
 .text.XMC_SPI_CH_EnableSlaveSelect
                0x10001e0c       0x2c ./Libraries/XMCLib/src/xmc_spi.o
                0x10001e0c                XMC_SPI_CH_EnableSlaveSelect
 .text.XMC_SPI_CH_DisableSlaveSelect
                0x10001e38       0x28 ./Libraries/XMCLib/src/xmc_spi.o
                0x10001e38                XMC_SPI_CH_DisableSlaveSelect
 .text.XMC_SPI_CH_GetReceivedData
                0x10001e60       0x40 ./Libraries/XMCLib/src/xmc_spi.o
                0x10001e60                XMC_SPI_CH_GetReceivedData
 .text.XMC_SPI_CH_DisableEvent
                0x10001ea0       0x38 ./Libraries/XMCLib/src/xmc_spi.o
                0x10001ea0                XMC_SPI_CH_DisableEvent
 .text.XMC_USIC_CH_Enable
                0x10001ed8       0x78 ./Libraries/XMCLib/src/xmc_usic.o
                0x10001ed8                XMC_USIC_CH_Enable
 .text.XMC_USIC_CH_SetBaudrate
                0x10001f50       0xf4 ./Libraries/XMCLib/src/xmc_usic.o
                0x10001f50                XMC_USIC_CH_SetBaudrate
 .text.XMC_USIC_CH_SetBaudrateEx
                0x10002044      0x10c ./Libraries/XMCLib/src/xmc_usic.o
                0x10002044                XMC_USIC_CH_SetBaudrateEx
 .text.XMC_USIC_CH_TXFIFO_Configure
                0x10002150       0x5c ./Libraries/XMCLib/src/xmc_usic.o
                0x10002150                XMC_USIC_CH_TXFIFO_Configure
 .text.XMC_USIC_CH_RXFIFO_Configure
                0x100021ac       0x64 ./Libraries/XMCLib/src/xmc_usic.o
                0x100021ac                XMC_USIC_CH_RXFIFO_Configure
 .text.XMC_USIC_CH_RXFIFO_SetSizeTriggerLimit
                0x10002210       0x38 ./Libraries/XMCLib/src/xmc_usic.o
                0x10002210                XMC_USIC_CH_RXFIFO_SetSizeTriggerLimit
 .text.XMC_USIC_CH_SetInterruptNodePointer
                0x10002248       0x40 ./Libraries/XMCLib/src/xmc_usic.o
                0x10002248                XMC_USIC_CH_SetInterruptNodePointer
 .text.XMC_USIC_CH_TXFIFO_SetInterruptNodePointer
                0x10002288       0x48 ./Libraries/XMCLib/src/xmc_usic.o
                0x10002288                XMC_USIC_CH_TXFIFO_SetInterruptNodePointer
 .text.XMC_USIC_CH_RXFIFO_SetInterruptNodePointer
                0x100022d0       0x48 ./Libraries/XMCLib/src/xmc_usic.o
                0x100022d0                XMC_USIC_CH_RXFIFO_SetInterruptNodePointer
 .text.XMC_USIC_Enable
                0x10002318       0x54 ./Libraries/XMCLib/src/xmc_usic.o
                0x10002318                XMC_USIC_Enable
 .text._init    0x1000236c        0x8 ./Libraries/Newlib/syscalls.o
                0x1000236c                _init
 .text.XMC_USIC_CH_WriteToTBUFTCI
                0x10002374       0x28 ./Dave/Generated/SPI_MASTER/spi_master.o
 .text.XMC_USIC_CH_EnableEvent
                0x1000239c       0x1c ./Dave/Generated/SPI_MASTER/spi_master.o
 .text.XMC_USIC_CH_DisableEvent
                0x100023b8       0x20 ./Dave/Generated/SPI_MASTER/spi_master.o
 .text.XMC_USIC_CH_GetTransmitBufferStatus
                0x100023d8       0x1c ./Dave/Generated/SPI_MASTER/spi_master.o
 .text.XMC_USIC_CH_GetReceiveBufferStatus
                0x100023f4       0x1c ./Dave/Generated/SPI_MASTER/spi_master.o
 .text.XMC_USIC_CH_TriggerServiceRequest
                0x10002410       0x1c ./Dave/Generated/SPI_MASTER/spi_master.o
 .text.XMC_USIC_CH_TXFIFO_EnableEvent
                0x1000242c       0x28 ./Dave/Generated/SPI_MASTER/spi_master.o
 .text.XMC_USIC_CH_TXFIFO_DisableEvent
                0x10002454       0x28 ./Dave/Generated/SPI_MASTER/spi_master.o
 .text.XMC_USIC_CH_TXFIFO_PutDataHPCMode
                0x1000247c       0x28 ./Dave/Generated/SPI_MASTER/spi_master.o
 .text.XMC_USIC_CH_TXFIFO_Flush
                0x100024a4       0x1c ./Dave/Generated/SPI_MASTER/spi_master.o
 .text.XMC_USIC_CH_TXFIFO_IsFull
                0x100024c0       0x24 ./Dave/Generated/SPI_MASTER/spi_master.o
 .text.XMC_USIC_CH_TXFIFO_IsEmpty
                0x100024e4       0x24 ./Dave/Generated/SPI_MASTER/spi_master.o
 .text.XMC_USIC_CH_RXFIFO_EnableEvent
                0x10002508       0x28 ./Dave/Generated/SPI_MASTER/spi_master.o
 .text.XMC_USIC_CH_RXFIFO_DisableEvent
                0x10002530       0x28 ./Dave/Generated/SPI_MASTER/spi_master.o
 .text.XMC_USIC_CH_RXFIFO_Flush
                0x10002558       0x1c ./Dave/Generated/SPI_MASTER/spi_master.o
 .text.XMC_USIC_CH_RXFIFO_IsEmpty
                0x10002574       0x24 ./Dave/Generated/SPI_MASTER/spi_master.o
 .text.XMC_SPI_CH_SetTransmitMode
                0x10002598       0x30 ./Dave/Generated/SPI_MASTER/spi_master.o
 .text.SPI_MASTER_Init
                0x100025c8       0x28 ./Dave/Generated/SPI_MASTER/spi_master.o
                0x100025c8                SPI_MASTER_Init
 .text.SPI_MASTER_Transmit
                0x100025f0       0x48 ./Dave/Generated/SPI_MASTER/spi_master.o
                0x100025f0                SPI_MASTER_Transmit
 .text.SPI_MASTER_StartTransmitIRQ
                0x10002638      0x104 ./Dave/Generated/SPI_MASTER/spi_master.o
                0x10002638                SPI_MASTER_StartTransmitIRQ
 .text.SPI_MASTER_Transfer
                0x1000273c       0xc8 ./Dave/Generated/SPI_MASTER/spi_master.o
                0x1000273c                SPI_MASTER_Transfer
 .text.SPI_MASTER_lTransmitHandler
                0x10002804      0x1f0 ./Dave/Generated/SPI_MASTER/spi_master.o
                0x10002804                SPI_MASTER_lTransmitHandler
 .text.SPI_MASTER_lReceiveIRQ
                0x100029f4       0xbc ./Dave/Generated/SPI_MASTER/spi_master.o
 .text.SPI_MASTER_lReceiveHandler
                0x10002ab0      0x1c8 ./Dave/Generated/SPI_MASTER/spi_master.o
                0x10002ab0                SPI_MASTER_lReceiveHandler
 .text.SPI_MASTER_lFIFORead
                0x10002c78       0xd8 ./Dave/Generated/SPI_MASTER/spi_master.o
 .text.SPI_MASTER_lReconfigureRxFIFO
                0x10002d50       0x70 ./Dave/Generated/SPI_MASTER/spi_master.o
 .text.SPI_MASTER_lStdRBUFFlush
                0x10002dc0       0x20 ./Dave/Generated/SPI_MASTER/spi_master.o
 .text.__NVIC_EnableIRQ
                0x10002de0       0x34 ./Dave/Generated/SPI_MASTER/spi_master_conf.o
 .text.__NVIC_SetPriority
                0x10002e14       0xd4 ./Dave/Generated/SPI_MASTER/spi_master_conf.o
 .text.XMC_USIC_CH_SetInputSource
                0x10002ee8       0x48 ./Dave/Generated/SPI_MASTER/spi_master_conf.o
 .text.XMC_USIC_CH_SetWordLength
                0x10002f30       0x30 ./Dave/Generated/SPI_MASTER/spi_master_conf.o
 .text.XMC_USIC_CH_SetFrameLength
                0x10002f60       0x30 ./Dave/Generated/SPI_MASTER/spi_master_conf.o
 .text.XMC_USIC_CH_ConfigureShiftClockOutput
                0x10002f90       0x2c ./Dave/Generated/SPI_MASTER/spi_master_conf.o
 .text.XMC_USIC_CH_SetMode
                0x10002fbc       0x28 ./Dave/Generated/SPI_MASTER/spi_master_conf.o
 .text.XMC_SPI_CH_Init
                0x10002fe4       0x20 ./Dave/Generated/SPI_MASTER/spi_master_conf.o
 .text.XMC_SPI_CH_Start
                0x10003004       0x18 ./Dave/Generated/SPI_MASTER/spi_master_conf.o
 .text.XMC_SPI_CH_SetBitOrderMsbFirst
                0x1000301c       0x1c ./Dave/Generated/SPI_MASTER/spi_master_conf.o
 .text.XMC_SPI_CH_SetSlaveSelectDelay
                0x10003038       0x30 ./Dave/Generated/SPI_MASTER/spi_master_conf.o
 .text.XMC_SPI_CH_ConfigureShiftClockOutput
                0x10003068       0x24 ./Dave/Generated/SPI_MASTER/spi_master_conf.o
 .text.XMC_SPI_CH_SetWordLength
                0x1000308c       0x24 ./Dave/Generated/SPI_MASTER/spi_master_conf.o
 .text.XMC_SPI_CH_SetFrameLength
                0x100030b0       0x24 ./Dave/Generated/SPI_MASTER/spi_master_conf.o
 .text.XMC_SPI_CH_SetInputSource
                0x100030d4       0x58 ./Dave/Generated/SPI_MASTER/spi_master_conf.o
 .text.SPI_MASTER_0_lInit
                0x1000312c      0x170 ./Dave/Generated/SPI_MASTER/spi_master_conf.o
 .text.IRQ10_Handler
                0x1000329c       0x14 ./Dave/Generated/SPI_MASTER/spi_master_conf.o
                0x1000329c                IRQ10_Handler
 .text.IRQ9_Handler
                0x100032b0       0x14 ./Dave/Generated/SPI_MASTER/spi_master_conf.o
                0x100032b0                IRQ9_Handler
 .text.SPI_MASTER_1_lInit
                0x100032c4      0x198 ./Dave/Generated/SPI_MASTER/spi_master_conf.o
 .text.IRQ13_Handler
                0x1000345c       0x14 ./Dave/Generated/SPI_MASTER/spi_master_conf.o
                0x1000345c                IRQ13_Handler
 .text.IRQ11_Handler
                0x10003470       0x14 ./Dave/Generated/SPI_MASTER/spi_master_conf.o
                0x10003470                IRQ11_Handler
 .text.__NVIC_ClearPendingIRQ
                0x10003484       0x34 ./Dave/Generated/I2C_MASTER/i2c_master.o
 .text.XMC_USIC_CH_DisableEvent
                0x100034b8       0x20 ./Dave/Generated/I2C_MASTER/i2c_master.o
 .text.XMC_USIC_CH_GetTransmitBufferStatus
                0x100034d8       0x1c ./Dave/Generated/I2C_MASTER/i2c_master.o
 .text.XMC_USIC_CH_TriggerServiceRequest
                0x100034f4       0x1c ./Dave/Generated/I2C_MASTER/i2c_master.o
 .text.XMC_USIC_CH_TXFIFO_EnableEvent
                0x10003510       0x28 ./Dave/Generated/I2C_MASTER/i2c_master.o
 .text.XMC_USIC_CH_TXFIFO_DisableEvent
                0x10003538       0x28 ./Dave/Generated/I2C_MASTER/i2c_master.o
 .text.XMC_USIC_CH_TXFIFO_IsFull
                0x10003560       0x24 ./Dave/Generated/I2C_MASTER/i2c_master.o
 .text.XMC_USIC_CH_TXFIFO_IsEmpty
                0x10003584       0x24 ./Dave/Generated/I2C_MASTER/i2c_master.o
 .text.XMC_USIC_CH_RXFIFO_DisableEvent
                0x100035a8       0x28 ./Dave/Generated/I2C_MASTER/i2c_master.o
 .text.XMC_USIC_CH_RXFIFO_IsEmpty
                0x100035d0       0x24 ./Dave/Generated/I2C_MASTER/i2c_master.o
 .text.XMC_I2C_CH_SetInterruptNodePointer
                0x100035f4       0x24 ./Dave/Generated/I2C_MASTER/i2c_master.o
 .text.XMC_I2C_CH_GetStatusFlag
                0x10003618       0x14 ./Dave/Generated/I2C_MASTER/i2c_master.o
 .text.XMC_I2C_CH_ClearStatusFlag
                0x1000362c       0x1c ./Dave/Generated/I2C_MASTER/i2c_master.o
 .text.I2C_MASTER_SetRXFIFOTriggerLimit
                0x10003648       0x28 ./Dave/Generated/I2C_MASTER/i2c_master.o
 .text.I2C_MASTER_IsTXFIFOFull
                0x10003670       0x1c ./Dave/Generated/I2C_MASTER/i2c_master.o
 .text.I2C_MASTER_IsRXFIFOEmpty
                0x1000368c       0x1c ./Dave/Generated/I2C_MASTER/i2c_master.o
 .text.I2C_MASTER_GetReceivedByte
                0x100036a8       0x1c ./Dave/Generated/I2C_MASTER/i2c_master.o
 .text.I2C_MASTER_TransmitByte
                0x100036c4       0x24 ./Dave/Generated/I2C_MASTER/i2c_master.o
 .text.I2C_MASTER_EnableEvent
                0x100036e8       0x20 ./Dave/Generated/I2C_MASTER/i2c_master.o
 .text.I2C_MASTER_DisableEvent
                0x10003708       0x20 ./Dave/Generated/I2C_MASTER/i2c_master.o
 .text.I2C_MASTER_ReceiveACK
                0x10003728       0x18 ./Dave/Generated/I2C_MASTER/i2c_master.o
 .text.I2C_MASTER_ReceiveNACK
                0x10003740       0x18 ./Dave/Generated/I2C_MASTER/i2c_master.o
 .text.I2C_MASTER_SendStop
                0x10003758       0x24 ./Dave/Generated/I2C_MASTER/i2c_master.o
 .text.I2C_MASTER_SendStart
                0x1000377c       0x38 ./Dave/Generated/I2C_MASTER/i2c_master.o
 .text.I2C_MASTER_SendRepeatedStart
                0x100037b4       0x38 ./Dave/Generated/I2C_MASTER/i2c_master.o
 .text.calculate_minfifosize
                0x100037ec       0x28 ./Dave/Generated/I2C_MASTER/i2c_master.o
 .text.I2C_MASTER_Init
                0x10003814       0x38 ./Dave/Generated/I2C_MASTER/i2c_master.o
                0x10003814                I2C_MASTER_Init
 .text.I2C_MASTER_GetFlagStatus
                0x1000384c       0x28 ./Dave/Generated/I2C_MASTER/i2c_master.o
                0x1000384c                I2C_MASTER_GetFlagStatus
 .text.I2C_MASTER_ClearFlag
                0x10003874       0x20 ./Dave/Generated/I2C_MASTER/i2c_master.o
                0x10003874                I2C_MASTER_ClearFlag
 .text.I2C_MASTER_Transmit
                0x10003894       0x5c ./Dave/Generated/I2C_MASTER/i2c_master.o
                0x10003894                I2C_MASTER_Transmit
 .text.I2C_MASTER_TransmitHandler
                0x100038f0      0x298 ./Dave/Generated/I2C_MASTER/i2c_master.o
                0x100038f0                I2C_MASTER_TransmitHandler
 .text.I2C_MASTER_lSendStop_JumpTo_TxCallback
                0x10003b88       0x68 ./Dave/Generated/I2C_MASTER/i2c_master.o
 .text.I2C_MASTER_lSendStart_Or_RepeatedStart
                0x10003bf0       0x64 ./Dave/Generated/I2C_MASTER/i2c_master.o
 .text.I2C_MASTER_StartTransmitIRQ
                0x10003c54      0x13c ./Dave/Generated/I2C_MASTER/i2c_master.o
                0x10003c54                I2C_MASTER_StartTransmitIRQ
 .text.I2C_MASTER_ReceiveHandler
                0x10003d90      0x290 ./Dave/Generated/I2C_MASTER/i2c_master.o
                0x10003d90                I2C_MASTER_ReceiveHandler
 .text.I2C_MASTER_lSendStop_JumpTo_RxCallback
                0x10004020       0x74 ./Dave/Generated/I2C_MASTER/i2c_master.o
 .text.I2C_MASTER_ProtocolHandler
                0x10004094       0x90 ./Dave/Generated/I2C_MASTER/i2c_master.o
                0x10004094                I2C_MASTER_ProtocolHandler
 .text.I2C_MASTER_lReconfigureRxFIFO
                0x10004124       0x9c ./Dave/Generated/I2C_MASTER/i2c_master.o
 .text.__NVIC_EnableIRQ
                0x100041c0       0x34 ./Dave/Generated/I2C_MASTER/i2c_master_conf.o
 .text.__NVIC_SetPriority
                0x100041f4       0xd4 ./Dave/Generated/I2C_MASTER/i2c_master_conf.o
 .text.XMC_USIC_CH_SetInputSource
                0x100042c8       0x48 ./Dave/Generated/I2C_MASTER/i2c_master_conf.o
 .text.XMC_USIC_CH_EnableInputDigitalFilter
                0x10004310       0x34 ./Dave/Generated/I2C_MASTER/i2c_master_conf.o
 .text.XMC_USIC_CH_EnableInputSync
                0x10004344       0x34 ./Dave/Generated/I2C_MASTER/i2c_master_conf.o
 .text.XMC_USIC_CH_TXFIFO_EnableEvent
                0x10004378       0x28 ./Dave/Generated/I2C_MASTER/i2c_master_conf.o
 .text.XMC_USIC_CH_RXFIFO_EnableEvent
                0x100043a0       0x28 ./Dave/Generated/I2C_MASTER/i2c_master_conf.o
 .text.XMC_USIC_CH_SetMode
                0x100043c8       0x28 ./Dave/Generated/I2C_MASTER/i2c_master_conf.o
 .text.XMC_I2C_CH_Init
                0x100043f0       0x20 ./Dave/Generated/I2C_MASTER/i2c_master_conf.o
 .text.XMC_I2C_CH_Start
                0x10004410       0x18 ./Dave/Generated/I2C_MASTER/i2c_master_conf.o
 .text.I2C_MASTER_0_disable_io
                0x10004428       0x24 ./Dave/Generated/I2C_MASTER/i2c_master_conf.o
 .text.I2C_MASTER_0_enable_io
                0x1000444c       0x28 ./Dave/Generated/I2C_MASTER/i2c_master_conf.o
 .text.I2C_MASTER_0_init
                0x10004474      0x168 ./Dave/Generated/I2C_MASTER/i2c_master_conf.o
                0x10004474                I2C_MASTER_0_init
 .text.IRQ14_Handler
                0x100045dc       0x14 ./Dave/Generated/I2C_MASTER/i2c_master_conf.o
                0x100045dc                IRQ14_Handler
 .text.IRQ12_Handler
                0x100045f0       0x14 ./Dave/Generated/I2C_MASTER/i2c_master_conf.o
                0x100045f0                IRQ12_Handler
 .text.DIGITAL_IO_Init
                0x10004604       0x40 ./Dave/Generated/DIGITAL_IO/digital_io.o
                0x10004604                DIGITAL_IO_Init
 .text.SystemCoreSetup
                0x10004644       0x18 ./Dave/Generated/CPU_CTRL_XMC1/cpu_ctrl_xmc1_conf.o
                0x10004644                SystemCoreSetup
 .text.CLOCK_XMC1_Init
                0x1000465c       0x84 ./Dave/Generated/CLOCK_XMC1/clock_xmc1.o
                0x1000465c                CLOCK_XMC1_Init
 .text.SystemCoreClockSetup
                0x100046e0       0x24 ./Dave/Generated/CLOCK_XMC1/clock_xmc1_conf.o
                0x100046e0                SystemCoreClockSetup
 .text.DAVE_Init
                0x10004704       0x94 ./Dave/Generated/DAVE.o
                0x10004704                DAVE_Init
 .text.SPI_MASTER_EnableSlaveSelectSignal
                0x10004798       0x30 ./ADXL345.o
 .text.SPI_MASTER_DisableSlaveSelectSignal
                0x100047c8       0x18 ./ADXL345.o
 .text.Init_ADXL345
                0x100047e0       0x18 ./ADXL345.o
                0x100047e0                Init_ADXL345
 .text.Set_DataFormat
                0x100047f8       0x20 ./ADXL345.o
                0x100047f8                Set_DataFormat
 .text.Set_FIFO_CTR
                0x10004818       0x20 ./ADXL345.o
                0x10004818                Set_FIFO_CTR
 .text.PowerOn  0x10004838       0x10 ./ADXL345.o
                0x10004838                PowerOn
 .text.WriteRegister_SingleByte
                0x10004848       0x60 ./ADXL345.o
                0x10004848                WriteRegister_SingleByte
 .text.BMP180_Test
                0x100048a8       0x3c ./BMP180.o
                0x100048a8                BMP180_Test
 .text.XMC_GPIO_SetOutputLow
                0x100048e4       0x24 ./main.o
 .text.SPI_MASTER_DisableSlaveSelectSignal
                0x10004908       0x18 ./main.o
 .text.DIGITAL_IO_SetOutputLow
                0x10004920       0x20 ./main.o
 .text.main     0x10004940       0x68 ./main.o
                0x10004940                main
 .text.Nack_ISR
                0x100049a8        0x8 ./main.o
                0x100049a8                Nack_ISR
 .text.SPI_Test
                0x100049b0        0x8 ./main.o
                0x100049b0                SPI_Test
 .text.SPI_MASTER_EnableSlaveSelectSignal
                0x100049b8       0x30 ./nRF24L01+.o
 .text.SPI_MASTER_DisableSlaveSelectSignal
                0x100049e8       0x18 ./nRF24L01+.o
 .text.Init_RF24
                0x10004a00       0x84 ./nRF24L01+.o
                0x10004a00                Init_RF24
 .text.setChannel
                0x10004a84       0x5c ./nRF24L01+.o
                0x10004a84                setChannel
 .text.setRetries
                0x10004ae0       0x8c ./nRF24L01+.o
                0x10004ae0                setRetries
 .text.setRadiation
                0x10004b6c       0x88 ./nRF24L01+.o
                0x10004b6c                setRadiation
 .text.setAddressWidth
                0x10004bf4       0x80 ./nRF24L01+.o
                0x10004bf4                setAddressWidth
 .text.setFeatures
                0x10004c74       0x70 ./nRF24L01+.o
                0x10004c74                setFeatures
 .text.enableAutoACK
                0x10004ce4       0x50 ./nRF24L01+.o
                0x10004ce4                enableAutoACK
 .text.enableRXpipe
                0x10004d34       0x74 ./nRF24L01+.o
                0x10004d34                enableRXpipe
 .text.getRXpipesEnabled
                0x10004da8       0x58 ./nRF24L01+.o
                0x10004da8                getRXpipesEnabled
 .text.setPayloadSize
                0x10004e00       0x80 ./nRF24L01+.o
                0x10004e00                setPayloadSize
 .text.setRxPipeAddress
                0x10004e80       0xc4 ./nRF24L01+.o
                0x10004e80                setRxPipeAddress
 .text.setTxPipeAddress
                0x10004f44       0x9c ./nRF24L01+.o
                0x10004f44                setTxPipeAddress
 .text.resetStatus
                0x10004fe0       0x50 ./nRF24L01+.o
                0x10004fe0                resetStatus
 .text.flushTX  0x10005030       0x50 ./nRF24L01+.o
                0x10005030                flushTX
 .text.flushRX  0x10005080       0x50 ./nRF24L01+.o
                0x10005080                flushRX
 .text.PowerUP  0x100050d0       0x6c ./nRF24L01+.o
                0x100050d0                PowerUP
 .text.TX_Mode  0x1000513c       0x5c ./nRF24L01+.o
                0x1000513c                TX_Mode
 .text.getConfigRegister
                0x10005198       0x64 ./nRF24L01+.o
                0x10005198                getConfigRegister
 .text.__libc_init_array
                0x100051fc       0x4c d:/downloads/dave_4-4-2_64bit_2018-02-23/dave-ide-4.4.2-64bit/dave-ide-4.4.2-64bit/eclipse/arm-gcc-49/bin/../lib/gcc/arm-none-eabi/4.9.3/../../../../arm-none-eabi/lib/armv6-m\libg_nano.a(lib_a-init.o)
                0x100051fc                __libc_init_array
 *(.init)
 *(.fini)
 *crtbegin.o(.ctors)
 *crtbegin?.o(.ctors)
 *(EXCLUDE_FILE(*crtend.o *crtend?.o) .ctors)
 *(SORT(.ctors.*))
 *(.ctors)
 *crtbegin.o(.dtors)
 *crtbegin?.o(.dtors)
 *(EXCLUDE_FILE(*crtend.o *crtend?.o) .dtors)
 *(SORT(.dtors.*))
 *(.dtors)
 *(.rodata .rodata.*)
 .rodata.SPI_MASTER_0_MOSI
                0x10005248        0x8 ./Dave/Generated/SPI_MASTER/spi_master_conf.o
                0x10005248                SPI_MASTER_0_MOSI
 .rodata.SPI_MASTER_0_MISO
                0x10005250        0x8 ./Dave/Generated/SPI_MASTER/spi_master_conf.o
                0x10005250                SPI_MASTER_0_MISO
 .rodata.SPI_MASTER_0_SCLKOUT
                0x10005258        0x8 ./Dave/Generated/SPI_MASTER/spi_master_conf.o
                0x10005258                SPI_MASTER_0_SCLKOUT
 .rodata.SPI_MASTER_0_SCLKOUT_Config
                0x10005260       0x10 ./Dave/Generated/SPI_MASTER/spi_master_conf.o
                0x10005260                SPI_MASTER_0_SCLKOUT_Config
 .rodata.SPI_MASTER_0_SS_0
                0x10005270        0x8 ./Dave/Generated/SPI_MASTER/spi_master_conf.o
                0x10005270                SPI_MASTER_0_SS_0
 .rodata.SPI_MASTER_0_SS_0_Config
                0x10005278       0x10 ./Dave/Generated/SPI_MASTER/spi_master_conf.o
                0x10005278                SPI_MASTER_0_SS_0_Config
 .rodata.SPI_MASTER_0_Config
                0x10005288       0x8c ./Dave/Generated/SPI_MASTER/spi_master_conf.o
                0x10005288                SPI_MASTER_0_Config
 .rodata.SPI_MASTER_1_MOSI
                0x10005314        0x8 ./Dave/Generated/SPI_MASTER/spi_master_conf.o
                0x10005314                SPI_MASTER_1_MOSI
 .rodata.SPI_MASTER_1_MISO
                0x1000531c        0x8 ./Dave/Generated/SPI_MASTER/spi_master_conf.o
                0x1000531c                SPI_MASTER_1_MISO
 .rodata.SPI_MASTER_1_SCLKOUT
                0x10005324        0x8 ./Dave/Generated/SPI_MASTER/spi_master_conf.o
                0x10005324                SPI_MASTER_1_SCLKOUT
 .rodata.SPI_MASTER_1_SCLKOUT_Config
                0x1000532c       0x10 ./Dave/Generated/SPI_MASTER/spi_master_conf.o
                0x1000532c                SPI_MASTER_1_SCLKOUT_Config
 .rodata.SPI_MASTER_1_SS_0
                0x1000533c        0x8 ./Dave/Generated/SPI_MASTER/spi_master_conf.o
                0x1000533c                SPI_MASTER_1_SS_0
 .rodata.SPI_MASTER_1_SS_0_Config
                0x10005344       0x10 ./Dave/Generated/SPI_MASTER/spi_master_conf.o
                0x10005344                SPI_MASTER_1_SS_0_Config
 .rodata.SPI_MASTER_1_Config
                0x10005354       0x8c ./Dave/Generated/SPI_MASTER/spi_master_conf.o
                0x10005354                SPI_MASTER_1_Config
 .rodata.I2C_MASTER_0_sda_pin_config
                0x100053e0        0x8 ./Dave/Generated/I2C_MASTER/i2c_master_conf.o
 .rodata.I2C_MASTER_0_scl_pin_config
                0x100053e8        0x8 ./Dave/Generated/I2C_MASTER/i2c_master_conf.o
 .rodata.I2C_MASTER_0_channel_config
                0x100053f0        0x8 ./Dave/Generated/I2C_MASTER/i2c_master_conf.o
                0x100053f0                I2C_MASTER_0_channel_config
 .rodata.I2C_MASTER_0_config
                0x100053f8       0x2c ./Dave/Generated/I2C_MASTER/i2c_master_conf.o
                0x100053f8                I2C_MASTER_0_config
 .rodata.SPI_CE
                0x10005424       0x10 ./Dave/Generated/DIGITAL_IO/digital_io_conf.o
                0x10005424                SPI_CE
 .rodata        0x10005434       0x10 ./Dave/Generated/CLOCK_XMC1/clock_xmc1_conf.o
 .rodata        0x10005444       0x2c ./nRF24L01+.o
 *(.gnu.linkonce.r*)
 *(vtable)
                0x10005470                . = ALIGN (0x4)

.glue_7         0x10005470        0x0
 .glue_7        0x00000000        0x0 linker stubs

.glue_7t        0x10005470        0x0
 .glue_7t       0x00000000        0x0 linker stubs

.vfp11_veneer   0x10005470        0x0
 .vfp11_veneer  0x00000000        0x0 linker stubs

.v4_bx          0x10005470        0x0
 .v4_bx         0x00000000        0x0 linker stubs

.iplt           0x10005470        0x0
 .iplt          0x00000000        0x0 ./Startup/startup_XMC1400.o

.eh_frame_hdr
 *(.eh_frame_hdr)

.eh_frame
 *(.eh_frame)

.ARM.extab
 *(.ARM.extab* .gnu.linkonce.armextab.*)
                0x10005470                . = ALIGN (0x4)
                0x10005470                __exidx_start = .

.ARM.exidx
 *(.ARM.exidx* .gnu.linkonce.armexidx.*)
                0x10005470                __exidx_end = .
                0x10005470                . = ALIGN (0x4)

.VENEER_Code    0x2000000c      0x144 load address 0x10005470
                0x2000000c                . = ALIGN (0x4)
                0x2000000c                VeneerStart = .
 *(.XmcVeneerCode)
 .XmcVeneerCode
                0x2000000c      0x144 ./Startup/startup_XMC1400.o
                0x2000000c                HardFault_Veener
                0x2000002c                SVC_Veener
                0x20000038                PendSV_Veener
                0x2000003c                SysTick_Veener
                0x20000040                IRQ0_Veener
                0x20000044                IRQ1_Veener
                0x20000048                IRQ2_Veener
                0x2000004c                IRQ3_Veener
                0x20000050                IRQ4_Veener
                0x20000054                IRQ5_Veener
                0x20000058                IRQ6_Veener
                0x2000005c                IRQ7_Veener
                0x20000060                IRQ8_Veener
                0x20000064                IRQ9_Veener
                0x20000068                IRQ10_Veener
                0x2000006c                IRQ11_Veener
                0x20000070                IRQ12_Veener
                0x20000074                IRQ13_Veener
                0x20000078                IRQ14_Veener
                0x2000007c                IRQ15_Veener
                0x20000080                IRQ16_Veener
                0x20000084                IRQ17_Veener
                0x20000088                IRQ18_Veener
                0x2000008c                IRQ19_Veener
                0x20000090                IRQ20_Veener
                0x20000094                IRQ21_Veener
                0x20000098                IRQ22_Veener
                0x2000009c                IRQ23_Veener
                0x200000a0                IRQ24_Veener
                0x200000a4                IRQ25_Veener
                0x200000a8                IRQ26_Veener
                0x200000ac                IRQ27_Veener
                0x200000b0                IRQ28_Veener
                0x200000b4                IRQ29_Veener
                0x200000b8                IRQ30_Veener
                0x200000bc                IRQ31_Veener
                0x20000150                . = ALIGN (0x4)
                0x20000150                VeneerEnd = .
                0x10005470                eROData = LOADADDR (.VENEER_Code)
                0x00000144                VeneerSize = (ABSOLUTE (VeneerEnd) - ABSOLUTE (VeneerStart))

.rel.dyn        0x20000150        0x0 load address 0x100055b4
 .rel.iplt      0x00000000        0x0 ./Startup/startup_XMC1400.o

Stack           0x20000150      0x400 load address 0x00000000
                0x20000150                . = ALIGN (0x8)
                0x20000550                . = (. + stack_size)
 *fill*         0x20000150      0x400 
                0x20000550                __initial_sp = .

.data           0x20000550       0xd0 load address 0x100055b4
                0x20000550                . = ALIGN (0x4)
                0x20000550                __data_start = .
 *(.data)
 *(.data*)
 .data.SPI_MASTER_0_MOSI_Config
                0x20000550       0x10 ./Dave/Generated/SPI_MASTER/spi_master_conf.o
                0x20000550                SPI_MASTER_0_MOSI_Config
 .data.SPI_MASTER_0_Channel_Config
                0x20000560        0xc ./Dave/Generated/SPI_MASTER/spi_master_conf.o
                0x20000560                SPI_MASTER_0_Channel_Config
 .data.SPI_MASTER_0_runtime
                0x2000056c       0x24 ./Dave/Generated/SPI_MASTER/spi_master_conf.o
                0x2000056c                SPI_MASTER_0_runtime
 .data.SPI_MASTER_0
                0x20000590        0xc ./Dave/Generated/SPI_MASTER/spi_master_conf.o
                0x20000590                SPI_MASTER_0
 .data.SPI_MASTER_1_MOSI_Config
                0x2000059c       0x10 ./Dave/Generated/SPI_MASTER/spi_master_conf.o
                0x2000059c                SPI_MASTER_1_MOSI_Config
 .data.SPI_MASTER_1_Channel_Config
                0x200005ac        0xc ./Dave/Generated/SPI_MASTER/spi_master_conf.o
                0x200005ac                SPI_MASTER_1_Channel_Config
 .data.SPI_MASTER_1_runtime
                0x200005b8       0x24 ./Dave/Generated/SPI_MASTER/spi_master_conf.o
                0x200005b8                SPI_MASTER_1_runtime
 .data.SPI_MASTER_1
                0x200005dc        0xc ./Dave/Generated/SPI_MASTER/spi_master_conf.o
                0x200005dc                SPI_MASTER_1
 .data.I2C_MASTER_0_runtime
                0x200005e8       0x2c ./Dave/Generated/I2C_MASTER/i2c_master_conf.o
                0x200005e8                I2C_MASTER_0_runtime
 .data.I2C_MASTER_0
                0x20000614        0xc ./Dave/Generated/I2C_MASTER/i2c_master_conf.o
                0x20000614                I2C_MASTER_0
 *(*.data)
 *(.gnu.linkonce.d*)
                0x20000620                . = ALIGN (0x4)
                0x20000620                PROVIDE (__preinit_array_start, .)
 *(.preinit_array)
                0x20000620                PROVIDE (__preinit_array_end, .)
                0x20000620                . = ALIGN (0x4)
                0x20000620                PROVIDE (__init_array_start, .)
 *(SORT(.init_array.*))
 *(.init_array)
                0x20000620                PROVIDE (__init_array_end, .)
                0x20000620                . = ALIGN (0x4)
                0x20000620                PROVIDE (__fini_array_start, .)
 *(SORT(.fini_array.*))
 *(.fini_array)
                0x20000620                PROVIDE (__fini_array_end, .)
                0x20000620                . = ALIGN (0x4)
                0x20000620                __data_end = .
                0x100055b4                DataLoadAddr = LOADADDR (.data)
                0x000000d0                __data_size = (__data_end - __data_start)

.igot.plt       0x20000620        0x0 load address 0x10005684
 .igot.plt      0x00000000        0x0 ./Startup/startup_XMC1400.o

.ram_code       0x20000620        0x0 load address 0x10005684
                0x20000620                . = ALIGN (0x4)
                0x20000620                __ram_code_start = .
 *(.ram_code)
                0x20000620                . = ALIGN (0x4)
                0x20000620                __ram_code_end = .
                0x10005684                __ram_code_load = LOADADDR (.ram_code)
                0x00000000                __ram_code_size = (__ram_code_end - __ram_code_start)
                0x00004684                __text_size = ((((__exidx_end - sText) + VeneerSize) + __data_size) + __ram_code_size)
                0x10005684                eText = (sText + __text_size)

.bss            0x20000620       0xf8 load address 0x10005684
                0x20000620                . = ALIGN (0x4)
                0x20000620                __bss_start = .
 *(.bss)
 *(.bss*)
 .bss.IDIV.5134
                0x20000620        0x4 ./Startup/system_XMC1400.o
 .bss.FDIV.5135
                0x20000624        0x4 ./Startup/system_XMC1400.o
 .bss.SPI_MASTER_0_MISO_Config
                0x20000628       0x10 ./Dave/Generated/SPI_MASTER/spi_master_conf.o
                0x20000628                SPI_MASTER_0_MISO_Config
 .bss.SPI_MASTER_1_MISO_Config
                0x20000638       0x10 ./Dave/Generated/SPI_MASTER/spi_master_conf.o
                0x20000638                SPI_MASTER_1_MISO_Config
 .bss.CLOCK_XMC1_0
                0x20000648        0x4 ./Dave/Generated/CLOCK_XMC1/clock_xmc1_conf.o
                0x20000648                CLOCK_XMC1_0
 *(COMMON)
 COMMON         0x2000064c       0x40 ./ADXL345.o
                0x2000064c                ADXL345_DataSent
                0x2000066c                ADXL345_DataRead
 COMMON         0x2000068c       0x40 ./BMP180.o
                0x2000068c                BMP180_DataRead
                0x200006ac                BMP180_DataSent
 COMMON         0x200006cc       0x45 ./main.o
                0x200006cc                NRF24ReadData
                0x200006ec                Config_Regiter
                0x200006f0                NRF24SendData
                0x20000710                Status_reg
 *(.gnu.linkonce.b*)
                0x20000714                . = ALIGN (0x4)
 *fill*         0x20000711        0x3 
                0x20000714                __bss_end = .
                0x20000718                . = ALIGN (0x8)
 *fill*         0x20000714        0x4 
                0x20000718                Heap_Bank1_Start = .
                0x000000f4                __bss_size = (__bss_end - __bss_start)

.no_init        0x20003ffc        0x4 load address 0x00003eac
                0x20003ffc                Heap_Bank1_End = .
 *(.no_init)
 .no_init       0x20003ffc        0x4 ./Startup/system_XMC1400.o
                0x20003ffc                SystemCoreClock
                0x000038e4                Heap_Bank1_Size = (Heap_Bank1_End - Heap_Bank1_Start)
                0x00000001                ASSERT ((Heap_Bank1_Start <= Heap_Bank1_End), region SRAM overflowed no_init section)

/DISCARD/
 *(.comment)

.stab
 *(.stab)

.stabstr
 *(.stabstr)

.debug
 *(.debug)

.line
 *(.line)

.debug_srcinfo
 *(.debug_srcinfo)

.debug_sfnames
 *(.debug_sfnames)

.debug_aranges  0x00000000      0xcf8
 *(.debug_aranges)
 .debug_aranges
                0x00000000       0x28 ./Startup/startup_XMC1400.o
 .debug_aranges
                0x00000028       0x40 ./Startup/system_XMC1400.o
 .debug_aranges
                0x00000068       0x28 ./Libraries/XMCLib/src/xmc1_gpio.o
 .debug_aranges
                0x00000090      0x160 ./Libraries/XMCLib/src/xmc1_scu.o
 .debug_aranges
                0x000001f0       0x28 ./Libraries/XMCLib/src/xmc_gpio.o
 .debug_aranges
                0x00000218       0xb0 ./Libraries/XMCLib/src/xmc_i2c.o
 .debug_aranges
                0x000002c8       0xf0 ./Libraries/XMCLib/src/xmc_math.o
 .debug_aranges
                0x000003b8       0x88 ./Libraries/XMCLib/src/xmc_spi.o
 .debug_aranges
                0x00000440       0xb8 ./Libraries/XMCLib/src/xmc_usic.o
 .debug_aranges
                0x000004f8       0x28 ./Libraries/Newlib/syscalls.o
 .debug_aranges
                0x00000520      0x180 ./Dave/Generated/SPI_MASTER/spi_master.o
 .debug_aranges
                0x000006a0       0xc0 ./Dave/Generated/SPI_MASTER/spi_master_conf.o
 .debug_aranges
                0x00000760      0x1b0 ./Dave/Generated/I2C_MASTER/i2c_master.o
 .debug_aranges
                0x00000910       0x90 ./Dave/Generated/I2C_MASTER/i2c_master_conf.o
 .debug_aranges
                0x000009a0       0x28 ./Dave/Generated/DIGITAL_IO/digital_io.o
 .debug_aranges
                0x000009c8       0x18 ./Dave/Generated/DIGITAL_IO/digital_io_conf.o
 .debug_aranges
                0x000009e0       0x20 ./Dave/Generated/CPU_CTRL_XMC1/cpu_ctrl_xmc1_conf.o
 .debug_aranges
                0x00000a00       0x30 ./Dave/Generated/CLOCK_XMC1/clock_xmc1.o
 .debug_aranges
                0x00000a30       0x20 ./Dave/Generated/CLOCK_XMC1/clock_xmc1_conf.o
 .debug_aranges
                0x00000a50       0x20 ./Dave/Generated/DAVE.o
 .debug_aranges
                0x00000a70       0xa8 ./ADXL345.o
 .debug_aranges
                0x00000b18       0x20 ./BMP180.o
 .debug_aranges
                0x00000b38       0x58 ./main.o
 .debug_aranges
                0x00000b90      0x168 ./nRF24L01+.o

.debug_pubnames
 *(.debug_pubnames)

.debug_pubtypes
 *(.debug_pubtypes)

.debug_info     0x00000000    0x12f09
 *(.debug_info .gnu.linkonce.wi.*)
 .debug_info    0x00000000       0x6d ./Startup/startup_XMC1400.o
 .debug_info    0x0000006d      0x617 ./Startup/system_XMC1400.o
 .debug_info    0x00000684      0x4f1 ./Libraries/XMCLib/src/xmc1_gpio.o
 .debug_info    0x00000b75     0x15df ./Libraries/XMCLib/src/xmc1_scu.o
 .debug_info    0x00002154      0x484 ./Libraries/XMCLib/src/xmc_gpio.o
 .debug_info    0x000025d8      0xb7a ./Libraries/XMCLib/src/xmc_i2c.o
 .debug_info    0x00003152      0xd46 ./Libraries/XMCLib/src/xmc_math.o
 .debug_info    0x00003e98      0xb38 ./Libraries/XMCLib/src/xmc_spi.o
 .debug_info    0x000049d0      0xe34 ./Libraries/XMCLib/src/xmc_usic.o
 .debug_info    0x00005804      0x11f ./Libraries/Newlib/syscalls.o
 .debug_info    0x00005923     0x1d53 ./Dave/Generated/SPI_MASTER/spi_master.o
 .debug_info    0x00007676     0x1c6a ./Dave/Generated/SPI_MASTER/spi_master_conf.o
 .debug_info    0x000092e0     0x19b2 ./Dave/Generated/I2C_MASTER/i2c_master.o
 .debug_info    0x0000ac92     0x1598 ./Dave/Generated/I2C_MASTER/i2c_master_conf.o
 .debug_info    0x0000c22a      0x5a6 ./Dave/Generated/DIGITAL_IO/digital_io.o
 .debug_info    0x0000c7d0      0x4e1 ./Dave/Generated/DIGITAL_IO/digital_io_conf.o
 .debug_info    0x0000ccb1      0x34b ./Dave/Generated/CPU_CTRL_XMC1/cpu_ctrl_xmc1_conf.o
 .debug_info    0x0000cffc      0x2d2 ./Dave/Generated/CLOCK_XMC1/clock_xmc1.o
 .debug_info    0x0000d2ce      0x35e ./Dave/Generated/CLOCK_XMC1/clock_xmc1_conf.o
 .debug_info    0x0000d62c     0x1344 ./Dave/Generated/DAVE.o
 .debug_info    0x0000e970     0x1241 ./ADXL345.o
 .debug_info    0x0000fbb1      0x9c9 ./BMP180.o
 .debug_info    0x0001057a     0x11f3 ./main.o
 .debug_info    0x0001176d     0x179c ./nRF24L01+.o

.debug_abbrev   0x00000000     0x2a80
 *(.debug_abbrev)
 .debug_abbrev  0x00000000       0x12 ./Startup/startup_XMC1400.o
 .debug_abbrev  0x00000012      0x165 ./Startup/system_XMC1400.o
 .debug_abbrev  0x00000177      0x108 ./Libraries/XMCLib/src/xmc1_gpio.o
 .debug_abbrev  0x0000027f      0x2b2 ./Libraries/XMCLib/src/xmc1_scu.o
 .debug_abbrev  0x00000531      0x108 ./Libraries/XMCLib/src/xmc_gpio.o
 .debug_abbrev  0x00000639      0x29e ./Libraries/XMCLib/src/xmc_i2c.o
 .debug_abbrev  0x000008d7      0x2a9 ./Libraries/XMCLib/src/xmc_math.o
 .debug_abbrev  0x00000b80      0x268 ./Libraries/XMCLib/src/xmc_spi.o
 .debug_abbrev  0x00000de8      0x23b ./Libraries/XMCLib/src/xmc_usic.o
 .debug_abbrev  0x00001023       0xbd ./Libraries/Newlib/syscalls.o
 .debug_abbrev  0x000010e0      0x276 ./Dave/Generated/SPI_MASTER/spi_master.o
 .debug_abbrev  0x00001356      0x22f ./Dave/Generated/SPI_MASTER/spi_master_conf.o
 .debug_abbrev  0x00001585      0x2e2 ./Dave/Generated/I2C_MASTER/i2c_master.o
 .debug_abbrev  0x00001867      0x22b ./Dave/Generated/I2C_MASTER/i2c_master_conf.o
 .debug_abbrev  0x00001a92      0x126 ./Dave/Generated/DIGITAL_IO/digital_io.o
 .debug_abbrev  0x00001bb8       0xdb ./Dave/Generated/DIGITAL_IO/digital_io_conf.o
 .debug_abbrev  0x00001c93      0x119 ./Dave/Generated/CPU_CTRL_XMC1/cpu_ctrl_xmc1_conf.o
 .debug_abbrev  0x00001dac      0x10b ./Dave/Generated/CLOCK_XMC1/clock_xmc1.o
 .debug_abbrev  0x00001eb7      0x12b ./Dave/Generated/CLOCK_XMC1/clock_xmc1_conf.o
 .debug_abbrev  0x00001fe2      0x1a0 ./Dave/Generated/DAVE.o
 .debug_abbrev  0x00002182      0x23c ./ADXL345.o
 .debug_abbrev  0x000023be      0x197 ./BMP180.o
 .debug_abbrev  0x00002555      0x238 ./main.o
 .debug_abbrev  0x0000278d      0x2f3 ./nRF24L01+.o

.debug_line     0x00000000     0x60ed
 *(.debug_line)
 .debug_line    0x00000000       0xe2 ./Startup/startup_XMC1400.o
 .debug_line    0x000000e2      0x27b ./Startup/system_XMC1400.o
 .debug_line    0x0000035d      0x23d ./Libraries/XMCLib/src/xmc1_gpio.o
 .debug_line    0x0000059a      0x666 ./Libraries/XMCLib/src/xmc1_scu.o
 .debug_line    0x00000c00      0x230 ./Libraries/XMCLib/src/xmc_gpio.o
 .debug_line    0x00000e30      0x3ff ./Libraries/XMCLib/src/xmc_i2c.o
 .debug_line    0x0000122f      0x571 ./Libraries/XMCLib/src/xmc_math.o
 .debug_line    0x000017a0      0x3f0 ./Libraries/XMCLib/src/xmc_spi.o
 .debug_line    0x00001b90      0x523 ./Libraries/XMCLib/src/xmc_usic.o
 .debug_line    0x000020b3       0xf5 ./Libraries/Newlib/syscalls.o
 .debug_line    0x000021a8      0x87c ./Dave/Generated/SPI_MASTER/spi_master.o
 .debug_line    0x00002a24      0x4c5 ./Dave/Generated/SPI_MASTER/spi_master_conf.o
 .debug_line    0x00002ee9      0x8f7 ./Dave/Generated/I2C_MASTER/i2c_master.o
 .debug_line    0x000037e0      0x426 ./Dave/Generated/I2C_MASTER/i2c_master_conf.o
 .debug_line    0x00003c06      0x28f ./Dave/Generated/DIGITAL_IO/digital_io.o
 .debug_line    0x00003e95      0x224 ./Dave/Generated/DIGITAL_IO/digital_io_conf.o
 .debug_line    0x000040b9      0x24a ./Dave/Generated/CPU_CTRL_XMC1/cpu_ctrl_xmc1_conf.o
 .debug_line    0x00004303      0x2bd ./Dave/Generated/CLOCK_XMC1/clock_xmc1.o
 .debug_line    0x000045c0      0x294 ./Dave/Generated/CLOCK_XMC1/clock_xmc1_conf.o
 .debug_line    0x00004854      0x3d3 ./Dave/Generated/DAVE.o
 .debug_line    0x00004c27      0x459 ./ADXL345.o
 .debug_line    0x00005080      0x2fc ./BMP180.o
 .debug_line    0x0000537c      0x469 ./main.o
 .debug_line    0x000057e5      0x908 ./nRF24L01+.o

.debug_frame    0x00000000     0x2c24
 *(.debug_frame)
 .debug_frame   0x00000000       0x9c ./Startup/system_XMC1400.o
 .debug_frame   0x0000009c       0x58 ./Libraries/XMCLib/src/xmc1_gpio.o
 .debug_frame   0x000000f4      0x53c ./Libraries/XMCLib/src/xmc1_scu.o
 .debug_frame   0x00000630       0x54 ./Libraries/XMCLib/src/xmc_gpio.o
 .debug_frame   0x00000684      0x274 ./Libraries/XMCLib/src/xmc_i2c.o
 .debug_frame   0x000008f8      0x380 ./Libraries/XMCLib/src/xmc_math.o
 .debug_frame   0x00000c78      0x1d4 ./Libraries/XMCLib/src/xmc_spi.o
 .debug_frame   0x00000e4c      0x29c ./Libraries/XMCLib/src/xmc_usic.o
 .debug_frame   0x000010e8       0x4c ./Libraries/Newlib/syscalls.o
 .debug_frame   0x00001134      0x5e0 ./Dave/Generated/SPI_MASTER/spi_master.o
 .debug_frame   0x00001714      0x2a8 ./Dave/Generated/SPI_MASTER/spi_master_conf.o
 .debug_frame   0x000019bc      0x684 ./Dave/Generated/I2C_MASTER/i2c_master.o
 .debug_frame   0x00002040      0x1e8 ./Dave/Generated/I2C_MASTER/i2c_master_conf.o
 .debug_frame   0x00002228       0x50 ./Dave/Generated/DIGITAL_IO/digital_io.o
 .debug_frame   0x00002278       0x2c ./Dave/Generated/CPU_CTRL_XMC1/cpu_ctrl_xmc1_conf.o
 .debug_frame   0x000022a4       0x70 ./Dave/Generated/CLOCK_XMC1/clock_xmc1.o
 .debug_frame   0x00002314       0x34 ./Dave/Generated/CLOCK_XMC1/clock_xmc1_conf.o
 .debug_frame   0x00002348       0x34 ./Dave/Generated/DAVE.o
 .debug_frame   0x0000237c      0x23c ./ADXL345.o
 .debug_frame   0x000025b8       0x34 ./BMP180.o
 .debug_frame   0x000025ec      0x108 ./main.o
 .debug_frame   0x000026f4      0x504 ./nRF24L01+.o
 .debug_frame   0x00002bf8       0x2c d:/downloads/dave_4-4-2_64bit_2018-02-23/dave-ide-4.4.2-64bit/dave-ide-4.4.2-64bit/eclipse/arm-gcc-49/bin/../lib/gcc/arm-none-eabi/4.9.3/../../../../arm-none-eabi/lib/armv6-m\libg_nano.a(lib_a-init.o)

.debug_str      0x00000000     0x7ce5
 *(.debug_str)
 .debug_str     0x00000000      0x3d3 ./Startup/system_XMC1400.o
                                0x419 (size before relaxing)
 .debug_str     0x000003d3      0x696 ./Libraries/XMCLib/src/xmc1_gpio.o
                                0x8e0 (size before relaxing)
 .debug_str     0x00000a69     0x1fe0 ./Libraries/XMCLib/src/xmc1_scu.o
                               0x23e3 (size before relaxing)
 .debug_str     0x00002a49       0xca ./Libraries/XMCLib/src/xmc_gpio.o
                                0x82e (size before relaxing)
 .debug_str     0x00002b13      0xa79 ./Libraries/XMCLib/src/xmc_i2c.o
                                0xcf3 (size before relaxing)
 .debug_str     0x0000358c      0x701 ./Libraries/XMCLib/src/xmc_math.o
                                0x984 (size before relaxing)
 .debug_str     0x00003c8d      0x7da ./Libraries/XMCLib/src/xmc_spi.o
                                0xd79 (size before relaxing)
 .debug_str     0x00004467      0xb08 ./Libraries/XMCLib/src/xmc_usic.o
                               0x114b (size before relaxing)
 .debug_str     0x00004f6f       0x6f ./Libraries/Newlib/syscalls.o
                                0x1e7 (size before relaxing)
 .debug_str     0x00004fde     0x13af ./Dave/Generated/SPI_MASTER/spi_master.o
                               0x24bc (size before relaxing)
 .debug_str     0x0000638d      0x549 ./Dave/Generated/SPI_MASTER/spi_master_conf.o
                               0x34a4 (size before relaxing)
 .debug_str     0x000068d6      0x948 ./Dave/Generated/I2C_MASTER/i2c_master.o
                               0x199b (size before relaxing)
 .debug_str     0x0000721e      0x1ae ./Dave/Generated/I2C_MASTER/i2c_master_conf.o
                               0x29c3 (size before relaxing)
 .debug_str     0x000073cc       0xdf ./Dave/Generated/DIGITAL_IO/digital_io.o
                                0xa1a (size before relaxing)
 .debug_str     0x000074ab       0x36 ./Dave/Generated/DIGITAL_IO/digital_io_conf.o
                                0x962 (size before relaxing)
 .debug_str     0x000074e1       0x6f ./Dave/Generated/CPU_CTRL_XMC1/cpu_ctrl_xmc1_conf.o
                                0x31b (size before relaxing)
 .debug_str     0x00007550      0x144 ./Dave/Generated/CLOCK_XMC1/clock_xmc1.o
                                0x3bf (size before relaxing)
 .debug_str     0x00007694       0x50 ./Dave/Generated/CLOCK_XMC1/clock_xmc1_conf.o
                                0x5f7 (size before relaxing)
 .debug_str     0x000076e4       0x65 ./Dave/Generated/DAVE.o
                               0x1aa8 (size before relaxing)
 .debug_str     0x00007749      0x23f ./ADXL345.o
                               0x1ad3 (size before relaxing)
 .debug_str     0x00007988       0x38 ./BMP180.o
                                0xceb (size before relaxing)
 .debug_str     0x000079c0       0xb3 ./main.o
                               0x1a5e (size before relaxing)
 .debug_str     0x00007a73      0x272 ./nRF24L01+.o
                               0x1d20 (size before relaxing)

.debug_loc      0x00000000     0x480e
 *(.debug_loc)
 .debug_loc     0x00000000       0xdc ./Startup/system_XMC1400.o
 .debug_loc     0x000000dc       0x70 ./Libraries/XMCLib/src/xmc1_gpio.o
 .debug_loc     0x0000014c      0x876 ./Libraries/XMCLib/src/xmc1_scu.o
 .debug_loc     0x000009c2       0x70 ./Libraries/XMCLib/src/xmc_gpio.o
 .debug_loc     0x00000a32      0x428 ./Libraries/XMCLib/src/xmc_i2c.o
 .debug_loc     0x00000e5a      0x5ec ./Libraries/XMCLib/src/xmc_math.o
 .debug_loc     0x00001446      0x312 ./Libraries/XMCLib/src/xmc_spi.o
 .debug_loc     0x00001758      0x462 ./Libraries/XMCLib/src/xmc_usic.o
 .debug_loc     0x00001bba       0x64 ./Libraries/Newlib/syscalls.o
 .debug_loc     0x00001c1e      0x9d8 ./Dave/Generated/SPI_MASTER/spi_master.o
 .debug_loc     0x000025f6      0x468 ./Dave/Generated/SPI_MASTER/spi_master_conf.o
 .debug_loc     0x00002a5e      0xb28 ./Dave/Generated/I2C_MASTER/i2c_master.o
 .debug_loc     0x00003586      0x318 ./Dave/Generated/I2C_MASTER/i2c_master_conf.o
 .debug_loc     0x0000389e       0x70 ./Dave/Generated/DIGITAL_IO/digital_io.o
 .debug_loc     0x0000390e       0x2c ./Dave/Generated/CPU_CTRL_XMC1/cpu_ctrl_xmc1_conf.o
 .debug_loc     0x0000393a       0xa8 ./Dave/Generated/CLOCK_XMC1/clock_xmc1.o
 .debug_loc     0x000039e2       0x38 ./Dave/Generated/CLOCK_XMC1/clock_xmc1_conf.o
 .debug_loc     0x00003a1a       0x38 ./Dave/Generated/DAVE.o
 .debug_loc     0x00003a52      0x3b4 ./ADXL345.o
 .debug_loc     0x00003e06       0x38 ./BMP180.o
 .debug_loc     0x00003e3e      0x19c ./main.o
 .debug_loc     0x00003fda      0x834 ./nRF24L01+.o

.debug_macinfo
 *(.debug_macinfo)

.debug_ranges   0x00000000      0xb78
 *(.debug_ranges)
 .debug_ranges  0x00000000       0x20 ./Startup/startup_XMC1400.o
 .debug_ranges  0x00000020       0x30 ./Startup/system_XMC1400.o
 .debug_ranges  0x00000050       0x18 ./Libraries/XMCLib/src/xmc1_gpio.o
 .debug_ranges  0x00000068      0x150 ./Libraries/XMCLib/src/xmc1_scu.o
 .debug_ranges  0x000001b8       0x18 ./Libraries/XMCLib/src/xmc_gpio.o
 .debug_ranges  0x000001d0       0xa0 ./Libraries/XMCLib/src/xmc_i2c.o
 .debug_ranges  0x00000270       0xe0 ./Libraries/XMCLib/src/xmc_math.o
 .debug_ranges  0x00000350       0x78 ./Libraries/XMCLib/src/xmc_spi.o
 .debug_ranges  0x000003c8       0xa8 ./Libraries/XMCLib/src/xmc_usic.o
 .debug_ranges  0x00000470       0x18 ./Libraries/Newlib/syscalls.o
 .debug_ranges  0x00000488      0x170 ./Dave/Generated/SPI_MASTER/spi_master.o
 .debug_ranges  0x000005f8       0xb0 ./Dave/Generated/SPI_MASTER/spi_master_conf.o
 .debug_ranges  0x000006a8      0x1a0 ./Dave/Generated/I2C_MASTER/i2c_master.o
 .debug_ranges  0x00000848       0x80 ./Dave/Generated/I2C_MASTER/i2c_master_conf.o
 .debug_ranges  0x000008c8       0x18 ./Dave/Generated/DIGITAL_IO/digital_io.o
 .debug_ranges  0x000008e0       0x10 ./Dave/Generated/CPU_CTRL_XMC1/cpu_ctrl_xmc1_conf.o
 .debug_ranges  0x000008f0       0x20 ./Dave/Generated/CLOCK_XMC1/clock_xmc1.o
 .debug_ranges  0x00000910       0x10 ./Dave/Generated/CLOCK_XMC1/clock_xmc1_conf.o
 .debug_ranges  0x00000920       0x10 ./Dave/Generated/DAVE.o
 .debug_ranges  0x00000930       0x98 ./ADXL345.o
 .debug_ranges  0x000009c8       0x10 ./BMP180.o
 .debug_ranges  0x000009d8       0x48 ./main.o
 .debug_ranges  0x00000a20      0x158 ./nRF24L01+.o

.debug_weaknames
 *(.debug_weaknames)

.debug_funcnames
 *(.debug_funcnames)

.debug_typenames
 *(.debug_typenames)

.debug_varnames
 *(.debug_varnames)

.build_attributes
                0x00000000      0x4b4
 *(.ARM.attributes)
 .ARM.attributes
                0x00000000       0x21 ./Startup/startup_XMC1400.o
 .ARM.attributes
                0x00000021       0x31 ./Startup/system_XMC1400.o
 .ARM.attributes
                0x00000052       0x31 ./Libraries/XMCLib/src/xmc1_gpio.o
 .ARM.attributes
                0x00000083       0x31 ./Libraries/XMCLib/src/xmc1_scu.o
 .ARM.attributes
                0x000000b4       0x31 ./Libraries/XMCLib/src/xmc_gpio.o
 .ARM.attributes
                0x000000e5       0x31 ./Libraries/XMCLib/src/xmc_i2c.o
 .ARM.attributes
                0x00000116       0x31 ./Libraries/XMCLib/src/xmc_math.o
 .ARM.attributes
                0x00000147       0x31 ./Libraries/XMCLib/src/xmc_spi.o
 .ARM.attributes
                0x00000178       0x31 ./Libraries/XMCLib/src/xmc_usic.o
 .ARM.attributes
                0x000001a9       0x31 ./Libraries/Newlib/syscalls.o
 .ARM.attributes
                0x000001da       0x31 ./Dave/Generated/SPI_MASTER/spi_master.o
 .ARM.attributes
                0x0000020b       0x31 ./Dave/Generated/SPI_MASTER/spi_master_conf.o
 .ARM.attributes
                0x0000023c       0x31 ./Dave/Generated/I2C_MASTER/i2c_master.o
 .ARM.attributes
                0x0000026d       0x31 ./Dave/Generated/I2C_MASTER/i2c_master_conf.o
 .ARM.attributes
                0x0000029e       0x31 ./Dave/Generated/DIGITAL_IO/digital_io.o
 .ARM.attributes
                0x000002cf       0x31 ./Dave/Generated/DIGITAL_IO/digital_io_conf.o
 .ARM.attributes
                0x00000300       0x31 ./Dave/Generated/CPU_CTRL_XMC1/cpu_ctrl_xmc1_conf.o
 .ARM.attributes
                0x00000331       0x31 ./Dave/Generated/CLOCK_XMC1/clock_xmc1.o
 .ARM.attributes
                0x00000362       0x31 ./Dave/Generated/CLOCK_XMC1/clock_xmc1_conf.o
 .ARM.attributes
                0x00000393       0x31 ./Dave/Generated/DAVE.o
 .ARM.attributes
                0x000003c4       0x31 ./ADXL345.o
 .ARM.attributes
                0x000003f5       0x31 ./BMP180.o
 .ARM.attributes
                0x00000426       0x31 ./main.o
 .ARM.attributes
                0x00000457       0x31 ./nRF24L01+.o
 .ARM.attributes
                0x00000488       0x2c d:/downloads/dave_4-4-2_64bit_2018-02-23/dave-ide-4.4.2-64bit/dave-ide-4.4.2-64bit/eclipse/arm-gcc-49/bin/../lib/gcc/arm-none-eabi/4.9.3/../../../../arm-none-eabi/lib/armv6-m\libg_nano.a(lib_a-init.o)
OUTPUT(RoverX.elf elf32-littlearm)
